******************************************************************************
                  MSP430 Linker PC v4.3.3                      
******************************************************************************
>> Linked Mon Mar 21 15:34:01 2016

OUTPUT FILE NAME:   <Lab06-1 SD_Card.out>
ENTRY POINT SYMBOL: "_c_int00"  address: 0000454c


MEMORY CONFIGURATION

         name            origin    length      used     unused   attr    fill
----------------------  --------  ---------  --------  --------  ----  --------
  SFR                   00000000   00000010  00000000  00000010  RWIX
  PERIPHERALS_8BIT      00000010   000000f0  00000000  000000f0  RWIX
  PERIPHERALS_16BIT     00000100   00000100  00000000  00000100  RWIX
  INFOD                 00001800   00000080  00000000  00000080  RWIX
  INFOC                 00001880   00000080  00000000  00000080  RWIX
  INFOB                 00001900   00000080  00000000  00000080  RWIX
  INFOA                 00001980   00000080  00000000  00000080  RWIX
  USBRAM                00001c00   00000800  00000000  00000800  RWIX
  RAM                   00002400   00002000  00000509  00001af7  RWIX
  FLASH                 00004400   0000bb80  00003af6  0000808a  RWIX
  INT00                 0000ff80   00000002  00000000  00000002  RWIX
  INT01                 0000ff82   00000002  00000000  00000002  RWIX
  INT02                 0000ff84   00000002  00000000  00000002  RWIX
  INT03                 0000ff86   00000002  00000000  00000002  RWIX
  INT04                 0000ff88   00000002  00000000  00000002  RWIX
  INT05                 0000ff8a   00000002  00000000  00000002  RWIX
  INT06                 0000ff8c   00000002  00000000  00000002  RWIX
  INT07                 0000ff8e   00000002  00000000  00000002  RWIX
  INT08                 0000ff90   00000002  00000000  00000002  RWIX
  INT09                 0000ff92   00000002  00000000  00000002  RWIX
  INT10                 0000ff94   00000002  00000000  00000002  RWIX
  INT11                 0000ff96   00000002  00000000  00000002  RWIX
  INT12                 0000ff98   00000002  00000000  00000002  RWIX
  INT13                 0000ff9a   00000002  00000000  00000002  RWIX
  INT14                 0000ff9c   00000002  00000000  00000002  RWIX
  INT15                 0000ff9e   00000002  00000000  00000002  RWIX
  INT16                 0000ffa0   00000002  00000000  00000002  RWIX
  INT17                 0000ffa2   00000002  00000000  00000002  RWIX
  INT18                 0000ffa4   00000002  00000000  00000002  RWIX
  INT19                 0000ffa6   00000002  00000000  00000002  RWIX
  INT20                 0000ffa8   00000002  00000000  00000002  RWIX
  INT21                 0000ffaa   00000002  00000000  00000002  RWIX
  INT22                 0000ffac   00000002  00000000  00000002  RWIX
  INT23                 0000ffae   00000002  00000000  00000002  RWIX
  INT24                 0000ffb0   00000002  00000000  00000002  RWIX
  INT25                 0000ffb2   00000002  00000000  00000002  RWIX
  INT26                 0000ffb4   00000002  00000000  00000002  RWIX
  INT27                 0000ffb6   00000002  00000000  00000002  RWIX
  INT28                 0000ffb8   00000002  00000000  00000002  RWIX
  INT29                 0000ffba   00000002  00000000  00000002  RWIX
  INT30                 0000ffbc   00000002  00000000  00000002  RWIX
  INT31                 0000ffbe   00000002  00000000  00000002  RWIX
  INT32                 0000ffc0   00000002  00000000  00000002  RWIX
  INT33                 0000ffc2   00000002  00000000  00000002  RWIX
  INT34                 0000ffc4   00000002  00000000  00000002  RWIX
  INT35                 0000ffc6   00000002  00000000  00000002  RWIX
  INT36                 0000ffc8   00000002  00000000  00000002  RWIX
  INT37                 0000ffca   00000002  00000000  00000002  RWIX
  INT38                 0000ffcc   00000002  00000000  00000002  RWIX
  INT39                 0000ffce   00000002  00000000  00000002  RWIX
  INT40                 0000ffd0   00000002  00000000  00000002  RWIX
  INT41                 0000ffd2   00000002  00000002  00000000  RWIX
  INT42                 0000ffd4   00000002  00000002  00000000  RWIX
  INT43                 0000ffd6   00000002  00000002  00000000  RWIX
  INT44                 0000ffd8   00000002  00000002  00000000  RWIX
  INT45                 0000ffda   00000002  00000002  00000000  RWIX
  INT46                 0000ffdc   00000002  00000002  00000000  RWIX
  INT47                 0000ffde   00000002  00000002  00000000  RWIX
  INT48                 0000ffe0   00000002  00000002  00000000  RWIX
  INT49                 0000ffe2   00000002  00000002  00000000  RWIX
  INT50                 0000ffe4   00000002  00000002  00000000  RWIX
  INT51                 0000ffe6   00000002  00000002  00000000  RWIX
  INT52                 0000ffe8   00000002  00000002  00000000  RWIX
  INT53                 0000ffea   00000002  00000002  00000000  RWIX
  INT54                 0000ffec   00000002  00000002  00000000  RWIX
  INT55                 0000ffee   00000002  00000002  00000000  RWIX
  INT56                 0000fff0   00000002  00000002  00000000  RWIX
  INT57                 0000fff2   00000002  00000002  00000000  RWIX
  INT58                 0000fff4   00000002  00000002  00000000  RWIX
  INT59                 0000fff6   00000002  00000002  00000000  RWIX
  INT60                 0000fff8   00000002  00000002  00000000  RWIX
  INT61                 0000fffa   00000002  00000002  00000000  RWIX
  INT62                 0000fffc   00000002  00000002  00000000  RWIX
  RESET                 0000fffe   00000002  00000002  00000000  RWIX
  FLASH2                00010000   00014400  00000000  00014400  RWIX


SECTION ALLOCATION MAP

 output                                  attributes/
section   page    origin      length       input sections
--------  ----  ----------  ----------   ----------------
.init_array 
*          0    00004400    00000000     UNINITIALIZED

.bss       0    00002400    00000423     UNINITIALIZED
                  00002400    00000200     (.common:RWbuf)
                  00002600    00000100     (.common:Scsi_Standard_Inquiry_Data)
                  00002700    00000024     (.common:sRwbuf)
                  00002724    00000022     (.common:MscWriteControl)
                  00002746    00000022     (.common:abramSerialStringDescriptor)
                  00002768    00000020     (.common:McsCbw)
                  00002788    00000020     (.common:RequestSenseResponse)
                  000027a8    0000001e     (.common:MscReadControl)
                  000027c6    00000014     (.common:MscState)
                  000027da    0000000e     (.common:McsCsw)
                  000027e8    0000000c     (.common:mediaInfo)
                  000027f4    00000008     (.common:Scsi_Read_Capacity_10)
                  000027fc    00000008     (.common:abUsbRequestReturnData)
                  00002804    00000004     (.common:RWbuf_info)
                  00002808    00000004     (.common:USB_RX_memcpy)
                  0000280c    00000004     (.common:USB_TX_memcpy)
                  00002810    00000004     (.common:pbIEP0Buffer)
                  00002814    00000004     (.common:pbOEP0Buffer)
                  00002818    00000002     (.common:wBytesRemainingOnIEP0)
                  0000281a    00000002     (.common:wBytesRemainingOnOEP0)
                  0000281c    00000002     (.common:wUsbEventMask)
                  0000281e    00000001     (.common:CardType)
                  0000281f    00000001     (.common:bConfigurationNumber)
                  00002820    00000001     (.common:bInterfaceNumber)
                  00002821    00000001     (.common:bRemoteWakeup)
                  00002822    00000001     (.common:bStatusAction)

.TI.noinit 
*          0    00002400    00000000     UNINITIALIZED

.data      0    00002824    00000046     UNINITIALIZED
                  00002824    00000020     main.obj (.data)
                  00002844    00000010     UsbMscScsi.obj (.data:MscControl)
                  00002854    00000008     UsbMscScsi.obj (.data:Scsi_Mode_Sense_10)
                  0000285c    00000008     usb.obj (.data)
                  00002864    00000004     UsbMscScsi.obj (.data:Scsi_Mode_Sense_6)
                  00002868    00000002     mmc.obj (.data)

.TI.persistent 
*          0    00002824    00000000     UNINITIALIZED

.stack     0    00004360    000000a0     UNINITIALIZED
                  00004360    00000004     rts430x_lc_ld_eabi.lib : boot.obj (.stack)
                  00004364    0000009c     --HOLE--

.text:_isr 
*          0    00004400    00000172     
                  00004400    0000010e     UsbIsr.obj (.text:_isr:iUsbInterruptHandler)
                  0000450e    0000003e     main.obj (.text:_isr:UNMI_ISR)
                  0000454c    0000001a     rts430x_lc_ld_eabi.lib : boot.obj (.text:_isr:_c_int00_noexit)
                  00004566    0000000c     main.obj (.text:_isr:TIMER0_A0_ISR)

.text      0    00004572    00003720     
                  00004572    000003fa     UsbMscScsi.obj (.text:MSCFromHostToBuffer)
                  0000496c    000003a2     UsbMscScsi.obj (.text:USBMSC_bufferProcessed)
                  00004d0e    000002b8     UsbMscScsi.obj (.text:MSCToHostFromBuffer)
                  00004fc6    00000204     main.obj (.text:main)
                  000051ca    000001f6     UsbMscScsi.obj (.text:Scsi_Cmd_Parser)
                  000053c0    0000016c     UsbMscScsi.obj (.text:Scsi_Inquiry)
                  0000552c    00000148     UsbMscScsi.obj (.text:USBMSC_updateMediaInfo)
                  00005674    0000013a     usb.obj (.text:USB_reset)
                  000057ae    00000138     mmc.obj (.text:disk_initialize)
                  000058e6    00000128     UsbMscStateMachine.obj (.text:USBMSC_poll)
                  00005a0e    0000011e     UsbMscScsi.obj (.text:Scsi_Write10)
                  00005b2c    0000010c     UsbMscScsi.obj (.text:Check_CBW)
                  00005c38    000000fe     UsbMscScsi.obj (.text:Scsi_Request_Sense)
                  00005d36    000000fc     UsbMscScsi.obj (.text:Scsi_Read10)
                  00005e32    000000f4     mmc.obj (.text:disk_ioctl)
                  00005f26    000000e8     HAL_UCS.obj (.text:Init_FLL)
                  0000600e    000000e8     usb.obj (.text:USB_InitSerialStringDescriptor)
                  000060f6    000000d4     HAL_PMM.obj (.text:SetVCoreUp)
                  000061ca    000000bc     mmc.obj (.text:disk_write)
                  00006286    000000b2     mmc.obj (.text:send_cmd)
                  00006338    000000a2     mmc.obj (.text:validateCSD)
                  000063da    0000009a     HAL_PMM.obj (.text:SetVCoreDown)
                  00006474    00000098     usb.obj (.text:USB_enable)
                  0000650c    00000096     usb.obj (.text:USB_connectionState)
                  000065a2    00000096     usb.obj (.text:usbDecodeAndProcessUsbRequest)
                  00006638    00000094     mmc.obj (.text:disk_read)
                  000066cc    0000008e     usb.obj (.text:usbGetEndpointStatus)
                  0000675a    00000086     UsbMscScsi.obj (.text:Reset_RequestSenseResponse)
                  000067e0    00000084     UsbMscScsi.obj (.text:Scsi_Unknown_Request)
                  00006864    00000080     usb.obj (.text:usbClearEndpointFeature)
                  000068e4    0000007e     rts430x_lc_ld_eabi.lib : autoinit.obj (.text:_auto_init)
                  00006962    00000076     UsbMscScsi.obj (.text:USBMSC_registerBufInfo)
                  000069d8    00000076     HAL_SDCard.obj (.text:sd_reset)
                  00006a4e    00000072     UsbMscScsi.obj (.text:MscSendData)
                  00006ac0    00000070     UsbMscScsi.obj (.text:MscCopyUsbToBuff)
                  00006b30    0000006e     usb.obj (.text:usbSendNextPacketOnIEP0)
                  00006b9e    0000006a     usb.obj (.text:USB_init)
                  00006c08    00000062     rts430x_lc_ld_eabi.lib : copy_decompress_rle.obj (.text:__TI_decompress_rle_core)
                  00006c6a    0000005a     UsbMscScsi.obj (.text:Scsi_Mode_Sense10)
                  00006cc4    0000005a     UsbMscScsi.obj (.text:Scsi_Mode_Sense6)
                  00006d1e    0000005a     task.obj (.text:checkInsertionRemoval)
                  00006d78    00000058     mmc.obj (.text:xmit_datablock)
                  00006dd0    00000056     UsbMscScsi.obj (.text:Msc_ResetStruct)
                  00006e26    00000054     UsbMscScsi.obj (.text:Scsi_Verify_CBW)
                  00006e7a    00000052     mmc.obj (.text:rcvr_datablock)
                  00006ecc    00000052     usb.obj (.text:usbReceiveNextPacketOnOEP0)
                  00006f1e    00000050     HAL_TLV.obj (.text:Get_TLV_Info)
                  00006f6e    00000050     HAL_SDCard.obj (.text:SD_SendCommand)
                  00006fbe    0000004e     HAL_SDCard.obj (.text:SD_SendCommand1)
                  0000700c    0000004c     HAL_SDCard.obj (.text:SDCard_init)
                  00007058    0000004c     usb.obj (.text:usbGetStringDescriptor)
                  000070a4    00000048     UsbIsr.obj (.text:PWRVBUSoffHandler)
                  000070ec    00000048     UsbIsr.obj (.text:SetupPacketInterruptHandler)
                  00007134    00000048     usb.obj (.text:usbSetEndpointFeature)
                  0000717c    00000042     task.obj (.text:Init_Ports)
                  000071be    00000042     UsbMscScsi.obj (.text:USBMSC_getState)
                  00007200    00000040     HAL_PMM.obj (.text:SetVCore)
                  00007240    0000003e     HAL_UCS.obj (.text:XT2_Start_Timeout)
                  0000727e    0000003e     rts430x_lc_ld_eabi.lib : asr32.obj (.text:l_asr_const)
                  000072bc    0000003e                            : lsl32.obj (.text:l_lsl_const)
                  000072fa    0000003e                            : lsr32.obj (.text:l_lsr_const)
                  00007338    0000003c     UsbMscScsi.obj (.text:Scsi_Send_CSW)
                  00007374    0000003a     task.obj (.text:Init_Clock)
                  000073ae    00000038     HAL_SDCard.obj (.text:SDCard_readFrame)
                  000073e6    00000038     UsbMscReq.obj (.text:USBMSC_reset)
                  0000741e    00000038     dma.obj (.text:USB_initMemcpy)
                  00007456    00000036     HAL_UCS.obj (.text:Init_FLL_Settle)
                  0000748c    00000036     UsbIsr.obj (.text:PWRVBUSonHandler)
                  000074c2    00000036     dma.obj (.text:memcpyV)
                  000074f8    00000036     usb.obj (.text:usbSetInterface)
                  0000752e    00000036     mmc.obj (.text:wait_ready)
                  00007564    00000034     UsbMscStateMachine.obj (.text:Msc_ResetStateMachine)
                  00007598    00000032     UsbMscScsi.obj (.text:Scsi_Read_Capacity10)
                  000075ca    00000032     usb.obj (.text:USB_suspend)
                  000075fc    00000030     usb.obj (.text:USB_connectionInfo)
                  0000762c    00000030     HAL_UCS.obj (.text:XT2_Start)
                  0000765c    00000030     mmc.obj (.text:detectCard)
                  0000768c    0000002e     HAL_SDCard.obj (.text:SDCard_sendFrame)
                  000076ba    0000002c     dma.obj (.text:memcpyDMA0)
                  000076e6    0000002c     usb.obj (.text:usbGetDeviceStatus)
                  00007712    0000002a     HAL_SDCard.obj (.text:SPI_WriteByte)
                  0000773c    0000002a     rts430x_lc_ld_eabi.lib : memcpy.obj (.text:memcpy)
                  00007766    00000028     UsbMscScsi.obj (.text:SET_RequestsenseMediaNotPresent)
                  0000778e    00000028     UsbMscScsi.obj (.text:SET_RequestsenseNotReady)
                  000077b6    00000028     UsbMscScsi.obj (.text:Scsi_Report_Luns)
                  000077de    00000026     UsbMscScsi.obj (.text:MscResetData)
                  00007804    00000024     UsbIsr.obj (.text:OEP0InterruptHandler)
                  00007828    00000024     rts430x_lc_ld_eabi.lib : copy_zero_init.obj (.text:decompress:ZI:__TI_zero_init)
                  0000784c    00000024     usb.obj (.text:usbDisableInEndpointInterrupt)
                  00007870    00000024     usb.obj (.text:usbDisableOutEndpointInterrupt)
                  00007894    00000022     usb.obj (.text:USB_disable)
                  000078b6    00000022     rts430x_lc_ld_eabi.lib : mult32_f5hw.obj (.text)
                  000078d8    00000022     usb.obj (.text:usbSendDataPacketOnEP0)
                  000078fa    00000020     UsbMscScsi.obj (.text:MscResetCtrlLun)
                  0000791a    00000020     mmc.obj (.text:disk_status)
                  0000793a    00000020     rts430x_lc_ld_eabi.lib : memset.obj (.text:memset)
                  0000795a    00000020     usb.obj (.text:usbSetAddress)
                  0000797a    00000020     usb.obj (.text:usbSetConfiguration)
                  0000799a    00000020     UsbMscScsi.obj (.text:usbStallEndpoint)
                  000079ba    0000001e     usb.obj (.text:usbGetInterface)
                  000079d8    0000001e     usb.obj (.text:usbGetInterfaceStatus)
                  000079f6    0000001c     UsbIsr.obj (.text:IEP0InterruptHandler)
                  00007a12    0000001a     UsbMscReq.obj (.text:Get_MaxLUN)
                  00007a2c    0000001a     usb.obj (.text:USB_connect)
                  00007a46    0000001a     rts430x_lc_ld_eabi.lib : mult1632_f5hw.obj (.text:__mpyul)
                  00007a60    0000001a     UsbMscScsi.obj (.text:usbStallOutEndpoint)
                  00007a7a    00000018     UsbMscScsi.obj (.text:Scsi_Test_Unit_Ready)
                  00007a92    00000018     usb.obj (.text:USB_resume)
                  00007aaa    00000018     mmc.obj (.text:select)
                  00007ac2    00000018     usb.obj (.text:usbClearDeviceFeature)
                  00007ada    00000018     usb.obj (.text:usbSetDeviceFeature)
                  00007af2    00000016     rts430x_lc_ld_eabi.lib : copy_decompress_none.obj (.text:decompress:none:__TI_decompress_none)
                  00007b08    00000016                            : div16u.obj (.text)
                  00007b1e    00000016                            : mult16_f5hw.obj (.text)
                  00007b34    00000016     UsbMscScsi.obj (.text:usbClearOEPByteCount)
                  00007b4a    00000016     usb.obj (.text:usbGetConfigurationDescriptor)
                  00007b60    00000016     usb.obj (.text:usbGetDeviceDescriptor)
                  00007b76    00000016     UsbMscScsi.obj (.text:usbStallInEndpoint)
                  00007b8c    00000014     usbEventHandling.obj (.text:USB_handleVbusOnEvent)
                  00007ba0    00000014     usb.obj (.text:usbGetConfiguration)
                  00007bb4    00000012     HAL_SDCard.obj (.text:SDCard_fastMode)
                  00007bc6    00000012     mmc.obj (.text:deselect)
                  00007bd8    00000010     rts430x_lc_ld_eabi.lib : lsl32.obj (.text:l_lsl)
                  00007be8    0000000e     usb.obj (.text:usbInvalidRequest)
                  00007bf6    0000000e     usb.obj (.text:usbSendZeroLengthPacketOnIEP0)
                  00007c04    0000000a     rts430x_lc_ld_eabi.lib : lsl16.obj (.text)
                  00007c0e    0000000a     usb.obj (.text:usbStallEndpoint0)
                  00007c18    00000008     usb.obj (.text:USB_setEnabledEvents)
                  00007c20    00000006     UsbMscScsi.obj (.text:Msc_ResetFlags)
                  00007c26    00000006     HAL_SDCard.obj (.text:SDCard_setCSHigh)
                  00007c2c    00000006     HAL_SDCard.obj (.text:SDCard_setCSLow)
                  00007c32    00000006     UsbMscScsi.obj (.text:USBMSC_fetchInfoStruct)
                  00007c38    00000006     usb.obj (.text:USB_getVersion)
                  00007c3e    00000006     rts430x_lc_ld_eabi.lib : isr_trap.obj (.text:__TI_ISR_TRAP)
                  00007c44    00000006                            : copy_decompress_rle.obj (.text:decompress:rle24:__TI_decompress_rle24)
                  00007c4a    00000006     mmc.obj (.text:rcvr_mmc)
                  00007c50    00000006     usb.obj (.text:usbClearOEP0ByteCount)
                  00007c56    00000006     usb.obj (.text:usbRestoreInEndpointInterrupt)
                  00007c5c    00000006     usb.obj (.text:usbRestoreOutEndpointInterrupt)
                  00007c62    00000006     usb.obj (.text:usbStallOEP0)
                  00007c68    00000006     mmc.obj (.text:xmit_mmc)
                  00007c6e    00000004     usbEventHandling.obj (.text:USBMSC_handleBufferEvent)
                  00007c72    00000004     usbEventHandling.obj (.text:USB_handleClockEvent)
                  00007c76    00000004     usbEventHandling.obj (.text:USB_handleEnumCompleteEvent)
                  00007c7a    00000004     usbEventHandling.obj (.text:USB_handleResetEvent)
                  00007c7e    00000004     usbEventHandling.obj (.text:USB_handleResumeEvent)
                  00007c82    00000004     usbEventHandling.obj (.text:USB_handleSuspendEvent)
                  00007c86    00000004     usbEventHandling.obj (.text:USB_handleVbusOffEvent)
                  00007c8a    00000004     rts430x_lc_ld_eabi.lib : pre_init.obj (.text:_system_pre_init)
                  00007c8e    00000004                            : exit.obj (.text:abort)

.const     0    00007c92    00000218     
                  00007c92    000000fc     descriptors.obj (.const:tUsbRequestList)
                  00007d8e    00000084     descriptors.obj (.const:.string:abromStringDescriptor)
                  00007e12    00000024     UsbMscScsi.obj (.const:.string:bScsi_Standard_Inquiry_Data)
                  00007e36    00000020     usb.obj (.const:.string)
                  00007e56    00000020     descriptors.obj (.const)
                  00007e76    00000012     descriptors.obj (.const:.string:abromDeviceDescriptor)
                  00007e88    00000010     UsbMscScsi.obj (.const)
                  00007e98    00000010     descriptors.obj (.const:stUsbHandle)
                  00007ea8    00000002     main.obj (.const)

.cinit     0    00007eaa    0000004c     
                  00007eaa    00000029     (.cinit..data.load) [load image, compression = rle]
                  00007ed3    00000001     --HOLE-- [fill = 0]
                  00007ed4    0000000c     (__TI_handler_table)
                  00007ee0    00000006     (.cinit..bss.load) [load image, compression = zero_init]
                  00007ee6    00000010     (__TI_cinit_table)

RTC        0    0000ffd2    00000002     
                  0000ffd2    00000002     rts430x_lc_ld_eabi.lib : int41.obj (.int41)

PORT2      0    0000ffd4    00000002     
                  0000ffd4    00000002     rts430x_lc_ld_eabi.lib : int42.obj (.int42)

TIMER2_A1 
*          0    0000ffd6    00000002     
                  0000ffd6    00000002     rts430x_lc_ld_eabi.lib : int43.obj (.int43)

TIMER2_A0 
*          0    0000ffd8    00000002     
                  0000ffd8    00000002     rts430x_lc_ld_eabi.lib : int44.obj (.int44)

USCI_B1    0    0000ffda    00000002     
                  0000ffda    00000002     rts430x_lc_ld_eabi.lib : int45.obj (.int45)

USCI_A1    0    0000ffdc    00000002     
                  0000ffdc    00000002     rts430x_lc_ld_eabi.lib : int46.obj (.int46)

PORT1      0    0000ffde    00000002     
                  0000ffde    00000002     rts430x_lc_ld_eabi.lib : int47.obj (.int47)

TIMER1_A1 
*          0    0000ffe0    00000002     
                  0000ffe0    00000002     rts430x_lc_ld_eabi.lib : int48.obj (.int48)

TIMER1_A0 
*          0    0000ffe2    00000002     
                  0000ffe2    00000002     rts430x_lc_ld_eabi.lib : int49.obj (.int49)

DMA        0    0000ffe4    00000002     
                  0000ffe4    00000002     rts430x_lc_ld_eabi.lib : int50.obj (.int50)

USB_UBM    0    0000ffe6    00000002     
                  0000ffe6    00000002     UsbIsr.obj (.int51)

TIMER0_A1 
*          0    0000ffe8    00000002     
                  0000ffe8    00000002     rts430x_lc_ld_eabi.lib : int52.obj (.int52)

TIMER0_A0 
*          0    0000ffea    00000002     
                  0000ffea    00000002     main.obj (.int53)

ADC12      0    0000ffec    00000002     
                  0000ffec    00000002     rts430x_lc_ld_eabi.lib : int54.obj (.int54)

USCI_B0    0    0000ffee    00000002     
                  0000ffee    00000002     rts430x_lc_ld_eabi.lib : int55.obj (.int55)

USCI_A0    0    0000fff0    00000002     
                  0000fff0    00000002     rts430x_lc_ld_eabi.lib : int56.obj (.int56)

WDT        0    0000fff2    00000002     
                  0000fff2    00000002     rts430x_lc_ld_eabi.lib : int57.obj (.int57)

TIMER0_B1 
*          0    0000fff4    00000002     
                  0000fff4    00000002     rts430x_lc_ld_eabi.lib : int58.obj (.int58)

TIMER0_B0 
*          0    0000fff6    00000002     
                  0000fff6    00000002     rts430x_lc_ld_eabi.lib : int59.obj (.int59)

COMP_B     0    0000fff8    00000002     
                  0000fff8    00000002     rts430x_lc_ld_eabi.lib : int60.obj (.int60)

UNMI       0    0000fffa    00000002     
                  0000fffa    00000002     main.obj (.int61)

SYSNMI     0    0000fffc    00000002     
                  0000fffc    00000002     rts430x_lc_ld_eabi.lib : int62.obj (.int62)

.reset     0    0000fffe    00000002     
                  0000fffe    00000002     rts430x_lc_ld_eabi.lib : boot.obj (.reset)


LINKER GENERATED COPY TABLES

__TI_cinit_table @ 00007ee6 records: 2, size/record: 8, table size: 16
	.data: load addr=00007eaa, load size=00000029 bytes, run addr=00002824, run size=00000046 bytes, compression=rle
	.bss: load addr=00007ee0, load size=00000006 bytes, run addr=00002400, run size=00000423 bytes, compression=zero_init


LINKER GENERATED HANDLER TABLE

__TI_handler_table @ 00007ed4 records: 3, size/record: 4, table size: 12
	index: 0, handler: __TI_zero_init
	index: 1, handler: __TI_decompress_rle24
	index: 2, handler: __TI_decompress_none


GLOBAL SYMBOLS: SORTED ALPHABETICALLY BY Name 

address    name
--------   ----
00000700   ADC12CTL0
00000701   ADC12CTL0_H
00000700   ADC12CTL0_L
00000702   ADC12CTL1
00000703   ADC12CTL1_H
00000702   ADC12CTL1_L
00000704   ADC12CTL2
00000705   ADC12CTL2_H
00000704   ADC12CTL2_L
0000070c   ADC12IE
0000070d   ADC12IE_H
0000070c   ADC12IE_L
0000070a   ADC12IFG
0000070b   ADC12IFG_H
0000070a   ADC12IFG_L
0000070e   ADC12IV
0000070f   ADC12IV_H
0000070e   ADC12IV_L
00000710   ADC12MCTL0
00000711   ADC12MCTL1
0000071a   ADC12MCTL10
0000071b   ADC12MCTL11
0000071c   ADC12MCTL12
0000071d   ADC12MCTL13
0000071e   ADC12MCTL14
0000071f   ADC12MCTL15
00000712   ADC12MCTL2
00000713   ADC12MCTL3
00000714   ADC12MCTL4
00000715   ADC12MCTL5
00000716   ADC12MCTL6
00000717   ADC12MCTL7
00000718   ADC12MCTL8
00000719   ADC12MCTL9
00000720   ADC12MEM0
00000721   ADC12MEM0_H
00000720   ADC12MEM0_L
00000722   ADC12MEM1
00000734   ADC12MEM10
00000735   ADC12MEM10_H
00000734   ADC12MEM10_L
00000736   ADC12MEM11
00000737   ADC12MEM11_H
00000736   ADC12MEM11_L
00000738   ADC12MEM12
00000739   ADC12MEM12_H
00000738   ADC12MEM12_L
0000073a   ADC12MEM13
0000073b   ADC12MEM13_H
0000073a   ADC12MEM13_L
0000073c   ADC12MEM14
0000073d   ADC12MEM14_H
0000073c   ADC12MEM14_L
0000073e   ADC12MEM15
0000073f   ADC12MEM15_H
0000073e   ADC12MEM15_L
00000723   ADC12MEM1_H
00000722   ADC12MEM1_L
00000724   ADC12MEM2
00000725   ADC12MEM2_H
00000724   ADC12MEM2_L
00000726   ADC12MEM3
00000727   ADC12MEM3_H
00000726   ADC12MEM3_L
00000728   ADC12MEM4
00000729   ADC12MEM4_H
00000728   ADC12MEM4_L
0000072a   ADC12MEM5
0000072b   ADC12MEM5_H
0000072a   ADC12MEM5_L
0000072c   ADC12MEM6
0000072d   ADC12MEM6_H
0000072c   ADC12MEM6_L
0000072e   ADC12MEM7
0000072f   ADC12MEM7_H
0000072e   ADC12MEM7_L
00000730   ADC12MEM8
00000731   ADC12MEM8_H
00000730   ADC12MEM8_L
00000732   ADC12MEM9
00000733   ADC12MEM9_H
00000732   ADC12MEM9_L
00007ea8   BYTES_PER_BLOCK
00007c8e   C$$EXIT
000008c0   CBCTL0
000008c1   CBCTL0_H
000008c0   CBCTL0_L
000008c2   CBCTL1
000008c3   CBCTL1_H
000008c2   CBCTL1_L
000008c4   CBCTL2
000008c5   CBCTL2_H
000008c4   CBCTL2_L
000008c6   CBCTL3
000008c7   CBCTL3_H
000008c6   CBCTL3_L
000008cc   CBINT
000008cd   CBINT_H
000008cc   CBINT_L
000008ce   CBIV
00000150   CRCDI
00000152   CRCDIRB
00000153   CRCDIRB_H
00000152   CRCDIRB_L
00000151   CRCDI_H
00000150   CRCDI_L
00000154   CRCINIRES
00000155   CRCINIRES_H
00000154   CRCINIRES_L
00000156   CRCRESR
00000157   CRCRESR_H
00000156   CRCRESR_L
00005b2c   Check_CBW
00000510   DMA0CTL
00000511   DMA0CTL_H
00000510   DMA0CTL_L
00000516   DMA0DA
00000516   DMA0DAL
00000512   DMA0SA
00000512   DMA0SAL
0000051a   DMA0SZ
00000520   DMA1CTL
00000521   DMA1CTL_H
00000520   DMA1CTL_L
00000526   DMA1DA
00000526   DMA1DAL
00000522   DMA1SA
00000522   DMA1SAL
0000052a   DMA1SZ
00000530   DMA2CTL
00000531   DMA2CTL_H
00000530   DMA2CTL_L
00000536   DMA2DA
00000536   DMA2DAL
00000532   DMA2SA
00000532   DMA2SAL
0000053a   DMA2SZ
00000500   DMACTL0
00000501   DMACTL0_H
00000500   DMACTL0_L
00000502   DMACTL1
00000503   DMACTL1_H
00000502   DMACTL1_L
00000504   DMACTL2
00000505   DMACTL2_H
00000504   DMACTL2_L
00000506   DMACTL3
00000507   DMACTL3_H
00000506   DMACTL3_L
00000508   DMACTL4
00000509   DMACTL4_H
00000508   DMACTL4_L
0000050e   DMAIV
0000050f   DMAIV_H
0000050e   DMAIV_L
00000140   FCTL1
00000141   FCTL1_H
00000140   FCTL1_L
00000144   FCTL3
00000145   FCTL3_H
00000144   FCTL3_L
00000146   FCTL4
00000147   FCTL4_H
00000146   FCTL4_L
00007a12   Get_MaxLUN
00006f1e   Get_TLV_Info
000079f6   IEP0InterruptHandler
00002868   INS
00007374   Init_Clock
00005f26   Init_FLL
00007456   Init_FLL_Settle
0000717c   Init_Ports
000004c4   MAC
000004da   MAC32H
000004db   MAC32H_H
000004da   MAC32H_L
000004d8   MAC32L
000004d9   MAC32L_H
000004d8   MAC32L_L
000004c6   MACS
000004de   MACS32H
000004df   MACS32H_H
000004de   MACS32H_L
000004dc   MACS32L
000004dd   MACS32L_H
000004dc   MACS32L_L
000004c7   MACS_H
000004c6   MACS_L
000004c5   MAC_H
000004c4   MAC_L
000004c0   MPY
000004ec   MPY32CTL0
000004ed   MPY32CTL0_H
000004ec   MPY32CTL0_L
000004d2   MPY32H
000004d3   MPY32H_H
000004d2   MPY32H_L
000004d0   MPY32L
000004d1   MPY32L_H
000004d0   MPY32L_L
000004c2   MPYS
000004d6   MPYS32H
000004d7   MPYS32H_H
000004d6   MPYS32H_L
000004d4   MPYS32L
000004d5   MPYS32L_H
000004d4   MPYS32L_L
000004c3   MPYS_H
000004c2   MPYS_L
000004c1   MPY_H
000004c0   MPY_L
00004572   MSCFromHostToBuffer
00004d0e   MSCToHostFromBuffer
00002768   McsCbw
000027da   McsCsw
00002844   MscControl
00006ac0   MscCopyUsbToBuff
000027a8   MscReadControl
000078fa   MscResetCtrlLun
000077de   MscResetData
00006a4e   MscSendData
000027c6   MscState
00002724   MscWriteControl
00007c20   Msc_ResetFlags
00007564   Msc_ResetStateMachine
00006dd0   Msc_ResetStruct
00007804   OEP0InterruptHandler
000004c8   OP2
000004e2   OP2H
000004e3   OP2H_H
000004e2   OP2H_L
000004e0   OP2L
000004e1   OP2L_H
000004e0   OP2L_L
000004c9   OP2_H
000004c8   OP2_L
0000020e   P1IV
0000021e   P2IV
000001e0   P4MAP01
000001e1   P4MAP01_H
000001e0   P4MAP01_L
000001e2   P4MAP23
000001e3   P4MAP23_H
000001e2   P4MAP23_L
000001e4   P4MAP45
000001e5   P4MAP45_H
000001e4   P4MAP45_L
000001e6   P4MAP67
000001e7   P4MAP67_H
000001e6   P4MAP67_L
00000204   PADIR
00000205   PADIR_H
00000204   PADIR_L
00000208   PADS
00000209   PADS_H
00000208   PADS_L
0000021a   PAIE
00000218   PAIES
00000219   PAIES_H
00000218   PAIES_L
0000021b   PAIE_H
0000021a   PAIE_L
0000021c   PAIFG
0000021d   PAIFG_H
0000021c   PAIFG_L
00000200   PAIN
00000201   PAIN_H
00000200   PAIN_L
00000202   PAOUT
00000203   PAOUT_H
00000202   PAOUT_L
00000206   PAREN
00000207   PAREN_H
00000206   PAREN_L
0000020a   PASEL
0000020b   PASEL_H
0000020a   PASEL_L
00000224   PBDIR
00000225   PBDIR_H
00000224   PBDIR_L
00000228   PBDS
00000229   PBDS_H
00000228   PBDS_L
00000220   PBIN
00000221   PBIN_H
00000220   PBIN_L
00000222   PBOUT
00000223   PBOUT_H
00000222   PBOUT_L
00000226   PBREN
00000227   PBREN_H
00000226   PBREN_L
0000022a   PBSEL
0000022b   PBSEL_H
0000022a   PBSEL_L
00000244   PCDIR
00000245   PCDIR_H
00000244   PCDIR_L
00000248   PCDS
00000249   PCDS_H
00000248   PCDS_L
00000240   PCIN
00000241   PCIN_H
00000240   PCIN_L
00000242   PCOUT
00000243   PCOUT_H
00000242   PCOUT_L
00000246   PCREN
00000247   PCREN_H
00000246   PCREN_L
0000024a   PCSEL
0000024b   PCSEL_H
0000024a   PCSEL_L
00000264   PDDIR
00000265   PDDIR_H
00000264   PDDIR_L
00000268   PDDS
00000269   PDDS_H
00000268   PDDS_L
00000260   PDIN
00000261   PDIN_H
00000260   PDIN_L
00000262   PDOUT
00000263   PDOUT_H
00000262   PDOUT_L
00000266   PDREN
00000267   PDREN_H
00000266   PDREN_L
0000026a   PDSEL
0000026b   PDSEL_H
0000026a   PDSEL_L
00000324   PJDIR
00000325   PJDIR_H
00000324   PJDIR_L
00000328   PJDS
00000329   PJDS_H
00000328   PJDS_L
00000320   PJIN
00000321   PJIN_H
00000320   PJIN_L
00000322   PJOUT
00000323   PJOUT_H
00000322   PJOUT_L
00000326   PJREN
00000327   PJREN_H
00000326   PJREN_L
00000130   PM5CTL0
00000131   PM5CTL0_H
00000130   PM5CTL0_L
000001c2   PMAPCTL
000001c3   PMAPCTL_H
000001c2   PMAPCTL_L
000001c0   PMAPKEYID
000001c1   PMAPKEYID_H
000001c0   PMAPKEYID_L
00000120   PMMCTL0
00000121   PMMCTL0_H
00000120   PMMCTL0_L
00000122   PMMCTL1
00000123   PMMCTL1_H
00000122   PMMCTL1_L
0000012c   PMMIFG
0000012d   PMMIFG_H
0000012c   PMMIFG_L
0000012e   PMMRIE
0000012f   PMMRIE_H
0000012e   PMMRIE_L
000070a4   PWRVBUSoffHandler
0000748c   PWRVBUSonHandler
00000158   RCCTL0
00000159   RCCTL0_H
00000158   RCCTL0_L
000001b0   REFCTL0
000001b1   REFCTL0_H
000001b0   REFCTL0_L
000004e4   RES0
000004e5   RES0_H
000004e4   RES0_L
000004e6   RES1
000004e7   RES1_H
000004e6   RES1_L
000004e8   RES2
000004e9   RES2_H
000004e8   RES2_L
000004ea   RES3
000004eb   RES3_H
000004ea   RES3_L
000004cc   RESHI
000004cd   RESHI_H
000004cc   RESHI_L
000004ca   RESLO
000004cb   RESLO_H
000004ca   RESLO_L
000004ba   RTCADOWDAY
000004bb   RTCADOWDAY_H
000004ba   RTCADOWDAY_L
000004b8   RTCAMINHR
000004b9   RTCAMINHR_H
000004b8   RTCAMINHR_L
000004a0   RTCCTL01
000004a1   RTCCTL01_H
000004a0   RTCCTL01_L
000004a2   RTCCTL23
000004a3   RTCCTL23_H
000004a2   RTCCTL23_L
000004b4   RTCDATE
000004b5   RTCDATE_H
000004b4   RTCDATE_L
000004ae   RTCIV
000004ac   RTCPS
000004a8   RTCPS0CTL
000004a9   RTCPS0CTL_H
000004a8   RTCPS0CTL_L
000004aa   RTCPS1CTL
000004ab   RTCPS1CTL_H
000004aa   RTCPS1CTL_L
000004ad   RTCPS_H
000004ac   RTCPS_L
000004b0   RTCTIM0
000004b1   RTCTIM0_H
000004b0   RTCTIM0_L
000004b2   RTCTIM1
000004b3   RTCTIM1_H
000004b2   RTCTIM1_L
000004b6   RTCYEAR
000004b7   RTCYEAR_H
000004b6   RTCYEAR_L
00002400   RWbuf
00002804   RWbuf_info
00007e88   Report_Luns
00002788   RequestSenseResponse
0000675a   Reset_RequestSenseResponse
00007bb4   SDCard_fastMode
0000700c   SDCard_init
000073ae   SDCard_readFrame
0000768c   SDCard_sendFrame
00007c26   SDCard_setCSHigh
00007c2c   SDCard_setCSLow
00006f6e   SD_SendCommand
00006fbe   SD_SendCommand1
00007766   SET_RequestsenseMediaNotPresent
0000778e   SET_RequestsenseNotReady
00000100   SFRIE1
00000101   SFRIE1_H
00000100   SFRIE1_L
00000102   SFRIFG1
00000103   SFRIFG1_H
00000102   SFRIFG1_L
00000104   SFRRPCR
00000105   SFRRPCR_H
00000104   SFRRPCR_L
00007712   SPI_WriteByte
000004ce   SUMEXT
000004cf   SUMEXT_H
000004ce   SUMEXT_L
00000124   SVSMHCTL
00000125   SVSMHCTL_H
00000124   SVSMHCTL_L
00000128   SVSMIO
00000129   SVSMIO_H
00000128   SVSMIO_L
00000126   SVSMLCTL
00000127   SVSMLCTL_H
00000126   SVSMLCTL_L
00000198   SYSBERRIV
00000199   SYSBERRIV_H
00000198   SYSBERRIV_L
00000182   SYSBSLC
00000183   SYSBSLC_H
00000182   SYSBSLC_L
00000180   SYSCTL
00000181   SYSCTL_H
00000180   SYSCTL_L
00000186   SYSJMBC
00000187   SYSJMBC_H
00000186   SYSJMBC_L
00000188   SYSJMBI0
00000189   SYSJMBI0_H
00000188   SYSJMBI0_L
0000018a   SYSJMBI1
0000018b   SYSJMBI1_H
0000018a   SYSJMBI1_L
0000018c   SYSJMBO0
0000018d   SYSJMBO0_H
0000018c   SYSJMBO0_L
0000018e   SYSJMBO1
0000018f   SYSJMBO1_H
0000018e   SYSJMBO1_L
0000019e   SYSRSTIV
0000019f   SYSRSTIV_H
0000019e   SYSRSTIV_L
0000019c   SYSSNIV
0000019d   SYSSNIV_H
0000019c   SYSSNIV_L
0000019a   SYSUNIV
0000019b   SYSUNIV_H
0000019a   SYSUNIV_L
000051ca   Scsi_Cmd_Parser
000053c0   Scsi_Inquiry
00006c6a   Scsi_Mode_Sense10
00006cc4   Scsi_Mode_Sense6
00002854   Scsi_Mode_Sense_10
00002864   Scsi_Mode_Sense_6
00005d36   Scsi_Read10
00007598   Scsi_Read_Capacity10
000027f4   Scsi_Read_Capacity_10
000077b6   Scsi_Report_Luns
00005c38   Scsi_Request_Sense
00007338   Scsi_Send_CSW
00002600   Scsi_Standard_Inquiry_Data
00007a7a   Scsi_Test_Unit_Ready
000067e0   Scsi_Unknown_Request
00006e26   Scsi_Verify_CBW
00005a0e   Scsi_Write10
00007200   SetVCore
000070ec   SetupPacketInterruptHandler
00000352   TA0CCR0
00000354   TA0CCR1
00000356   TA0CCR2
00000358   TA0CCR3
0000035a   TA0CCR4
00000342   TA0CCTL0
00000344   TA0CCTL1
00000346   TA0CCTL2
00000348   TA0CCTL3
0000034a   TA0CCTL4
00000340   TA0CTL
00000360   TA0EX0
0000036e   TA0IV
00000350   TA0R
00000392   TA1CCR0
00000394   TA1CCR1
00000396   TA1CCR2
00000382   TA1CCTL0
00000384   TA1CCTL1
00000386   TA1CCTL2
00000380   TA1CTL
000003a0   TA1EX0
000003ae   TA1IV
00000390   TA1R
00000412   TA2CCR0
00000414   TA2CCR1
00000416   TA2CCR2
00000402   TA2CCTL0
00000404   TA2CCTL1
00000406   TA2CCTL2
00000400   TA2CTL
00000420   TA2EX0
0000042e   TA2IV
00000410   TA2R
000003d2   TB0CCR0
000003d4   TB0CCR1
000003d6   TB0CCR2
000003d8   TB0CCR3
000003da   TB0CCR4
000003dc   TB0CCR5
000003de   TB0CCR6
000003c2   TB0CCTL0
000003c4   TB0CCTL1
000003c6   TB0CCTL2
000003c8   TB0CCTL3
000003ca   TB0CCTL4
000003cc   TB0CCTL5
000003ce   TB0CCTL6
000003c0   TB0CTL
000003e0   TB0EX0
000003ee   TB0IV
000003d0   TB0R
00004566   TIMER0_A0_ISR
000005d0   UCA0ABCTL
000005c6   UCA0BRW
000005c7   UCA0BRW_H
000005c6   UCA0BRW_L
000005c0   UCA0CTLW0
000005c1   UCA0CTLW0_H
000005c0   UCA0CTLW0_L
000005dc   UCA0ICTL
000005dd   UCA0ICTL_H
000005dc   UCA0ICTL_L
000005d2   UCA0IRCTL
000005d3   UCA0IRCTL_H
000005d2   UCA0IRCTL_L
000005de   UCA0IV
000005c8   UCA0MCTL
000005cc   UCA0RXBUF
000005ca   UCA0STAT
000005ce   UCA0TXBUF
00000610   UCA1ABCTL
00000606   UCA1BRW
00000607   UCA1BRW_H
00000606   UCA1BRW_L
00000600   UCA1CTLW0
00000601   UCA1CTLW0_H
00000600   UCA1CTLW0_L
0000061c   UCA1ICTL
0000061d   UCA1ICTL_H
0000061c   UCA1ICTL_L
00000612   UCA1IRCTL
00000613   UCA1IRCTL_H
00000612   UCA1IRCTL_L
0000061e   UCA1IV
00000608   UCA1MCTL
0000060c   UCA1RXBUF
0000060a   UCA1STAT
0000060e   UCA1TXBUF
000005e6   UCB0BRW
000005e7   UCB0BRW_H
000005e6   UCB0BRW_L
000005e0   UCB0CTLW0
000005e1   UCB0CTLW0_H
000005e0   UCB0CTLW0_L
000005f0   UCB0I2COA
000005f1   UCB0I2COA_H
000005f0   UCB0I2COA_L
000005f2   UCB0I2CSA
000005f3   UCB0I2CSA_H
000005f2   UCB0I2CSA_L
000005fc   UCB0ICTL
000005fd   UCB0ICTL_H
000005fc   UCB0ICTL_L
000005fe   UCB0IV
000005ec   UCB0RXBUF
000005ea   UCB0STAT
000005ee   UCB0TXBUF
00000626   UCB1BRW
00000627   UCB1BRW_H
00000626   UCB1BRW_L
00000620   UCB1CTLW0
00000621   UCB1CTLW0_H
00000620   UCB1CTLW0_L
00000630   UCB1I2COA
00000631   UCB1I2COA_H
00000630   UCB1I2COA_L
00000632   UCB1I2CSA
00000633   UCB1I2CSA_H
00000632   UCB1I2CSA_L
0000063c   UCB1ICTL
0000063d   UCB1ICTL_H
0000063c   UCB1ICTL_L
0000063e   UCB1IV
0000062c   UCB1RXBUF
0000062a   UCB1STAT
0000062e   UCB1TXBUF
00000160   UCSCTL0
00000161   UCSCTL0_H
00000160   UCSCTL0_L
00000162   UCSCTL1
00000163   UCSCTL1_H
00000162   UCSCTL1_L
00000164   UCSCTL2
00000165   UCSCTL2_H
00000164   UCSCTL2_L
00000166   UCSCTL3
00000167   UCSCTL3_H
00000166   UCSCTL3_L
00000168   UCSCTL4
00000169   UCSCTL4_H
00000168   UCSCTL4_L
0000016a   UCSCTL5
0000016b   UCSCTL5_H
0000016a   UCSCTL5_L
0000016c   UCSCTL6
0000016d   UCSCTL6_H
0000016c   UCSCTL6_L
0000016e   UCSCTL7
0000016f   UCSCTL7_H
0000016e   UCSCTL7_L
00000170   UCSCTL8
00000171   UCSCTL8_H
00000170   UCSCTL8_L
0000450e   UNMI_ISR
00000902   USBCNF
00000903   USBCNF_H
00000902   USBCNF_L
0000093c   USBCTL
0000093a   USBFN
0000093b   USBFN_H
0000093a   USBFN_L
0000093f   USBFUNADR
0000093d   USBIE
00002378   USBIEP0BUF
000023c9   USBIEPBBAX_1
000023d1   USBIEPBBAX_2
000023d9   USBIEPBBAX_3
000023e1   USBIEPBBAX_4
000023e9   USBIEPBBAX_5
000023f1   USBIEPBBAX_6
000023f9   USBIEPBBAX_7
000023cd   USBIEPBBAY_1
000023d5   USBIEPBBAY_2
000023dd   USBIEPBBAY_3
000023e5   USBIEPBBAY_4
000023ed   USBIEPBBAY_5
000023f5   USBIEPBBAY_6
000023fd   USBIEPBBAY_7
000023ca   USBIEPBCTX_1
000023d2   USBIEPBCTX_2
000023da   USBIEPBCTX_3
000023e2   USBIEPBCTX_4
000023ea   USBIEPBCTX_5
000023f2   USBIEPBCTX_6
000023fa   USBIEPBCTX_7
000023ce   USBIEPBCTY_1
000023d6   USBIEPBCTY_2
000023de   USBIEPBCTY_3
000023e6   USBIEPBCTY_4
000023ee   USBIEPBCTY_5
000023f6   USBIEPBCTY_6
000023fe   USBIEPBCTY_7
00000920   USBIEPCNF_0
000023c8   USBIEPCNF_1
000023d0   USBIEPCNF_2
000023d8   USBIEPCNF_3
000023e0   USBIEPCNF_4
000023e8   USBIEPCNF_5
000023f0   USBIEPCNF_6
000023f8   USBIEPCNF_7
00000921   USBIEPCNT_0
0000092e   USBIEPIE
00000930   USBIEPIFG
000023cf   USBIEPSIZXY_1
000023d7   USBIEPSIZXY_2
000023df   USBIEPSIZXY_3
000023e7   USBIEPSIZXY_4
000023ef   USBIEPSIZXY_5
000023f7   USBIEPSIZXY_6
000023ff   USBIEPSIZXY_7
0000093e   USBIFG
00000900   USBKEYID
00000901   USBKEYID_H
00000900   USBKEYID_L
00000936   USBMAINT
00000937   USBMAINT_H
00000936   USBMAINT_L
0000496c   USBMSC_bufferProcessed
00002824   USBMSC_config
00007c32   USBMSC_fetchInfoStruct
000071be   USBMSC_getState
00007c6e   USBMSC_handleBufferEvent
000058e6   USBMSC_poll
00006962   USBMSC_registerBufInfo
000073e6   USBMSC_reset
0000552c   USBMSC_updateMediaInfo
00002370   USBOEP0BUF
00002389   USBOEPBBAX_1
00002391   USBOEPBBAX_2
00002399   USBOEPBBAX_3
000023a1   USBOEPBBAX_4
000023a9   USBOEPBBAX_5
000023b1   USBOEPBBAX_6
000023b9   USBOEPBBAX_7
0000238d   USBOEPBBAY_1
00002395   USBOEPBBAY_2
0000239d   USBOEPBBAY_3
000023a5   USBOEPBBAY_4
000023ad   USBOEPBBAY_5
000023b5   USBOEPBBAY_6
000023bd   USBOEPBBAY_7
0000238a   USBOEPBCTX_1
00002392   USBOEPBCTX_2
0000239a   USBOEPBCTX_3
000023a2   USBOEPBCTX_4
000023aa   USBOEPBCTX_5
000023b2   USBOEPBCTX_6
000023ba   USBOEPBCTX_7
0000238e   USBOEPBCTY_1
00002396   USBOEPBCTY_2
0000239e   USBOEPBCTY_3
000023a6   USBOEPBCTY_4
000023ae   USBOEPBCTY_5
000023b6   USBOEPBCTY_6
000023be   USBOEPBCTY_7
00000922   USBOEPCNF_0
00002388   USBOEPCNF_1
00002390   USBOEPCNF_2
00002398   USBOEPCNF_3
000023a0   USBOEPCNF_4
000023a8   USBOEPCNF_5
000023b0   USBOEPCNF_6
000023b8   USBOEPCNF_7
00000923   USBOEPCNT_0
0000092f   USBOEPIE
00000931   USBOEPIFG
0000238f   USBOEPSIZXY_1
00002397   USBOEPSIZXY_2
0000239f   USBOEPSIZXY_3
000023a7   USBOEPSIZXY_4
000023af   USBOEPSIZXY_5
000023b7   USBOEPSIZXY_6
000023bf   USBOEPSIZXY_7
00000904   USBPHYCTL
00000905   USBPHYCTL_H
00000904   USBPHYCTL_L
00000910   USBPLLCTL
00000911   USBPLLCTL_H
00000910   USBPLLCTL_L
00000912   USBPLLDIVB
00000913   USBPLLDIVB_H
00000912   USBPLLDIVB_L
00000914   USBPLLIR
00000915   USBPLLIR_H
00000914   USBPLLIR_L
00000908   USBPWRCTL
00000909   USBPWRCTL_H
00000908   USBPWRCTL_L
00001c00   USBSTABUFF
00002380   USBSUBLK
0000236f   USBTOPBUFF
00000938   USBTSREG
00000939   USBTSREG_H
00000938   USBTSREG_L
00000932   USBVECINT
00000933   USBVECINT_H
00000932   USBVECINT_L
0000600e   USB_InitSerialStringDescriptor
00002808   USB_RX_memcpy
0000280c   USB_TX_memcpy
00007a2c   USB_connect
000075fc   USB_connectionInfo
0000650c   USB_connectionState
00007894   USB_disable
00006474   USB_enable
00007c38   USB_getVersion
00007c72   USB_handleClockEvent
00007c76   USB_handleEnumCompleteEvent
00007c7a   USB_handleResetEvent
00007c7e   USB_handleResumeEvent
00007c82   USB_handleSuspendEvent
00007c86   USB_handleVbusOffEvent
00007b8c   USB_handleVbusOnEvent
00006b9e   USB_init
0000741e   USB_initMemcpy
00005674   USB_reset
00007a92   USB_resume
00007c18   USB_setEnabledEvents
000075ca   USB_suspend
00002860   VERSION
0000015c   WDTCTL
0000015d   WDTCTL_H
0000015c   WDTCTL_L
0000762c   XT2_Start
00007240   XT2_Start_Timeout
00004400   __STACK_END
000000a0   __STACK_SIZE
00007ee6   __TI_CINIT_Base
00007ef6   __TI_CINIT_Limit
00007ed4   __TI_Handler_Table_Base
00007ee0   __TI_Handler_Table_Limit
UNDEFED    __TI_INITARRAY_Base
UNDEFED    __TI_INITARRAY_Limit
00007c3e   __TI_ISR_TRAP
00000001   __TI_args_main
00007af2   __TI_decompress_none
00007c44   __TI_decompress_rle24
00000001   __TI_exit
0000ffd2   __TI_int41
0000ffd4   __TI_int42
0000ffd6   __TI_int43
0000ffd8   __TI_int44
0000ffda   __TI_int45
0000ffdc   __TI_int46
0000ffde   __TI_int47
0000ffe0   __TI_int48
0000ffe2   __TI_int49
0000ffe4   __TI_int50
0000ffe6   __TI_int51
0000ffe8   __TI_int52
0000ffea   __TI_int53
0000ffec   __TI_int54
0000ffee   __TI_int55
0000fff0   __TI_int56
0000fff2   __TI_int57
0000fff4   __TI_int58
0000fff6   __TI_int59
0000fff8   __TI_int60
0000fffa   __TI_int61
0000fffc   __TI_int62
00007828   __TI_zero_init
ffffffff   __binit__
ffffffff   __c_args__
00007b08   __mspabi_divu
00007b1e   __mspabi_mpyi_f5hw
000078b6   __mspabi_mpyl_f5hw
00007a46   __mspabi_mpyul_f5hw
00007b08   __mspabi_remu
00007c04   __mspabi_slli
00007bd8   __mspabi_slll
000072f4   __mspabi_slll_1
000072d0   __mspabi_slll_10
000072cc   __mspabi_slll_11
000072c8   __mspabi_slll_12
000072c4   __mspabi_slll_13
000072c0   __mspabi_slll_14
000072bc   __mspabi_slll_15
000072f0   __mspabi_slll_2
000072ec   __mspabi_slll_3
000072e8   __mspabi_slll_4
000072e4   __mspabi_slll_5
000072e0   __mspabi_slll_6
000072dc   __mspabi_slll_7
000072d8   __mspabi_slll_8
000072d4   __mspabi_slll_9
000072b6   __mspabi_sral_1
00007292   __mspabi_sral_10
0000728e   __mspabi_sral_11
0000728a   __mspabi_sral_12
00007286   __mspabi_sral_13
00007282   __mspabi_sral_14
0000727e   __mspabi_sral_15
000072b2   __mspabi_sral_2
000072ae   __mspabi_sral_3
000072aa   __mspabi_sral_4
000072a6   __mspabi_sral_5
000072a2   __mspabi_sral_6
0000729e   __mspabi_sral_7
0000729a   __mspabi_sral_8
00007296   __mspabi_sral_9
00007332   __mspabi_srll_1
0000730e   __mspabi_srll_10
0000730a   __mspabi_srll_11
00007306   __mspabi_srll_12
00007302   __mspabi_srll_13
000072fe   __mspabi_srll_14
000072fa   __mspabi_srll_15
0000732e   __mspabi_srll_2
0000732a   __mspabi_srll_3
00007326   __mspabi_srll_4
00007322   __mspabi_srll_5
0000731e   __mspabi_srll_6
0000731a   __mspabi_srll_7
00007316   __mspabi_srll_8
00007312   __mspabi_srll_9
000068e4   _auto_init
0000454c   _c_int00
0000454c   _c_int00_noexit
0000fffe   _reset_vector
00004360   _stack
00007c8a   _system_pre_init
00002378   abIEP0Buffer
00002370   abOEP0Buffer
000027fc   abUsbRequestReturnData
00007c8e   abort
00002746   abramSerialStringDescriptor
00007e56   abromConfigurationDescriptorGroup
00007e76   abromDeviceDescriptor
00007d8e   abromStringDescriptor
00002843   bDetectCard
0000285e   bEnumerationStatus
0000285d   bFunctionSuspended
00007e12   bScsi_Standard_Inquiry_Data
00002822   bStatusAction
ffffffff   binit
00006d1e   checkInsertionRemoval
0000765c   detectCard
000057ae   disk_initialize
00005e32   disk_ioctl
00006638   disk_read
0000791a   disk_status
000061ca   disk_write
00004400   iUsbInterruptHandler
00004fc6   main
000027e8   mediaInfo
0000773c   memcpy
000076ba   memcpyDMA0
000074c2   memcpyV
0000793a   memset
00001c00   pbXBufferAddressEp1
00001d00   pbXBufferAddressEp2
00001e00   pbXBufferAddressEp3
00001f00   pbXBufferAddressEp4
00002000   pbXBufferAddressEp5
00002100   pbXBufferAddressEp6
00002200   pbXBufferAddressEp7
00001c80   pbXBufferAddressEp81
00001d80   pbXBufferAddressEp82
00001e80   pbXBufferAddressEp83
00001f80   pbXBufferAddressEp84
00002080   pbXBufferAddressEp85
00002180   pbXBufferAddressEp86
00002280   pbXBufferAddressEp87
00001c40   pbYBufferAddressEp1
00001d40   pbYBufferAddressEp2
00001e40   pbYBufferAddressEp3
00001f40   pbYBufferAddressEp4
00002040   pbYBufferAddressEp5
00002140   pbYBufferAddressEp6
00002240   pbYBufferAddressEp7
00001cc0   pbYBufferAddressEp81
00001dc0   pbYBufferAddressEp82
00001ec0   pbYBufferAddressEp83
00001fc0   pbYBufferAddressEp84
000020c0   pbYBufferAddressEp85
000021c0   pbYBufferAddressEp86
000022c0   pbYBufferAddressEp87
00002700   sRwbuf
000069d8   sd_reset
00007e98   stUsbHandle
00000920   tEndPoint0DescriptorBlock
000023c8   tInputEndPointDescriptorBlock
00002388   tOutputEndPointDescriptorBlock
00002380   tSetupPacket
00007c92   tUsbRequestList
00007ac2   usbClearDeviceFeature
00006864   usbClearEndpointFeature
00007c50   usbClearOEP0ByteCount
00007b34   usbClearOEPByteCount
000065a2   usbDecodeAndProcessUsbRequest
0000784c   usbDisableInEndpointInterrupt
00007870   usbDisableOutEndpointInterrupt
00007ba0   usbGetConfiguration
00007b4a   usbGetConfigurationDescriptor
00007b60   usbGetDeviceDescriptor
000076e6   usbGetDeviceStatus
000066cc   usbGetEndpointStatus
000079ba   usbGetInterface
000079d8   usbGetInterfaceStatus
00007058   usbGetStringDescriptor
00007be8   usbInvalidRequest
00006ecc   usbReceiveNextPacketOnOEP0
00007c56   usbRestoreInEndpointInterrupt
00007c5c   usbRestoreOutEndpointInterrupt
000078d8   usbSendDataPacketOnEP0
00006b30   usbSendNextPacketOnIEP0
00007bf6   usbSendZeroLengthPacketOnIEP0
0000795a   usbSetAddress
0000797a   usbSetConfiguration
00007ada   usbSetDeviceFeature
00007134   usbSetEndpointFeature
000074f8   usbSetInterface
0000799a   usbStallEndpoint
00007c0e   usbStallEndpoint0
00007b76   usbStallInEndpoint
00007c62   usbStallOEP0
00007a60   usbStallOutEndpoint
00006338   validateCSD
00002818   wBytesRemainingOnIEP0
0000281a   wBytesRemainingOnOEP0
0000281c   wUsbEventMask


GLOBAL SYMBOLS: SORTED BY Symbol Address 

address    name
--------   ----
00000001   __TI_args_main
00000001   __TI_exit
000000a0   __STACK_SIZE
00000100   SFRIE1
00000100   SFRIE1_L
00000101   SFRIE1_H
00000102   SFRIFG1
00000102   SFRIFG1_L
00000103   SFRIFG1_H
00000104   SFRRPCR
00000104   SFRRPCR_L
00000105   SFRRPCR_H
00000120   PMMCTL0
00000120   PMMCTL0_L
00000121   PMMCTL0_H
00000122   PMMCTL1
00000122   PMMCTL1_L
00000123   PMMCTL1_H
00000124   SVSMHCTL
00000124   SVSMHCTL_L
00000125   SVSMHCTL_H
00000126   SVSMLCTL
00000126   SVSMLCTL_L
00000127   SVSMLCTL_H
00000128   SVSMIO
00000128   SVSMIO_L
00000129   SVSMIO_H
0000012c   PMMIFG
0000012c   PMMIFG_L
0000012d   PMMIFG_H
0000012e   PMMRIE
0000012e   PMMRIE_L
0000012f   PMMRIE_H
00000130   PM5CTL0
00000130   PM5CTL0_L
00000131   PM5CTL0_H
00000140   FCTL1
00000140   FCTL1_L
00000141   FCTL1_H
00000144   FCTL3
00000144   FCTL3_L
00000145   FCTL3_H
00000146   FCTL4
00000146   FCTL4_L
00000147   FCTL4_H
00000150   CRCDI
00000150   CRCDI_L
00000151   CRCDI_H
00000152   CRCDIRB
00000152   CRCDIRB_L
00000153   CRCDIRB_H
00000154   CRCINIRES
00000154   CRCINIRES_L
00000155   CRCINIRES_H
00000156   CRCRESR
00000156   CRCRESR_L
00000157   CRCRESR_H
00000158   RCCTL0
00000158   RCCTL0_L
00000159   RCCTL0_H
0000015c   WDTCTL
0000015c   WDTCTL_L
0000015d   WDTCTL_H
00000160   UCSCTL0
00000160   UCSCTL0_L
00000161   UCSCTL0_H
00000162   UCSCTL1
00000162   UCSCTL1_L
00000163   UCSCTL1_H
00000164   UCSCTL2
00000164   UCSCTL2_L
00000165   UCSCTL2_H
00000166   UCSCTL3
00000166   UCSCTL3_L
00000167   UCSCTL3_H
00000168   UCSCTL4
00000168   UCSCTL4_L
00000169   UCSCTL4_H
0000016a   UCSCTL5
0000016a   UCSCTL5_L
0000016b   UCSCTL5_H
0000016c   UCSCTL6
0000016c   UCSCTL6_L
0000016d   UCSCTL6_H
0000016e   UCSCTL7
0000016e   UCSCTL7_L
0000016f   UCSCTL7_H
00000170   UCSCTL8
00000170   UCSCTL8_L
00000171   UCSCTL8_H
00000180   SYSCTL
00000180   SYSCTL_L
00000181   SYSCTL_H
00000182   SYSBSLC
00000182   SYSBSLC_L
00000183   SYSBSLC_H
00000186   SYSJMBC
00000186   SYSJMBC_L
00000187   SYSJMBC_H
00000188   SYSJMBI0
00000188   SYSJMBI0_L
00000189   SYSJMBI0_H
0000018a   SYSJMBI1
0000018a   SYSJMBI1_L
0000018b   SYSJMBI1_H
0000018c   SYSJMBO0
0000018c   SYSJMBO0_L
0000018d   SYSJMBO0_H
0000018e   SYSJMBO1
0000018e   SYSJMBO1_L
0000018f   SYSJMBO1_H
00000198   SYSBERRIV
00000198   SYSBERRIV_L
00000199   SYSBERRIV_H
0000019a   SYSUNIV
0000019a   SYSUNIV_L
0000019b   SYSUNIV_H
0000019c   SYSSNIV
0000019c   SYSSNIV_L
0000019d   SYSSNIV_H
0000019e   SYSRSTIV
0000019e   SYSRSTIV_L
0000019f   SYSRSTIV_H
000001b0   REFCTL0
000001b0   REFCTL0_L
000001b1   REFCTL0_H
000001c0   PMAPKEYID
000001c0   PMAPKEYID_L
000001c1   PMAPKEYID_H
000001c2   PMAPCTL
000001c2   PMAPCTL_L
000001c3   PMAPCTL_H
000001e0   P4MAP01
000001e0   P4MAP01_L
000001e1   P4MAP01_H
000001e2   P4MAP23
000001e2   P4MAP23_L
000001e3   P4MAP23_H
000001e4   P4MAP45
000001e4   P4MAP45_L
000001e5   P4MAP45_H
000001e6   P4MAP67
000001e6   P4MAP67_L
000001e7   P4MAP67_H
00000200   PAIN
00000200   PAIN_L
00000201   PAIN_H
00000202   PAOUT
00000202   PAOUT_L
00000203   PAOUT_H
00000204   PADIR
00000204   PADIR_L
00000205   PADIR_H
00000206   PAREN
00000206   PAREN_L
00000207   PAREN_H
00000208   PADS
00000208   PADS_L
00000209   PADS_H
0000020a   PASEL
0000020a   PASEL_L
0000020b   PASEL_H
0000020e   P1IV
00000218   PAIES
00000218   PAIES_L
00000219   PAIES_H
0000021a   PAIE
0000021a   PAIE_L
0000021b   PAIE_H
0000021c   PAIFG
0000021c   PAIFG_L
0000021d   PAIFG_H
0000021e   P2IV
00000220   PBIN
00000220   PBIN_L
00000221   PBIN_H
00000222   PBOUT
00000222   PBOUT_L
00000223   PBOUT_H
00000224   PBDIR
00000224   PBDIR_L
00000225   PBDIR_H
00000226   PBREN
00000226   PBREN_L
00000227   PBREN_H
00000228   PBDS
00000228   PBDS_L
00000229   PBDS_H
0000022a   PBSEL
0000022a   PBSEL_L
0000022b   PBSEL_H
00000240   PCIN
00000240   PCIN_L
00000241   PCIN_H
00000242   PCOUT
00000242   PCOUT_L
00000243   PCOUT_H
00000244   PCDIR
00000244   PCDIR_L
00000245   PCDIR_H
00000246   PCREN
00000246   PCREN_L
00000247   PCREN_H
00000248   PCDS
00000248   PCDS_L
00000249   PCDS_H
0000024a   PCSEL
0000024a   PCSEL_L
0000024b   PCSEL_H
00000260   PDIN
00000260   PDIN_L
00000261   PDIN_H
00000262   PDOUT
00000262   PDOUT_L
00000263   PDOUT_H
00000264   PDDIR
00000264   PDDIR_L
00000265   PDDIR_H
00000266   PDREN
00000266   PDREN_L
00000267   PDREN_H
00000268   PDDS
00000268   PDDS_L
00000269   PDDS_H
0000026a   PDSEL
0000026a   PDSEL_L
0000026b   PDSEL_H
00000320   PJIN
00000320   PJIN_L
00000321   PJIN_H
00000322   PJOUT
00000322   PJOUT_L
00000323   PJOUT_H
00000324   PJDIR
00000324   PJDIR_L
00000325   PJDIR_H
00000326   PJREN
00000326   PJREN_L
00000327   PJREN_H
00000328   PJDS
00000328   PJDS_L
00000329   PJDS_H
00000340   TA0CTL
00000342   TA0CCTL0
00000344   TA0CCTL1
00000346   TA0CCTL2
00000348   TA0CCTL3
0000034a   TA0CCTL4
00000350   TA0R
00000352   TA0CCR0
00000354   TA0CCR1
00000356   TA0CCR2
00000358   TA0CCR3
0000035a   TA0CCR4
00000360   TA0EX0
0000036e   TA0IV
00000380   TA1CTL
00000382   TA1CCTL0
00000384   TA1CCTL1
00000386   TA1CCTL2
00000390   TA1R
00000392   TA1CCR0
00000394   TA1CCR1
00000396   TA1CCR2
000003a0   TA1EX0
000003ae   TA1IV
000003c0   TB0CTL
000003c2   TB0CCTL0
000003c4   TB0CCTL1
000003c6   TB0CCTL2
000003c8   TB0CCTL3
000003ca   TB0CCTL4
000003cc   TB0CCTL5
000003ce   TB0CCTL6
000003d0   TB0R
000003d2   TB0CCR0
000003d4   TB0CCR1
000003d6   TB0CCR2
000003d8   TB0CCR3
000003da   TB0CCR4
000003dc   TB0CCR5
000003de   TB0CCR6
000003e0   TB0EX0
000003ee   TB0IV
00000400   TA2CTL
00000402   TA2CCTL0
00000404   TA2CCTL1
00000406   TA2CCTL2
00000410   TA2R
00000412   TA2CCR0
00000414   TA2CCR1
00000416   TA2CCR2
00000420   TA2EX0
0000042e   TA2IV
000004a0   RTCCTL01
000004a0   RTCCTL01_L
000004a1   RTCCTL01_H
000004a2   RTCCTL23
000004a2   RTCCTL23_L
000004a3   RTCCTL23_H
000004a8   RTCPS0CTL
000004a8   RTCPS0CTL_L
000004a9   RTCPS0CTL_H
000004aa   RTCPS1CTL
000004aa   RTCPS1CTL_L
000004ab   RTCPS1CTL_H
000004ac   RTCPS
000004ac   RTCPS_L
000004ad   RTCPS_H
000004ae   RTCIV
000004b0   RTCTIM0
000004b0   RTCTIM0_L
000004b1   RTCTIM0_H
000004b2   RTCTIM1
000004b2   RTCTIM1_L
000004b3   RTCTIM1_H
000004b4   RTCDATE
000004b4   RTCDATE_L
000004b5   RTCDATE_H
000004b6   RTCYEAR
000004b6   RTCYEAR_L
000004b7   RTCYEAR_H
000004b8   RTCAMINHR
000004b8   RTCAMINHR_L
000004b9   RTCAMINHR_H
000004ba   RTCADOWDAY
000004ba   RTCADOWDAY_L
000004bb   RTCADOWDAY_H
000004c0   MPY
000004c0   MPY_L
000004c1   MPY_H
000004c2   MPYS
000004c2   MPYS_L
000004c3   MPYS_H
000004c4   MAC
000004c4   MAC_L
000004c5   MAC_H
000004c6   MACS
000004c6   MACS_L
000004c7   MACS_H
000004c8   OP2
000004c8   OP2_L
000004c9   OP2_H
000004ca   RESLO
000004ca   RESLO_L
000004cb   RESLO_H
000004cc   RESHI
000004cc   RESHI_L
000004cd   RESHI_H
000004ce   SUMEXT
000004ce   SUMEXT_L
000004cf   SUMEXT_H
000004d0   MPY32L
000004d0   MPY32L_L
000004d1   MPY32L_H
000004d2   MPY32H
000004d2   MPY32H_L
000004d3   MPY32H_H
000004d4   MPYS32L
000004d4   MPYS32L_L
000004d5   MPYS32L_H
000004d6   MPYS32H
000004d6   MPYS32H_L
000004d7   MPYS32H_H
000004d8   MAC32L
000004d8   MAC32L_L
000004d9   MAC32L_H
000004da   MAC32H
000004da   MAC32H_L
000004db   MAC32H_H
000004dc   MACS32L
000004dc   MACS32L_L
000004dd   MACS32L_H
000004de   MACS32H
000004de   MACS32H_L
000004df   MACS32H_H
000004e0   OP2L
000004e0   OP2L_L
000004e1   OP2L_H
000004e2   OP2H
000004e2   OP2H_L
000004e3   OP2H_H
000004e4   RES0
000004e4   RES0_L
000004e5   RES0_H
000004e6   RES1
000004e6   RES1_L
000004e7   RES1_H
000004e8   RES2
000004e8   RES2_L
000004e9   RES2_H
000004ea   RES3
000004ea   RES3_L
000004eb   RES3_H
000004ec   MPY32CTL0
000004ec   MPY32CTL0_L
000004ed   MPY32CTL0_H
00000500   DMACTL0
00000500   DMACTL0_L
00000501   DMACTL0_H
00000502   DMACTL1
00000502   DMACTL1_L
00000503   DMACTL1_H
00000504   DMACTL2
00000504   DMACTL2_L
00000505   DMACTL2_H
00000506   DMACTL3
00000506   DMACTL3_L
00000507   DMACTL3_H
00000508   DMACTL4
00000508   DMACTL4_L
00000509   DMACTL4_H
0000050e   DMAIV
0000050e   DMAIV_L
0000050f   DMAIV_H
00000510   DMA0CTL
00000510   DMA0CTL_L
00000511   DMA0CTL_H
00000512   DMA0SA
00000512   DMA0SAL
00000516   DMA0DA
00000516   DMA0DAL
0000051a   DMA0SZ
00000520   DMA1CTL
00000520   DMA1CTL_L
00000521   DMA1CTL_H
00000522   DMA1SA
00000522   DMA1SAL
00000526   DMA1DA
00000526   DMA1DAL
0000052a   DMA1SZ
00000530   DMA2CTL
00000530   DMA2CTL_L
00000531   DMA2CTL_H
00000532   DMA2SA
00000532   DMA2SAL
00000536   DMA2DA
00000536   DMA2DAL
0000053a   DMA2SZ
000005c0   UCA0CTLW0
000005c0   UCA0CTLW0_L
000005c1   UCA0CTLW0_H
000005c6   UCA0BRW
000005c6   UCA0BRW_L
000005c7   UCA0BRW_H
000005c8   UCA0MCTL
000005ca   UCA0STAT
000005cc   UCA0RXBUF
000005ce   UCA0TXBUF
000005d0   UCA0ABCTL
000005d2   UCA0IRCTL
000005d2   UCA0IRCTL_L
000005d3   UCA0IRCTL_H
000005dc   UCA0ICTL
000005dc   UCA0ICTL_L
000005dd   UCA0ICTL_H
000005de   UCA0IV
000005e0   UCB0CTLW0
000005e0   UCB0CTLW0_L
000005e1   UCB0CTLW0_H
000005e6   UCB0BRW
000005e6   UCB0BRW_L
000005e7   UCB0BRW_H
000005ea   UCB0STAT
000005ec   UCB0RXBUF
000005ee   UCB0TXBUF
000005f0   UCB0I2COA
000005f0   UCB0I2COA_L
000005f1   UCB0I2COA_H
000005f2   UCB0I2CSA
000005f2   UCB0I2CSA_L
000005f3   UCB0I2CSA_H
000005fc   UCB0ICTL
000005fc   UCB0ICTL_L
000005fd   UCB0ICTL_H
000005fe   UCB0IV
00000600   UCA1CTLW0
00000600   UCA1CTLW0_L
00000601   UCA1CTLW0_H
00000606   UCA1BRW
00000606   UCA1BRW_L
00000607   UCA1BRW_H
00000608   UCA1MCTL
0000060a   UCA1STAT
0000060c   UCA1RXBUF
0000060e   UCA1TXBUF
00000610   UCA1ABCTL
00000612   UCA1IRCTL
00000612   UCA1IRCTL_L
00000613   UCA1IRCTL_H
0000061c   UCA1ICTL
0000061c   UCA1ICTL_L
0000061d   UCA1ICTL_H
0000061e   UCA1IV
00000620   UCB1CTLW0
00000620   UCB1CTLW0_L
00000621   UCB1CTLW0_H
00000626   UCB1BRW
00000626   UCB1BRW_L
00000627   UCB1BRW_H
0000062a   UCB1STAT
0000062c   UCB1RXBUF
0000062e   UCB1TXBUF
00000630   UCB1I2COA
00000630   UCB1I2COA_L
00000631   UCB1I2COA_H
00000632   UCB1I2CSA
00000632   UCB1I2CSA_L
00000633   UCB1I2CSA_H
0000063c   UCB1ICTL
0000063c   UCB1ICTL_L
0000063d   UCB1ICTL_H
0000063e   UCB1IV
00000700   ADC12CTL0
00000700   ADC12CTL0_L
00000701   ADC12CTL0_H
00000702   ADC12CTL1
00000702   ADC12CTL1_L
00000703   ADC12CTL1_H
00000704   ADC12CTL2
00000704   ADC12CTL2_L
00000705   ADC12CTL2_H
0000070a   ADC12IFG
0000070a   ADC12IFG_L
0000070b   ADC12IFG_H
0000070c   ADC12IE
0000070c   ADC12IE_L
0000070d   ADC12IE_H
0000070e   ADC12IV
0000070e   ADC12IV_L
0000070f   ADC12IV_H
00000710   ADC12MCTL0
00000711   ADC12MCTL1
00000712   ADC12MCTL2
00000713   ADC12MCTL3
00000714   ADC12MCTL4
00000715   ADC12MCTL5
00000716   ADC12MCTL6
00000717   ADC12MCTL7
00000718   ADC12MCTL8
00000719   ADC12MCTL9
0000071a   ADC12MCTL10
0000071b   ADC12MCTL11
0000071c   ADC12MCTL12
0000071d   ADC12MCTL13
0000071e   ADC12MCTL14
0000071f   ADC12MCTL15
00000720   ADC12MEM0
00000720   ADC12MEM0_L
00000721   ADC12MEM0_H
00000722   ADC12MEM1
00000722   ADC12MEM1_L
00000723   ADC12MEM1_H
00000724   ADC12MEM2
00000724   ADC12MEM2_L
00000725   ADC12MEM2_H
00000726   ADC12MEM3
00000726   ADC12MEM3_L
00000727   ADC12MEM3_H
00000728   ADC12MEM4
00000728   ADC12MEM4_L
00000729   ADC12MEM4_H
0000072a   ADC12MEM5
0000072a   ADC12MEM5_L
0000072b   ADC12MEM5_H
0000072c   ADC12MEM6
0000072c   ADC12MEM6_L
0000072d   ADC12MEM6_H
0000072e   ADC12MEM7
0000072e   ADC12MEM7_L
0000072f   ADC12MEM7_H
00000730   ADC12MEM8
00000730   ADC12MEM8_L
00000731   ADC12MEM8_H
00000732   ADC12MEM9
00000732   ADC12MEM9_L
00000733   ADC12MEM9_H
00000734   ADC12MEM10
00000734   ADC12MEM10_L
00000735   ADC12MEM10_H
00000736   ADC12MEM11
00000736   ADC12MEM11_L
00000737   ADC12MEM11_H
00000738   ADC12MEM12
00000738   ADC12MEM12_L
00000739   ADC12MEM12_H
0000073a   ADC12MEM13
0000073a   ADC12MEM13_L
0000073b   ADC12MEM13_H
0000073c   ADC12MEM14
0000073c   ADC12MEM14_L
0000073d   ADC12MEM14_H
0000073e   ADC12MEM15
0000073e   ADC12MEM15_L
0000073f   ADC12MEM15_H
000008c0   CBCTL0
000008c0   CBCTL0_L
000008c1   CBCTL0_H
000008c2   CBCTL1
000008c2   CBCTL1_L
000008c3   CBCTL1_H
000008c4   CBCTL2
000008c4   CBCTL2_L
000008c5   CBCTL2_H
000008c6   CBCTL3
000008c6   CBCTL3_L
000008c7   CBCTL3_H
000008cc   CBINT
000008cc   CBINT_L
000008cd   CBINT_H
000008ce   CBIV
00000900   USBKEYID
00000900   USBKEYID_L
00000901   USBKEYID_H
00000902   USBCNF
00000902   USBCNF_L
00000903   USBCNF_H
00000904   USBPHYCTL
00000904   USBPHYCTL_L
00000905   USBPHYCTL_H
00000908   USBPWRCTL
00000908   USBPWRCTL_L
00000909   USBPWRCTL_H
00000910   USBPLLCTL
00000910   USBPLLCTL_L
00000911   USBPLLCTL_H
00000912   USBPLLDIVB
00000912   USBPLLDIVB_L
00000913   USBPLLDIVB_H
00000914   USBPLLIR
00000914   USBPLLIR_L
00000915   USBPLLIR_H
00000920   USBIEPCNF_0
00000920   tEndPoint0DescriptorBlock
00000921   USBIEPCNT_0
00000922   USBOEPCNF_0
00000923   USBOEPCNT_0
0000092e   USBIEPIE
0000092f   USBOEPIE
00000930   USBIEPIFG
00000931   USBOEPIFG
00000932   USBVECINT
00000932   USBVECINT_L
00000933   USBVECINT_H
00000936   USBMAINT
00000936   USBMAINT_L
00000937   USBMAINT_H
00000938   USBTSREG
00000938   USBTSREG_L
00000939   USBTSREG_H
0000093a   USBFN
0000093a   USBFN_L
0000093b   USBFN_H
0000093c   USBCTL
0000093d   USBIE
0000093e   USBIFG
0000093f   USBFUNADR
00001c00   USBSTABUFF
00001c00   pbXBufferAddressEp1
00001c40   pbYBufferAddressEp1
00001c80   pbXBufferAddressEp81
00001cc0   pbYBufferAddressEp81
00001d00   pbXBufferAddressEp2
00001d40   pbYBufferAddressEp2
00001d80   pbXBufferAddressEp82
00001dc0   pbYBufferAddressEp82
00001e00   pbXBufferAddressEp3
00001e40   pbYBufferAddressEp3
00001e80   pbXBufferAddressEp83
00001ec0   pbYBufferAddressEp83
00001f00   pbXBufferAddressEp4
00001f40   pbYBufferAddressEp4
00001f80   pbXBufferAddressEp84
00001fc0   pbYBufferAddressEp84
00002000   pbXBufferAddressEp5
00002040   pbYBufferAddressEp5
00002080   pbXBufferAddressEp85
000020c0   pbYBufferAddressEp85
00002100   pbXBufferAddressEp6
00002140   pbYBufferAddressEp6
00002180   pbXBufferAddressEp86
000021c0   pbYBufferAddressEp86
00002200   pbXBufferAddressEp7
00002240   pbYBufferAddressEp7
00002280   pbXBufferAddressEp87
000022c0   pbYBufferAddressEp87
0000236f   USBTOPBUFF
00002370   USBOEP0BUF
00002370   abOEP0Buffer
00002378   USBIEP0BUF
00002378   abIEP0Buffer
00002380   USBSUBLK
00002380   tSetupPacket
00002388   USBOEPCNF_1
00002388   tOutputEndPointDescriptorBlock
00002389   USBOEPBBAX_1
0000238a   USBOEPBCTX_1
0000238d   USBOEPBBAY_1
0000238e   USBOEPBCTY_1
0000238f   USBOEPSIZXY_1
00002390   USBOEPCNF_2
00002391   USBOEPBBAX_2
00002392   USBOEPBCTX_2
00002395   USBOEPBBAY_2
00002396   USBOEPBCTY_2
00002397   USBOEPSIZXY_2
00002398   USBOEPCNF_3
00002399   USBOEPBBAX_3
0000239a   USBOEPBCTX_3
0000239d   USBOEPBBAY_3
0000239e   USBOEPBCTY_3
0000239f   USBOEPSIZXY_3
000023a0   USBOEPCNF_4
000023a1   USBOEPBBAX_4
000023a2   USBOEPBCTX_4
000023a5   USBOEPBBAY_4
000023a6   USBOEPBCTY_4
000023a7   USBOEPSIZXY_4
000023a8   USBOEPCNF_5
000023a9   USBOEPBBAX_5
000023aa   USBOEPBCTX_5
000023ad   USBOEPBBAY_5
000023ae   USBOEPBCTY_5
000023af   USBOEPSIZXY_5
000023b0   USBOEPCNF_6
000023b1   USBOEPBBAX_6
000023b2   USBOEPBCTX_6
000023b5   USBOEPBBAY_6
000023b6   USBOEPBCTY_6
000023b7   USBOEPSIZXY_6
000023b8   USBOEPCNF_7
000023b9   USBOEPBBAX_7
000023ba   USBOEPBCTX_7
000023bd   USBOEPBBAY_7
000023be   USBOEPBCTY_7
000023bf   USBOEPSIZXY_7
000023c8   USBIEPCNF_1
000023c8   tInputEndPointDescriptorBlock
000023c9   USBIEPBBAX_1
000023ca   USBIEPBCTX_1
000023cd   USBIEPBBAY_1
000023ce   USBIEPBCTY_1
000023cf   USBIEPSIZXY_1
000023d0   USBIEPCNF_2
000023d1   USBIEPBBAX_2
000023d2   USBIEPBCTX_2
000023d5   USBIEPBBAY_2
000023d6   USBIEPBCTY_2
000023d7   USBIEPSIZXY_2
000023d8   USBIEPCNF_3
000023d9   USBIEPBBAX_3
000023da   USBIEPBCTX_3
000023dd   USBIEPBBAY_3
000023de   USBIEPBCTY_3
000023df   USBIEPSIZXY_3
000023e0   USBIEPCNF_4
000023e1   USBIEPBBAX_4
000023e2   USBIEPBCTX_4
000023e5   USBIEPBBAY_4
000023e6   USBIEPBCTY_4
000023e7   USBIEPSIZXY_4
000023e8   USBIEPCNF_5
000023e9   USBIEPBBAX_5
000023ea   USBIEPBCTX_5
000023ed   USBIEPBBAY_5
000023ee   USBIEPBCTY_5
000023ef   USBIEPSIZXY_5
000023f0   USBIEPCNF_6
000023f1   USBIEPBBAX_6
000023f2   USBIEPBCTX_6
000023f5   USBIEPBBAY_6
000023f6   USBIEPBCTY_6
000023f7   USBIEPSIZXY_6
000023f8   USBIEPCNF_7
000023f9   USBIEPBBAX_7
000023fa   USBIEPBCTX_7
000023fd   USBIEPBBAY_7
000023fe   USBIEPBCTY_7
000023ff   USBIEPSIZXY_7
00002400   RWbuf
00002600   Scsi_Standard_Inquiry_Data
00002700   sRwbuf
00002724   MscWriteControl
00002746   abramSerialStringDescriptor
00002768   McsCbw
00002788   RequestSenseResponse
000027a8   MscReadControl
000027c6   MscState
000027da   McsCsw
000027e8   mediaInfo
000027f4   Scsi_Read_Capacity_10
000027fc   abUsbRequestReturnData
00002804   RWbuf_info
00002808   USB_RX_memcpy
0000280c   USB_TX_memcpy
00002818   wBytesRemainingOnIEP0
0000281a   wBytesRemainingOnOEP0
0000281c   wUsbEventMask
00002822   bStatusAction
00002824   USBMSC_config
00002843   bDetectCard
00002844   MscControl
00002854   Scsi_Mode_Sense_10
0000285d   bFunctionSuspended
0000285e   bEnumerationStatus
00002860   VERSION
00002864   Scsi_Mode_Sense_6
00002868   INS
00004360   _stack
00004400   __STACK_END
00004400   iUsbInterruptHandler
0000450e   UNMI_ISR
0000454c   _c_int00
0000454c   _c_int00_noexit
00004566   TIMER0_A0_ISR
00004572   MSCFromHostToBuffer
0000496c   USBMSC_bufferProcessed
00004d0e   MSCToHostFromBuffer
00004fc6   main
000051ca   Scsi_Cmd_Parser
000053c0   Scsi_Inquiry
0000552c   USBMSC_updateMediaInfo
00005674   USB_reset
000057ae   disk_initialize
000058e6   USBMSC_poll
00005a0e   Scsi_Write10
00005b2c   Check_CBW
00005c38   Scsi_Request_Sense
00005d36   Scsi_Read10
00005e32   disk_ioctl
00005f26   Init_FLL
0000600e   USB_InitSerialStringDescriptor
000061ca   disk_write
00006338   validateCSD
00006474   USB_enable
0000650c   USB_connectionState
000065a2   usbDecodeAndProcessUsbRequest
00006638   disk_read
000066cc   usbGetEndpointStatus
0000675a   Reset_RequestSenseResponse
000067e0   Scsi_Unknown_Request
00006864   usbClearEndpointFeature
000068e4   _auto_init
00006962   USBMSC_registerBufInfo
000069d8   sd_reset
00006a4e   MscSendData
00006ac0   MscCopyUsbToBuff
00006b30   usbSendNextPacketOnIEP0
00006b9e   USB_init
00006c6a   Scsi_Mode_Sense10
00006cc4   Scsi_Mode_Sense6
00006d1e   checkInsertionRemoval
00006dd0   Msc_ResetStruct
00006e26   Scsi_Verify_CBW
00006ecc   usbReceiveNextPacketOnOEP0
00006f1e   Get_TLV_Info
00006f6e   SD_SendCommand
00006fbe   SD_SendCommand1
0000700c   SDCard_init
00007058   usbGetStringDescriptor
000070a4   PWRVBUSoffHandler
000070ec   SetupPacketInterruptHandler
00007134   usbSetEndpointFeature
0000717c   Init_Ports
000071be   USBMSC_getState
00007200   SetVCore
00007240   XT2_Start_Timeout
0000727e   __mspabi_sral_15
00007282   __mspabi_sral_14
00007286   __mspabi_sral_13
0000728a   __mspabi_sral_12
0000728e   __mspabi_sral_11
00007292   __mspabi_sral_10
00007296   __mspabi_sral_9
0000729a   __mspabi_sral_8
0000729e   __mspabi_sral_7
000072a2   __mspabi_sral_6
000072a6   __mspabi_sral_5
000072aa   __mspabi_sral_4
000072ae   __mspabi_sral_3
000072b2   __mspabi_sral_2
000072b6   __mspabi_sral_1
000072bc   __mspabi_slll_15
000072c0   __mspabi_slll_14
000072c4   __mspabi_slll_13
000072c8   __mspabi_slll_12
000072cc   __mspabi_slll_11
000072d0   __mspabi_slll_10
000072d4   __mspabi_slll_9
000072d8   __mspabi_slll_8
000072dc   __mspabi_slll_7
000072e0   __mspabi_slll_6
000072e4   __mspabi_slll_5
000072e8   __mspabi_slll_4
000072ec   __mspabi_slll_3
000072f0   __mspabi_slll_2
000072f4   __mspabi_slll_1
000072fa   __mspabi_srll_15
000072fe   __mspabi_srll_14
00007302   __mspabi_srll_13
00007306   __mspabi_srll_12
0000730a   __mspabi_srll_11
0000730e   __mspabi_srll_10
00007312   __mspabi_srll_9
00007316   __mspabi_srll_8
0000731a   __mspabi_srll_7
0000731e   __mspabi_srll_6
00007322   __mspabi_srll_5
00007326   __mspabi_srll_4
0000732a   __mspabi_srll_3
0000732e   __mspabi_srll_2
00007332   __mspabi_srll_1
00007338   Scsi_Send_CSW
00007374   Init_Clock
000073ae   SDCard_readFrame
000073e6   USBMSC_reset
0000741e   USB_initMemcpy
00007456   Init_FLL_Settle
0000748c   PWRVBUSonHandler
000074c2   memcpyV
000074f8   usbSetInterface
00007564   Msc_ResetStateMachine
00007598   Scsi_Read_Capacity10
000075ca   USB_suspend
000075fc   USB_connectionInfo
0000762c   XT2_Start
0000765c   detectCard
0000768c   SDCard_sendFrame
000076ba   memcpyDMA0
000076e6   usbGetDeviceStatus
00007712   SPI_WriteByte
0000773c   memcpy
00007766   SET_RequestsenseMediaNotPresent
0000778e   SET_RequestsenseNotReady
000077b6   Scsi_Report_Luns
000077de   MscResetData
00007804   OEP0InterruptHandler
00007828   __TI_zero_init
0000784c   usbDisableInEndpointInterrupt
00007870   usbDisableOutEndpointInterrupt
00007894   USB_disable
000078b6   __mspabi_mpyl_f5hw
000078d8   usbSendDataPacketOnEP0
000078fa   MscResetCtrlLun
0000791a   disk_status
0000793a   memset
0000795a   usbSetAddress
0000797a   usbSetConfiguration
0000799a   usbStallEndpoint
000079ba   usbGetInterface
000079d8   usbGetInterfaceStatus
000079f6   IEP0InterruptHandler
00007a12   Get_MaxLUN
00007a2c   USB_connect
00007a46   __mspabi_mpyul_f5hw
00007a60   usbStallOutEndpoint
00007a7a   Scsi_Test_Unit_Ready
00007a92   USB_resume
00007ac2   usbClearDeviceFeature
00007ada   usbSetDeviceFeature
00007af2   __TI_decompress_none
00007b08   __mspabi_divu
00007b08   __mspabi_remu
00007b1e   __mspabi_mpyi_f5hw
00007b34   usbClearOEPByteCount
00007b4a   usbGetConfigurationDescriptor
00007b60   usbGetDeviceDescriptor
00007b76   usbStallInEndpoint
00007b8c   USB_handleVbusOnEvent
00007ba0   usbGetConfiguration
00007bb4   SDCard_fastMode
00007bd8   __mspabi_slll
00007be8   usbInvalidRequest
00007bf6   usbSendZeroLengthPacketOnIEP0
00007c04   __mspabi_slli
00007c0e   usbStallEndpoint0
00007c18   USB_setEnabledEvents
00007c20   Msc_ResetFlags
00007c26   SDCard_setCSHigh
00007c2c   SDCard_setCSLow
00007c32   USBMSC_fetchInfoStruct
00007c38   USB_getVersion
00007c3e   __TI_ISR_TRAP
00007c44   __TI_decompress_rle24
00007c50   usbClearOEP0ByteCount
00007c56   usbRestoreInEndpointInterrupt
00007c5c   usbRestoreOutEndpointInterrupt
00007c62   usbStallOEP0
00007c6e   USBMSC_handleBufferEvent
00007c72   USB_handleClockEvent
00007c76   USB_handleEnumCompleteEvent
00007c7a   USB_handleResetEvent
00007c7e   USB_handleResumeEvent
00007c82   USB_handleSuspendEvent
00007c86   USB_handleVbusOffEvent
00007c8a   _system_pre_init
00007c8e   C$$EXIT
00007c8e   abort
00007c92   tUsbRequestList
00007d8e   abromStringDescriptor
00007e12   bScsi_Standard_Inquiry_Data
00007e56   abromConfigurationDescriptorGroup
00007e76   abromDeviceDescriptor
00007e88   Report_Luns
00007e98   stUsbHandle
00007ea8   BYTES_PER_BLOCK
00007ed4   __TI_Handler_Table_Base
00007ee0   __TI_Handler_Table_Limit
00007ee6   __TI_CINIT_Base
00007ef6   __TI_CINIT_Limit
0000ffd2   __TI_int41
0000ffd4   __TI_int42
0000ffd6   __TI_int43
0000ffd8   __TI_int44
0000ffda   __TI_int45
0000ffdc   __TI_int46
0000ffde   __TI_int47
0000ffe0   __TI_int48
0000ffe2   __TI_int49
0000ffe4   __TI_int50
0000ffe6   __TI_int51
0000ffe8   __TI_int52
0000ffea   __TI_int53
0000ffec   __TI_int54
0000ffee   __TI_int55
0000fff0   __TI_int56
0000fff2   __TI_int57
0000fff4   __TI_int58
0000fff6   __TI_int59
0000fff8   __TI_int60
0000fffa   __TI_int61
0000fffc   __TI_int62
0000fffe   _reset_vector
ffffffff   __binit__
ffffffff   __c_args__
ffffffff   binit
UNDEFED    __TI_INITARRAY_Base
UNDEFED    __TI_INITARRAY_Limit

[1038 symbols]
