<?xml version="1.0"?>
<link_info>
   <banner>MSP430 Linker PC v4.1.5</banner>
   <copyright>Copyright (c) 2003-2013 Texas Instruments Incorporated</copyright>
   <link_time>0x53870daf</link_time>
   <output_file>Lab06-3 SD_Card.out</output_file>
   <entry_point>
      <name>_c_int00</name>
      <address>0x454c</address>
   </entry_point>
   <input_file_list>
      <input_file id="fl-2">
         <path>.\F5xx_F6xx_Core_Lib\</path>
         <kind>object</kind>
         <file>HAL_UCS.obj</file>
         <name>HAL_UCS.obj</name>
      </input_file>
      <input_file id="fl-3">
         <path>.\F5xx_F6xx_Core_Lib\</path>
         <kind>object</kind>
         <file>HAL_TLV.obj</file>
         <name>HAL_TLV.obj</name>
      </input_file>
      <input_file id="fl-4">
         <path>.\F5xx_F6xx_Core_Lib\</path>
         <kind>object</kind>
         <file>HAL_PMM.obj</file>
         <name>HAL_PMM.obj</name>
      </input_file>
      <input_file id="fl-5">
         <path>.\F5xx_F6xx_Core_Lib\</path>
         <kind>object</kind>
         <file>HAL_PMAP.obj</file>
         <name>HAL_PMAP.obj</name>
      </input_file>
      <input_file id="fl-6">
         <path>.\F5xx_F6xx_Core_Lib\</path>
         <kind>object</kind>
         <file>HAL_FLASH.obj</file>
         <name>HAL_FLASH.obj</name>
      </input_file>
      <input_file id="fl-7">
         <path>.\FatFs\</path>
         <kind>object</kind>
         <file>mmc.obj</file>
         <name>mmc.obj</name>
      </input_file>
      <input_file id="fl-8">
         <path>.\FatFs\</path>
         <kind>object</kind>
         <file>ff.obj</file>
         <name>ff.obj</name>
      </input_file>
      <input_file id="fl-9">
         <path>.\FatFs\</path>
         <kind>object</kind>
         <file>HAL_SDCard.obj</file>
         <name>HAL_SDCard.obj</name>
      </input_file>
      <input_file id="fl-a">
         <path>.\USB_API\USB_CDC_API\</path>
         <kind>object</kind>
         <file>UsbCdc.obj</file>
         <name>UsbCdc.obj</name>
      </input_file>
      <input_file id="fl-b">
         <path>.\USB_API\USB_Common\</path>
         <kind>object</kind>
         <file>usb.obj</file>
         <name>usb.obj</name>
      </input_file>
      <input_file id="fl-c">
         <path>.\USB_API\USB_Common\</path>
         <kind>object</kind>
         <file>dma.obj</file>
         <name>dma.obj</name>
      </input_file>
      <input_file id="fl-d">
         <path>.\USB_API\USB_HID_API\</path>
         <kind>object</kind>
         <file>UsbHidReq.obj</file>
         <name>UsbHidReq.obj</name>
      </input_file>
      <input_file id="fl-e">
         <path>.\USB_API\USB_HID_API\</path>
         <kind>object</kind>
         <file>UsbHid.obj</file>
         <name>UsbHid.obj</name>
      </input_file>
      <input_file id="fl-f">
         <path>.\USB_API\USB_MSC_API\</path>
         <kind>object</kind>
         <file>UsbMscStateMachine.obj</file>
         <name>UsbMscStateMachine.obj</name>
      </input_file>
      <input_file id="fl-10">
         <path>.\USB_API\USB_MSC_API\</path>
         <kind>object</kind>
         <file>UsbMscScsi.obj</file>
         <name>UsbMscScsi.obj</name>
      </input_file>
      <input_file id="fl-11">
         <path>.\USB_API\USB_MSC_API\</path>
         <kind>object</kind>
         <file>UsbMscReq.obj</file>
         <name>UsbMscReq.obj</name>
      </input_file>
      <input_file id="fl-12">
         <path>.\USB_API\USB_PHDC_API\</path>
         <kind>object</kind>
         <file>UsbPHDC.obj</file>
         <name>UsbPHDC.obj</name>
      </input_file>
      <input_file id="fl-13">
         <path>.\USB_config\</path>
         <kind>object</kind>
         <file>descriptors.obj</file>
         <name>descriptors.obj</name>
      </input_file>
      <input_file id="fl-14">
         <path>.\USB_config\</path>
         <kind>object</kind>
         <file>UsbIsr.obj</file>
         <name>UsbIsr.obj</name>
      </input_file>
      <input_file id="fl-15">
         <path>.\</path>
         <kind>object</kind>
         <file>usbEventHandling.obj</file>
         <name>usbEventHandling.obj</name>
      </input_file>
      <input_file id="fl-16">
         <path>.\</path>
         <kind>object</kind>
         <file>main.obj</file>
         <name>main.obj</name>
      </input_file>
      <input_file id="fl-31">
         <path>C:\ti\ccsv5\tools\compiler\msp430_4.1.5\lib\</path>
         <kind>archive</kind>
         <file>rts430x_lc_ld_eabi.lib</file>
         <name>boot.obj</name>
      </input_file>
      <input_file id="fl-32">
         <path>C:\ti\ccsv5\tools\compiler\msp430_4.1.5\lib\</path>
         <kind>archive</kind>
         <file>rts430x_lc_ld_eabi.lib</file>
         <name>copy_decompress_none.obj</name>
      </input_file>
      <input_file id="fl-33">
         <path>C:\ti\ccsv5\tools\compiler\msp430_4.1.5\lib\</path>
         <kind>archive</kind>
         <file>rts430x_lc_ld_eabi.lib</file>
         <name>copy_decompress_rle.obj</name>
      </input_file>
      <input_file id="fl-34">
         <path>C:\ti\ccsv5\tools\compiler\msp430_4.1.5\lib\</path>
         <kind>archive</kind>
         <file>rts430x_lc_ld_eabi.lib</file>
         <name>copy_zero_init.obj</name>
      </input_file>
      <input_file id="fl-35">
         <path>C:\ti\ccsv5\tools\compiler\msp430_4.1.5\lib\</path>
         <kind>archive</kind>
         <file>rts430x_lc_ld_eabi.lib</file>
         <name>div16u.obj</name>
      </input_file>
      <input_file id="fl-36">
         <path>C:\ti\ccsv5\tools\compiler\msp430_4.1.5\lib\</path>
         <kind>archive</kind>
         <file>rts430x_lc_ld_eabi.lib</file>
         <name>div32u.obj</name>
      </input_file>
      <input_file id="fl-37">
         <path>C:\ti\ccsv5\tools\compiler\msp430_4.1.5\lib\</path>
         <kind>archive</kind>
         <file>rts430x_lc_ld_eabi.lib</file>
         <name>exit.obj</name>
      </input_file>
      <input_file id="fl-38">
         <path>C:\ti\ccsv5\tools\compiler\msp430_4.1.5\lib\</path>
         <kind>archive</kind>
         <file>rts430x_lc_ld_eabi.lib</file>
         <name>lsl16.obj</name>
      </input_file>
      <input_file id="fl-39">
         <path>C:\ti\ccsv5\tools\compiler\msp430_4.1.5\lib\</path>
         <kind>archive</kind>
         <file>rts430x_lc_ld_eabi.lib</file>
         <name>lsl32.obj</name>
      </input_file>
      <input_file id="fl-3a">
         <path>C:\ti\ccsv5\tools\compiler\msp430_4.1.5\lib\</path>
         <kind>archive</kind>
         <file>rts430x_lc_ld_eabi.lib</file>
         <name>lsr32.obj</name>
      </input_file>
      <input_file id="fl-3b">
         <path>C:\ti\ccsv5\tools\compiler\msp430_4.1.5\lib\</path>
         <kind>archive</kind>
         <file>rts430x_lc_ld_eabi.lib</file>
         <name>memcpy.obj</name>
      </input_file>
      <input_file id="fl-3c">
         <path>C:\ti\ccsv5\tools\compiler\msp430_4.1.5\lib\</path>
         <kind>archive</kind>
         <file>rts430x_lc_ld_eabi.lib</file>
         <name>memset.obj</name>
      </input_file>
      <input_file id="fl-3d">
         <path>C:\ti\ccsv5\tools\compiler\msp430_4.1.5\lib\</path>
         <kind>archive</kind>
         <file>rts430x_lc_ld_eabi.lib</file>
         <name>mult1632_f5hw.obj</name>
      </input_file>
      <input_file id="fl-3e">
         <path>C:\ti\ccsv5\tools\compiler\msp430_4.1.5\lib\</path>
         <kind>archive</kind>
         <file>rts430x_lc_ld_eabi.lib</file>
         <name>mult16_f5hw.obj</name>
      </input_file>
      <input_file id="fl-3f">
         <path>C:\ti\ccsv5\tools\compiler\msp430_4.1.5\lib\</path>
         <kind>archive</kind>
         <file>rts430x_lc_ld_eabi.lib</file>
         <name>mult32_f5hw.obj</name>
      </input_file>
      <input_file id="fl-40">
         <path>C:\ti\ccsv5\tools\compiler\msp430_4.1.5\lib\</path>
         <kind>archive</kind>
         <file>rts430x_lc_ld_eabi.lib</file>
         <name>pre_init.obj</name>
      </input_file>
      <input_file id="fl-41">
         <path>C:\ti\ccsv5\tools\compiler\msp430_4.1.5\lib\</path>
         <kind>archive</kind>
         <file>rts430x_lc_ld_eabi.lib</file>
         <name>_lock.obj</name>
      </input_file>
      <input_file id="fl-42">
         <path>C:\ti\ccsv5\tools\compiler\msp430_4.1.5\lib\</path>
         <kind>archive</kind>
         <file>rts430x_lc_ld_eabi.lib</file>
         <name>args_main.obj</name>
      </input_file>
      <input_file id="fl-43">
         <path>C:\ti\ccsv5\tools\compiler\msp430_4.1.5\lib\</path>
         <kind>archive</kind>
         <file>rts430x_lc_ld_eabi.lib</file>
         <name>autoinit.obj</name>
      </input_file>
      <input_file id="fl-44">
         <path>C:\ti\ccsv5\tools\compiler\msp430_4.1.5\lib\</path>
         <kind>archive</kind>
         <file>rts430x_lc_ld_eabi.lib</file>
         <name>asr32.obj</name>
      </input_file>
   </input_file_list>
   <object_component_list>
      <object_component id="oc-8c">
         <name>.stack</name>
         <uninitialized>true</uninitialized>
         <run_address>0x4360</run_address>
         <size>0x4</size>
         <input_file_ref idref="fl-31"/>
      </object_component>
      <object_component id="oc-595">
         <name>.stack</name>
         <uninitialized>true</uninitialized>
         <run_address>0x4360</run_address>
         <size>0x0</size>
      </object_component>
      <object_component id="oc-f9">
         <name>.text:MSCFromHostToBuffer</name>
         <load_address>0x4572</load_address>
         <run_address>0x4572</run_address>
         <size>0x406</size>
         <input_file_ref idref="fl-10"/>
      </object_component>
      <object_component id="oc-187">
         <name>.text:USBMSC_bufferProcessed</name>
         <load_address>0x4978</load_address>
         <run_address>0x4978</run_address>
         <size>0x3a2</size>
         <input_file_ref idref="fl-10"/>
      </object_component>
      <object_component id="oc-fe">
         <name>.text:MSCToHostFromBuffer</name>
         <load_address>0x4d1a</load_address>
         <run_address>0x4d1a</run_address>
         <size>0x2b8</size>
         <input_file_ref idref="fl-10"/>
      </object_component>
      <object_component id="oc-96">
         <name>.text:main</name>
         <load_address>0x4fd2</load_address>
         <run_address>0x4fd2</run_address>
         <size>0x210</size>
         <input_file_ref idref="fl-16"/>
      </object_component>
      <object_component id="oc-2de">
         <name>.text:Scsi_Cmd_Parser</name>
         <load_address>0x51e2</load_address>
         <run_address>0x51e2</run_address>
         <size>0x1f6</size>
         <input_file_ref idref="fl-10"/>
      </object_component>
      <object_component id="oc-425">
         <name>.text:Scsi_Inquiry</name>
         <load_address>0x53d8</load_address>
         <run_address>0x53d8</run_address>
         <size>0x16c</size>
         <input_file_ref idref="fl-10"/>
      </object_component>
      <object_component id="oc-15f">
         <name>.text:USBMSC_updateMediaInfo</name>
         <load_address>0x5544</load_address>
         <run_address>0x5544</run_address>
         <size>0x144</size>
         <input_file_ref idref="fl-10"/>
      </object_component>
      <object_component id="oc-d6">
         <name>.text:USB_reset</name>
         <load_address>0x5688</load_address>
         <run_address>0x5688</run_address>
         <size>0x13a</size>
         <input_file_ref idref="fl-b"/>
      </object_component>
      <object_component id="oc-13d">
         <name>.text:disk_initialize</name>
         <load_address>0x57c2</load_address>
         <run_address>0x57c2</run_address>
         <size>0x138</size>
         <input_file_ref idref="fl-7"/>
      </object_component>
      <object_component id="oc-178">
         <name>.text:USBMSC_poll</name>
         <load_address>0x58fa</load_address>
         <run_address>0x58fa</run_address>
         <size>0x128</size>
         <input_file_ref idref="fl-f"/>
      </object_component>
      <object_component id="oc-402">
         <name>.text:Scsi_Write10</name>
         <load_address>0x5a22</load_address>
         <run_address>0x5a22</run_address>
         <size>0x11e</size>
         <input_file_ref idref="fl-10"/>
      </object_component>
      <object_component id="oc-4d8">
         <name>.text:Check_CBW</name>
         <load_address>0x5b40</load_address>
         <run_address>0x5b40</run_address>
         <size>0x10c</size>
         <input_file_ref idref="fl-10"/>
      </object_component>
      <object_component id="oc-42a">
         <name>.text:Scsi_Request_Sense</name>
         <load_address>0x5c4c</load_address>
         <run_address>0x5c4c</run_address>
         <size>0xfe</size>
         <input_file_ref idref="fl-10"/>
      </object_component>
      <object_component id="oc-40c">
         <name>.text:Scsi_Read10</name>
         <load_address>0x5d4a</load_address>
         <run_address>0x5d4a</run_address>
         <size>0xfc</size>
         <input_file_ref idref="fl-10"/>
      </object_component>
      <object_component id="oc-158">
         <name>.text:disk_ioctl</name>
         <load_address>0x5e46</load_address>
         <run_address>0x5e46</run_address>
         <size>0xf4</size>
         <input_file_ref idref="fl-7"/>
      </object_component>
      <object_component id="oc-262">
         <name>.text:USB_InitSerialStringDescriptor</name>
         <load_address>0x5f3a</load_address>
         <run_address>0x5f3a</run_address>
         <size>0xec</size>
         <input_file_ref idref="fl-b"/>
      </object_component>
      <object_component id="oc-388">
         <name>.text:Init_FLL</name>
         <load_address>0x6026</load_address>
         <run_address>0x6026</run_address>
         <size>0xe6</size>
         <input_file_ref idref="fl-2"/>
      </object_component>
      <object_component id="oc-214">
         <name>.text:SetVCoreUp</name>
         <load_address>0x610c</load_address>
         <run_address>0x610c</run_address>
         <size>0xd4</size>
         <input_file_ref idref="fl-4"/>
      </object_component>
      <object_component id="oc-18c">
         <name>.text:disk_write</name>
         <load_address>0x61e0</load_address>
         <run_address>0x61e0</run_address>
         <size>0xbc</size>
         <input_file_ref idref="fl-7"/>
      </object_component>
      <object_component id="oc-23e">
         <name>.text:send_cmd</name>
         <load_address>0x629c</load_address>
         <run_address>0x629c</run_address>
         <size>0xb2</size>
         <input_file_ref idref="fl-7"/>
      </object_component>
      <object_component id="oc-277">
         <name>.text:validateCSD</name>
         <load_address>0x634e</load_address>
         <run_address>0x634e</run_address>
         <size>0xa2</size>
         <input_file_ref idref="fl-7"/>
      </object_component>
      <object_component id="oc-219">
         <name>.text:SetVCoreDown</name>
         <load_address>0x63f0</load_address>
         <run_address>0x63f0</run_address>
         <size>0x9a</size>
         <input_file_ref idref="fl-4"/>
      </object_component>
      <object_component id="oc-16e">
         <name>.text:USB_enable</name>
         <load_address>0x648a</load_address>
         <run_address>0x648a</run_address>
         <size>0x98</size>
         <input_file_ref idref="fl-b"/>
      </object_component>
      <object_component id="oc-191">
         <name>.text:USB_connectionState</name>
         <load_address>0x6522</load_address>
         <run_address>0x6522</run_address>
         <size>0x96</size>
         <input_file_ref idref="fl-b"/>
      </object_component>
      <object_component id="oc-1a9">
         <name>.text:usbDecodeAndProcessUsbRequest</name>
         <load_address>0x65b8</load_address>
         <run_address>0x65b8</run_address>
         <size>0x96</size>
         <input_file_ref idref="fl-b"/>
      </object_component>
      <object_component id="oc-17d">
         <name>.text:disk_read</name>
         <load_address>0x664e</load_address>
         <run_address>0x664e</run_address>
         <size>0x94</size>
         <input_file_ref idref="fl-7"/>
      </object_component>
      <object_component id="oc-46e">
         <name>.text:usbGetEndpointStatus</name>
         <load_address>0x66e2</load_address>
         <run_address>0x66e2</run_address>
         <size>0x92</size>
         <input_file_ref idref="fl-b"/>
      </object_component>
      <object_component id="oc-2f0">
         <name>.text:Reset_RequestSenseResponse</name>
         <load_address>0x6774</load_address>
         <run_address>0x6774</run_address>
         <size>0x86</size>
         <input_file_ref idref="fl-10"/>
      </object_component>
      <object_component id="oc-416">
         <name>.text:Scsi_Unknown_Request</name>
         <load_address>0x67fa</load_address>
         <run_address>0x67fa</run_address>
         <size>0x84</size>
         <input_file_ref idref="fl-10"/>
      </object_component>
      <object_component id="oc-446">
         <name>.text:usbClearEndpointFeature</name>
         <load_address>0x687e</load_address>
         <run_address>0x687e</run_address>
         <size>0x80</size>
         <input_file_ref idref="fl-b"/>
      </object_component>
      <object_component id="oc-92">
         <name>.text:_auto_init</name>
         <load_address>0x68fe</load_address>
         <run_address>0x68fe</run_address>
         <size>0x7e</size>
         <input_file_ref idref="fl-43"/>
      </object_component>
      <object_component id="oc-164">
         <name>.text:USBMSC_registerBufInfo</name>
         <load_address>0x697c</load_address>
         <run_address>0x697c</run_address>
         <size>0x76</size>
         <input_file_ref idref="fl-10"/>
      </object_component>
      <object_component id="oc-390">
         <name>.text:sd_reset</name>
         <load_address>0x69f2</load_address>
         <run_address>0x69f2</run_address>
         <size>0x76</size>
         <input_file_ref idref="fl-9"/>
      </object_component>
      <object_component id="oc-1f2">
         <name>.text:MscSendData</name>
         <load_address>0x6a68</load_address>
         <run_address>0x6a68</run_address>
         <size>0x72</size>
         <input_file_ref idref="fl-10"/>
      </object_component>
      <object_component id="oc-1e1">
         <name>.text:MscCopyUsbToBuff</name>
         <load_address>0x6ada</load_address>
         <run_address>0x6ada</run_address>
         <size>0x70</size>
         <input_file_ref idref="fl-10"/>
      </object_component>
      <object_component id="oc-1fe">
         <name>.text:usbSendNextPacketOnIEP0</name>
         <load_address>0x6b4a</load_address>
         <run_address>0x6b4a</run_address>
         <size>0x6e</size>
         <input_file_ref idref="fl-b"/>
      </object_component>
      <object_component id="oc-142">
         <name>.text:USB_init</name>
         <load_address>0x6bb8</load_address>
         <run_address>0x6bb8</run_address>
         <size>0x68</size>
         <input_file_ref idref="fl-b"/>
      </object_component>
      <object_component id="oc-b0">
         <name>.text:__TI_decompress_rle_core</name>
         <load_address>0x6c20</load_address>
         <run_address>0x6c20</run_address>
         <size>0x62</size>
         <input_file_ref idref="fl-33"/>
      </object_component>
      <object_component id="oc-4bc">
         <name>.text:SD_SendCommand</name>
         <load_address>0x6c82</load_address>
         <run_address>0x6c82</run_address>
         <size>0x5c</size>
         <input_file_ref idref="fl-9"/>
      </object_component>
      <object_component id="oc-4c1">
         <name>.text:SD_SendCommand1</name>
         <load_address>0x6cde</load_address>
         <run_address>0x6cde</run_address>
         <size>0x5a</size>
         <input_file_ref idref="fl-9"/>
      </object_component>
      <object_component id="oc-41b">
         <name>.text:Scsi_Mode_Sense10</name>
         <load_address>0x6d38</load_address>
         <run_address>0x6d38</run_address>
         <size>0x5a</size>
         <input_file_ref idref="fl-10"/>
      </object_component>
      <object_component id="oc-420">
         <name>.text:Scsi_Mode_Sense6</name>
         <load_address>0x6d92</load_address>
         <run_address>0x6d92</run_address>
         <size>0x5a</size>
         <input_file_ref idref="fl-10"/>
      </object_component>
      <object_component id="oc-182">
         <name>.text:checkInsertionRemoval</name>
         <load_address>0x6dec</load_address>
         <run_address>0x6dec</run_address>
         <size>0x5a</size>
         <input_file_ref idref="fl-16"/>
      </object_component>
      <object_component id="oc-2fb">
         <name>.text:xmit_datablock</name>
         <load_address>0x6e46</load_address>
         <run_address>0x6e46</run_address>
         <size>0x58</size>
         <input_file_ref idref="fl-7"/>
      </object_component>
      <object_component id="oc-2b3">
         <name>.text:Msc_ResetStruct</name>
         <load_address>0x6e9e</load_address>
         <run_address>0x6e9e</run_address>
         <size>0x56</size>
         <input_file_ref idref="fl-10"/>
      </object_component>
      <object_component id="oc-2d9">
         <name>.text:Scsi_Verify_CBW</name>
         <load_address>0x6ef4</load_address>
         <run_address>0x6ef4</run_address>
         <size>0x54</size>
         <input_file_ref idref="fl-10"/>
      </object_component>
      <object_component id="oc-27d">
         <name>.text:rcvr_datablock</name>
         <load_address>0x6f48</load_address>
         <run_address>0x6f48</run_address>
         <size>0x52</size>
         <input_file_ref idref="fl-7"/>
      </object_component>
      <object_component id="oc-1f8">
         <name>.text:usbReceiveNextPacketOnOEP0</name>
         <load_address>0x6f9a</load_address>
         <run_address>0x6f9a</run_address>
         <size>0x52</size>
         <input_file_ref idref="fl-b"/>
      </object_component>
      <object_component id="oc-3ad">
         <name>.text:Get_TLV_Info</name>
         <load_address>0x6fec</load_address>
         <run_address>0x6fec</run_address>
         <size>0x50</size>
         <input_file_ref idref="fl-3"/>
      </object_component>
      <object_component id="oc-22a">
         <name>.text:SDCard_init</name>
         <load_address>0x703c</load_address>
         <run_address>0x703c</run_address>
         <size>0x4c</size>
         <input_file_ref idref="fl-9"/>
      </object_component>
      <object_component id="oc-45a">
         <name>.text:usbGetStringDescriptor</name>
         <load_address>0x7088</load_address>
         <run_address>0x7088</run_address>
         <size>0x4c</size>
         <input_file_ref idref="fl-b"/>
      </object_component>
      <object_component id="oc-e0">
         <name>.text:PWRVBUSoffHandler</name>
         <load_address>0x70d4</load_address>
         <run_address>0x70d4</run_address>
         <size>0x48</size>
         <input_file_ref idref="fl-14"/>
      </object_component>
      <object_component id="oc-bb">
         <name>.text:SetupPacketInterruptHandler</name>
         <load_address>0x711c</load_address>
         <run_address>0x711c</run_address>
         <size>0x48</size>
         <input_file_ref idref="fl-14"/>
      </object_component>
      <object_component id="oc-47d">
         <name>.text:usbSetEndpointFeature</name>
         <load_address>0x7164</load_address>
         <run_address>0x7164</run_address>
         <size>0x48</size>
         <input_file_ref idref="fl-b"/>
      </object_component>
      <object_component id="oc-12e">
         <name>.text:Init_Ports</name>
         <load_address>0x71ac</load_address>
         <run_address>0x71ac</run_address>
         <size>0x42</size>
         <input_file_ref idref="fl-16"/>
      </object_component>
      <object_component id="oc-29a">
         <name>.text:USBMSC_getState</name>
         <load_address>0x71ee</load_address>
         <run_address>0x71ee</run_address>
         <size>0x42</size>
         <input_file_ref idref="fl-10"/>
      </object_component>
      <object_component id="oc-133">
         <name>.text:SetVCore</name>
         <load_address>0x7230</load_address>
         <run_address>0x7230</run_address>
         <size>0x40</size>
         <input_file_ref idref="fl-4"/>
      </object_component>
      <object_component id="oc-2c4">
         <name>.text:XT2_Start_Timeout</name>
         <load_address>0x7270</load_address>
         <run_address>0x7270</run_address>
         <size>0x3e</size>
         <input_file_ref idref="fl-2"/>
      </object_component>
      <object_component id="oc-129">
         <name>.text:l_asr_const</name>
         <load_address>0x72ae</load_address>
         <run_address>0x72ae</run_address>
         <size>0x3e</size>
         <input_file_ref idref="fl-44"/>
      </object_component>
      <object_component id="oc-286">
         <name>.text:l_lsl_const</name>
         <load_address>0x72ec</load_address>
         <run_address>0x72ec</run_address>
         <size>0x3e</size>
         <input_file_ref idref="fl-39"/>
      </object_component>
      <object_component id="oc-292">
         <name>.text:l_lsr_const</name>
         <load_address>0x732a</load_address>
         <run_address>0x732a</run_address>
         <size>0x3e</size>
         <input_file_ref idref="fl-3a"/>
      </object_component>
      <object_component id="oc-2b8">
         <name>.text:Scsi_Send_CSW</name>
         <load_address>0x7368</load_address>
         <run_address>0x7368</run_address>
         <size>0x3c</size>
         <input_file_ref idref="fl-10"/>
      </object_component>
      <object_component id="oc-138">
         <name>.text:Init_Clock</name>
         <load_address>0x73a4</load_address>
         <run_address>0x73a4</run_address>
         <size>0x3a</size>
         <input_file_ref idref="fl-16"/>
      </object_component>
      <object_component id="oc-1c6">
         <name>.text:USBMSC_reset</name>
         <load_address>0x73de</load_address>
         <run_address>0x73de</run_address>
         <size>0x38</size>
         <input_file_ref idref="fl-11"/>
      </object_component>
      <object_component id="oc-267">
         <name>.text:USB_initMemcpy</name>
         <load_address>0x7416</load_address>
         <run_address>0x7416</run_address>
         <size>0x38</size>
         <input_file_ref idref="fl-c"/>
      </object_component>
      <object_component id="oc-21f">
         <name>.text:Init_FLL_Settle</name>
         <load_address>0x744e</load_address>
         <run_address>0x744e</run_address>
         <size>0x36</size>
         <input_file_ref idref="fl-2"/>
      </object_component>
      <object_component id="oc-ea">
         <name>.text:PWRVBUSonHandler</name>
         <load_address>0x7484</load_address>
         <run_address>0x7484</run_address>
         <size>0x36</size>
         <input_file_ref idref="fl-14"/>
      </object_component>
      <object_component id="oc-398">
         <name>.text:SDCard_readFrame</name>
         <load_address>0x74ba</load_address>
         <run_address>0x74ba</run_address>
         <size>0x36</size>
         <input_file_ref idref="fl-9"/>
      </object_component>
      <object_component id="oc-3b3">
         <name>.text:memcpyV</name>
         <load_address>0x74f0</load_address>
         <run_address>0x74f0</run_address>
         <size>0x36</size>
         <input_file_ref idref="fl-c"/>
      </object_component>
      <object_component id="oc-482">
         <name>.text:usbSetInterface</name>
         <load_address>0x7526</load_address>
         <run_address>0x7526</run_address>
         <size>0x36</size>
         <input_file_ref idref="fl-b"/>
      </object_component>
      <object_component id="oc-3d4">
         <name>.text:wait_ready</name>
         <load_address>0x755c</load_address>
         <run_address>0x755c</run_address>
         <size>0x36</size>
         <input_file_ref idref="fl-7"/>
      </object_component>
      <object_component id="oc-2a9">
         <name>.text:Msc_ResetStateMachine</name>
         <load_address>0x7592</load_address>
         <run_address>0x7592</run_address>
         <size>0x34</size>
         <input_file_ref idref="fl-f"/>
      </object_component>
      <object_component id="oc-411">
         <name>.text:Scsi_Read_Capacity10</name>
         <load_address>0x75c6</load_address>
         <run_address>0x75c6</run_address>
         <size>0x32</size>
         <input_file_ref idref="fl-10"/>
      </object_component>
      <object_component id="oc-cc">
         <name>.text:USB_suspend</name>
         <load_address>0x75f8</load_address>
         <run_address>0x75f8</run_address>
         <size>0x32</size>
         <input_file_ref idref="fl-b"/>
      </object_component>
      <object_component id="oc-169">
         <name>.text:USB_connectionInfo</name>
         <load_address>0x762a</load_address>
         <run_address>0x762a</run_address>
         <size>0x30</size>
         <input_file_ref idref="fl-b"/>
      </object_component>
      <object_component id="oc-224">
         <name>.text:XT2_Start</name>
         <load_address>0x765a</load_address>
         <run_address>0x765a</run_address>
         <size>0x30</size>
         <input_file_ref idref="fl-2"/>
      </object_component>
      <object_component id="oc-153">
         <name>.text:detectCard</name>
         <load_address>0x768a</load_address>
         <run_address>0x768a</run_address>
         <size>0x30</size>
         <input_file_ref idref="fl-7"/>
      </object_component>
      <object_component id="oc-4c9">
         <name>.text:SDCard_sendFrame</name>
         <load_address>0x76ba</load_address>
         <run_address>0x76ba</run_address>
         <size>0x2c</size>
         <input_file_ref idref="fl-9"/>
      </object_component>
      <object_component id="oc-3b8">
         <name>.text:memcpyDMA0</name>
         <load_address>0x76e6</load_address>
         <run_address>0x76e6</run_address>
         <size>0x2c</size>
         <input_file_ref idref="fl-c"/>
      </object_component>
      <object_component id="oc-464">
         <name>.text:usbGetDeviceStatus</name>
         <load_address>0x7712</load_address>
         <run_address>0x7712</run_address>
         <size>0x2c</size>
         <input_file_ref idref="fl-b"/>
      </object_component>
      <object_component id="oc-4b7">
         <name>.text:SPI_WriteByte</name>
         <load_address>0x773e</load_address>
         <run_address>0x773e</run_address>
         <size>0x2a</size>
         <input_file_ref idref="fl-9"/>
      </object_component>
      <object_component id="oc-a0">
         <name>.text:memcpy</name>
         <load_address>0x7768</load_address>
         <run_address>0x7768</run_address>
         <size>0x2a</size>
         <input_file_ref idref="fl-3b"/>
      </object_component>
      <object_component id="oc-3f3">
         <name>.text:SET_RequestsenseMediaNotPresent</name>
         <load_address>0x7792</load_address>
         <run_address>0x7792</run_address>
         <size>0x28</size>
         <input_file_ref idref="fl-10"/>
      </object_component>
      <object_component id="oc-407">
         <name>.text:SET_RequestsenseNotReady</name>
         <load_address>0x77ba</load_address>
         <run_address>0x77ba</run_address>
         <size>0x28</size>
         <input_file_ref idref="fl-10"/>
      </object_component>
      <object_component id="oc-3f8">
         <name>.text:Scsi_Report_Luns</name>
         <load_address>0x77e2</load_address>
         <run_address>0x77e2</run_address>
         <size>0x28</size>
         <input_file_ref idref="fl-10"/>
      </object_component>
      <object_component id="oc-1cb">
         <name>.text:MscResetData</name>
         <load_address>0x780a</load_address>
         <run_address>0x780a</run_address>
         <size>0x26</size>
         <input_file_ref idref="fl-10"/>
      </object_component>
      <object_component id="oc-103">
         <name>.text:OEP0InterruptHandler</name>
         <load_address>0x7830</load_address>
         <run_address>0x7830</run_address>
         <size>0x24</size>
         <input_file_ref idref="fl-14"/>
      </object_component>
      <object_component id="oc-72">
         <name>.text:decompress:ZI:__TI_zero_init</name>
         <load_address>0x7854</load_address>
         <run_address>0x7854</run_address>
         <size>0x24</size>
         <input_file_ref idref="fl-34"/>
      </object_component>
      <object_component id="oc-2e7">
         <name>.text:usbDisableInEndpointInterrupt</name>
         <load_address>0x7878</load_address>
         <run_address>0x7878</run_address>
         <size>0x24</size>
         <input_file_ref idref="fl-b"/>
      </object_component>
      <object_component id="oc-2cb">
         <name>.text:usbDisableOutEndpointInterrupt</name>
         <load_address>0x789c</load_address>
         <run_address>0x789c</run_address>
         <size>0x24</size>
         <input_file_ref idref="fl-b"/>
      </object_component>
      <object_component id="oc-116">
         <name>.text:USB_disable</name>
         <load_address>0x78c0</load_address>
         <run_address>0x78c0</run_address>
         <size>0x22</size>
         <input_file_ref idref="fl-b"/>
      </object_component>
      <object_component id="oc-296">
         <name>.text</name>
         <load_address>0x78e2</load_address>
         <run_address>0x78e2</run_address>
         <size>0x22</size>
         <input_file_ref idref="fl-3f"/>
      </object_component>
      <object_component id="oc-4f4">
         <name>.text:usbSendDataPacketOnEP0</name>
         <load_address>0x7904</load_address>
         <run_address>0x7904</run_address>
         <size>0x22</size>
         <input_file_ref idref="fl-b"/>
      </object_component>
      <object_component id="oc-26c">
         <name>.text:MscResetCtrlLun</name>
         <load_address>0x7926</load_address>
         <run_address>0x7926</run_address>
         <size>0x20</size>
         <input_file_ref idref="fl-10"/>
      </object_component>
      <object_component id="oc-22f">
         <name>.text:disk_status</name>
         <load_address>0x7946</load_address>
         <run_address>0x7946</run_address>
         <size>0x20</size>
         <input_file_ref idref="fl-7"/>
      </object_component>
      <object_component id="oc-344">
         <name>.text:memset</name>
         <load_address>0x7966</load_address>
         <run_address>0x7966</run_address>
         <size>0x20</size>
         <input_file_ref idref="fl-3c"/>
      </object_component>
      <object_component id="oc-30f">
         <name>.text:usbSetAddress</name>
         <load_address>0x7986</load_address>
         <run_address>0x7986</run_address>
         <size>0x20</size>
         <input_file_ref idref="fl-b"/>
      </object_component>
      <object_component id="oc-473">
         <name>.text:usbSetConfiguration</name>
         <load_address>0x79a6</load_address>
         <run_address>0x79a6</run_address>
         <size>0x20</size>
         <input_file_ref idref="fl-b"/>
      </object_component>
      <object_component id="oc-3e8">
         <name>.text:usbStallEndpoint</name>
         <load_address>0x79c6</load_address>
         <run_address>0x79c6</run_address>
         <size>0x20</size>
         <input_file_ref idref="fl-10"/>
      </object_component>
      <object_component id="oc-45f">
         <name>.text:usbGetInterface</name>
         <load_address>0x79e6</load_address>
         <run_address>0x79e6</run_address>
         <size>0x1e</size>
         <input_file_ref idref="fl-b"/>
      </object_component>
      <object_component id="oc-469">
         <name>.text:usbGetInterfaceStatus</name>
         <load_address>0x7a04</load_address>
         <run_address>0x7a04</run_address>
         <size>0x1e</size>
         <input_file_ref idref="fl-b"/>
      </object_component>
      <object_component id="oc-108">
         <name>.text:IEP0InterruptHandler</name>
         <load_address>0x7a22</load_address>
         <run_address>0x7a22</run_address>
         <size>0x1c</size>
         <input_file_ref idref="fl-14"/>
      </object_component>
      <object_component id="oc-43c">
         <name>.text:Get_MaxLUN</name>
         <load_address>0x7a3e</load_address>
         <run_address>0x7a3e</run_address>
         <size>0x1a</size>
         <input_file_ref idref="fl-11"/>
      </object_component>
      <object_component id="oc-173">
         <name>.text:USB_connect</name>
         <load_address>0x7a58</load_address>
         <run_address>0x7a58</run_address>
         <size>0x1a</size>
         <input_file_ref idref="fl-b"/>
      </object_component>
      <object_component id="oc-4e1">
         <name>.text:__mpyul</name>
         <load_address>0x7a72</load_address>
         <run_address>0x7a72</run_address>
         <size>0x1a</size>
         <input_file_ref idref="fl-3d"/>
      </object_component>
      <object_component id="oc-29f">
         <name>.text:usbStallOutEndpoint</name>
         <load_address>0x7a8c</load_address>
         <run_address>0x7a8c</run_address>
         <size>0x1a</size>
         <input_file_ref idref="fl-10"/>
      </object_component>
      <object_component id="oc-3fd">
         <name>.text:Scsi_Test_Unit_Ready</name>
         <load_address>0x7aa6</load_address>
         <run_address>0x7aa6</run_address>
         <size>0x18</size>
         <input_file_ref idref="fl-10"/>
      </object_component>
      <object_component id="oc-c0">
         <name>.text:USB_resume</name>
         <load_address>0x7abe</load_address>
         <run_address>0x7abe</run_address>
         <size>0x18</size>
         <input_file_ref idref="fl-b"/>
      </object_component>
      <object_component id="oc-28a">
         <name>.text:select</name>
         <load_address>0x7ad6</load_address>
         <run_address>0x7ad6</run_address>
         <size>0x18</size>
         <input_file_ref idref="fl-7"/>
      </object_component>
      <object_component id="oc-441">
         <name>.text:usbClearDeviceFeature</name>
         <load_address>0x7aee</load_address>
         <run_address>0x7aee</run_address>
         <size>0x18</size>
         <input_file_ref idref="fl-b"/>
      </object_component>
      <object_component id="oc-478">
         <name>.text:usbSetDeviceFeature</name>
         <load_address>0x7b06</load_address>
         <run_address>0x7b06</run_address>
         <size>0x18</size>
         <input_file_ref idref="fl-b"/>
      </object_component>
      <object_component id="oc-6e">
         <name>.text:decompress:none:__TI_decompress_none</name>
         <load_address>0x7b1e</load_address>
         <run_address>0x7b1e</run_address>
         <size>0x16</size>
         <input_file_ref idref="fl-32"/>
      </object_component>
      <object_component id="oc-2be">
         <name>.text</name>
         <load_address>0x7b34</load_address>
         <run_address>0x7b34</run_address>
         <size>0x16</size>
         <input_file_ref idref="fl-35"/>
      </object_component>
      <object_component id="oc-2ec">
         <name>.text</name>
         <load_address>0x7b4a</load_address>
         <run_address>0x7b4a</run_address>
         <size>0x16</size>
         <input_file_ref idref="fl-3e"/>
      </object_component>
      <object_component id="oc-3ed">
         <name>.text:usbClearOEPByteCount</name>
         <load_address>0x7b60</load_address>
         <run_address>0x7b60</run_address>
         <size>0x16</size>
         <input_file_ref idref="fl-10"/>
      </object_component>
      <object_component id="oc-455">
         <name>.text:usbGetConfigurationDescriptor</name>
         <load_address>0x7b76</load_address>
         <run_address>0x7b76</run_address>
         <size>0x16</size>
         <input_file_ref idref="fl-b"/>
      </object_component>
      <object_component id="oc-450">
         <name>.text:usbGetDeviceDescriptor</name>
         <load_address>0x7b8c</load_address>
         <run_address>0x7b8c</run_address>
         <size>0x16</size>
         <input_file_ref idref="fl-b"/>
      </object_component>
      <object_component id="oc-2a4">
         <name>.text:usbStallInEndpoint</name>
         <load_address>0x7ba2</load_address>
         <run_address>0x7ba2</run_address>
         <size>0x16</size>
         <input_file_ref idref="fl-10"/>
      </object_component>
      <object_component id="oc-ef">
         <name>.text:USB_handleVbusOnEvent</name>
         <load_address>0x7bb8</load_address>
         <run_address>0x7bb8</run_address>
         <size>0x14</size>
         <input_file_ref idref="fl-15"/>
      </object_component>
      <object_component id="oc-44b">
         <name>.text:usbGetConfiguration</name>
         <load_address>0x7bcc</load_address>
         <run_address>0x7bcc</run_address>
         <size>0x14</size>
         <input_file_ref idref="fl-b"/>
      </object_component>
      <object_component id="oc-24a">
         <name>.text:SDCard_fastMode</name>
         <load_address>0x7be0</load_address>
         <run_address>0x7be0</run_address>
         <size>0x12</size>
         <input_file_ref idref="fl-9"/>
      </object_component>
      <object_component id="oc-245">
         <name>.text:deselect</name>
         <load_address>0x7bf2</load_address>
         <run_address>0x7bf2</run_address>
         <size>0x12</size>
         <input_file_ref idref="fl-7"/>
      </object_component>
      <object_component id="oc-282">
         <name>.text:l_lsl</name>
         <load_address>0x7c04</load_address>
         <run_address>0x7c04</run_address>
         <size>0x10</size>
         <input_file_ref idref="fl-39"/>
      </object_component>
      <object_component id="oc-487">
         <name>.text:usbInvalidRequest</name>
         <load_address>0x7c14</load_address>
         <run_address>0x7c14</run_address>
         <size>0xe</size>
         <input_file_ref idref="fl-b"/>
      </object_component>
      <object_component id="oc-33e">
         <name>.text:usbSendZeroLengthPacketOnIEP0</name>
         <load_address>0x7c22</load_address>
         <run_address>0x7c22</run_address>
         <size>0xe</size>
         <input_file_ref idref="fl-b"/>
      </object_component>
      <object_component id="oc-2d0">
         <name>.text</name>
         <load_address>0x7c30</load_address>
         <run_address>0x7c30</run_address>
         <size>0xa</size>
         <input_file_ref idref="fl-38"/>
      </object_component>
      <object_component id="oc-48e">
         <name>.text:usbStallEndpoint0</name>
         <load_address>0x7c3a</load_address>
         <run_address>0x7c3a</run_address>
         <size>0xa</size>
         <input_file_ref idref="fl-b"/>
      </object_component>
      <object_component id="oc-147">
         <name>.text:USB_setEnabledEvents</name>
         <load_address>0x7c44</load_address>
         <run_address>0x7c44</run_address>
         <size>0x8</size>
         <input_file_ref idref="fl-b"/>
      </object_component>
      <object_component id="oc-2ae">
         <name>.text:Msc_ResetFlags</name>
         <load_address>0x7c4c</load_address>
         <run_address>0x7c4c</run_address>
         <size>0x6</size>
         <input_file_ref idref="fl-10"/>
      </object_component>
      <object_component id="oc-234">
         <name>.text:SDCard_setCSHigh</name>
         <load_address>0x7c52</load_address>
         <run_address>0x7c52</run_address>
         <size>0x6</size>
         <input_file_ref idref="fl-9"/>
      </object_component>
      <object_component id="oc-3cf">
         <name>.text:SDCard_setCSLow</name>
         <load_address>0x7c58</load_address>
         <run_address>0x7c58</run_address>
         <size>0x6</size>
         <input_file_ref idref="fl-9"/>
      </object_component>
      <object_component id="oc-14c">
         <name>.text:USBMSC_fetchInfoStruct</name>
         <load_address>0x7c5e</load_address>
         <run_address>0x7c5e</run_address>
         <size>0x6</size>
         <input_file_ref idref="fl-10"/>
      </object_component>
      <object_component id="oc-25d">
         <name>.text:USB_getVersion</name>
         <load_address>0x7c64</load_address>
         <run_address>0x7c64</run_address>
         <size>0x6</size>
         <input_file_ref idref="fl-b"/>
      </object_component>
      <object_component id="oc-76">
         <name>.text:decompress:rle24:__TI_decompress_rle24</name>
         <load_address>0x7c6a</load_address>
         <run_address>0x7c6a</run_address>
         <size>0x6</size>
         <input_file_ref idref="fl-33"/>
      </object_component>
      <object_component id="oc-239">
         <name>.text:rcvr_mmc</name>
         <load_address>0x7c70</load_address>
         <run_address>0x7c70</run_address>
         <size>0x6</size>
         <input_file_ref idref="fl-7"/>
      </object_component>
      <object_component id="oc-373">
         <name>.text:usbClearOEP0ByteCount</name>
         <load_address>0x7c76</load_address>
         <run_address>0x7c76</run_address>
         <size>0x6</size>
         <input_file_ref idref="fl-b"/>
      </object_component>
      <object_component id="oc-2f5">
         <name>.text:usbRestoreInEndpointInterrupt</name>
         <load_address>0x7c7c</load_address>
         <run_address>0x7c7c</run_address>
         <size>0x6</size>
         <input_file_ref idref="fl-b"/>
      </object_component>
      <object_component id="oc-2d4">
         <name>.text:usbRestoreOutEndpointInterrupt</name>
         <load_address>0x7c82</load_address>
         <run_address>0x7c82</run_address>
         <size>0x6</size>
         <input_file_ref idref="fl-b"/>
      </object_component>
      <object_component id="oc-36e">
         <name>.text:usbStallOEP0</name>
         <load_address>0x7c88</load_address>
         <run_address>0x7c88</run_address>
         <size>0x6</size>
         <input_file_ref idref="fl-b"/>
      </object_component>
      <object_component id="oc-39e">
         <name>.text:xmit_mmc</name>
         <load_address>0x7c8e</load_address>
         <run_address>0x7c8e</run_address>
         <size>0x6</size>
         <input_file_ref idref="fl-7"/>
      </object_component>
      <object_component id="oc-1e6">
         <name>.text:USBMSC_handleBufferEvent</name>
         <load_address>0x7c94</load_address>
         <run_address>0x7c94</run_address>
         <size>0x4</size>
         <input_file_ref idref="fl-15"/>
      </object_component>
      <object_component id="oc-f4">
         <name>.text:USB_handleClockEvent</name>
         <load_address>0x7c98</load_address>
         <run_address>0x7c98</run_address>
         <size>0x4</size>
         <input_file_ref idref="fl-15"/>
      </object_component>
      <object_component id="oc-314">
         <name>.text:USB_handleEnumCompleteEvent</name>
         <load_address>0x7c9c</load_address>
         <run_address>0x7c9c</run_address>
         <size>0x4</size>
         <input_file_ref idref="fl-15"/>
      </object_component>
      <object_component id="oc-db">
         <name>.text:USB_handleResetEvent</name>
         <load_address>0x7ca0</load_address>
         <run_address>0x7ca0</run_address>
         <size>0x4</size>
         <input_file_ref idref="fl-15"/>
      </object_component>
      <object_component id="oc-c7">
         <name>.text:USB_handleResumeEvent</name>
         <load_address>0x7ca4</load_address>
         <run_address>0x7ca4</run_address>
         <size>0x4</size>
         <input_file_ref idref="fl-15"/>
      </object_component>
      <object_component id="oc-d1">
         <name>.text:USB_handleSuspendEvent</name>
         <load_address>0x7ca8</load_address>
         <run_address>0x7ca8</run_address>
         <size>0x4</size>
         <input_file_ref idref="fl-15"/>
      </object_component>
      <object_component id="oc-e5">
         <name>.text:USB_handleVbusOffEvent</name>
         <load_address>0x7cac</load_address>
         <run_address>0x7cac</run_address>
         <size>0x4</size>
         <input_file_ref idref="fl-15"/>
      </object_component>
      <object_component id="oc-8e">
         <name>.text:_system_pre_init</name>
         <load_address>0x7cb0</load_address>
         <run_address>0x7cb0</run_address>
         <size>0x4</size>
         <input_file_ref idref="fl-40"/>
      </object_component>
      <object_component id="oc-9b">
         <name>.text:abort</name>
         <load_address>0x7cb4</load_address>
         <run_address>0x7cb4</run_address>
         <size>0x4</size>
         <input_file_ref idref="fl-37"/>
      </object_component>
      <object_component id="oc-7a">
         <name>.text:_isr:iUsbInterruptHandler</name>
         <load_address>0x4400</load_address>
         <run_address>0x4400</run_address>
         <size>0x10e</size>
         <input_file_ref idref="fl-14"/>
      </object_component>
      <object_component id="oc-86">
         <name>.text:_isr:UNMI_ISR</name>
         <load_address>0x450e</load_address>
         <run_address>0x450e</run_address>
         <size>0x3e</size>
         <input_file_ref idref="fl-16"/>
      </object_component>
      <object_component id="oc-69">
         <name>.text:_isr:_c_int00_noexit</name>
         <load_address>0x454c</load_address>
         <run_address>0x454c</run_address>
         <size>0x1a</size>
         <input_file_ref idref="fl-31"/>
      </object_component>
      <object_component id="oc-80">
         <name>.text:_isr:TIMER0_A0_ISR</name>
         <load_address>0x4566</load_address>
         <run_address>0x4566</run_address>
         <size>0xc</size>
         <input_file_ref idref="fl-16"/>
      </object_component>
      <object_component id="oc-594">
         <name>.cinit..data.load</name>
         <load_address>0x7ed0</load_address>
         <run_address>0x7ed0</run_address>
         <size>0x29</size>
      </object_component>
      <object_component id="oc-591">
         <name>__TI_handler_table</name>
         <load_address>0x7efa</load_address>
         <run_address>0x7efa</run_address>
         <size>0xc</size>
      </object_component>
      <object_component id="oc-593">
         <name>.cinit..bss.load</name>
         <load_address>0x7f06</load_address>
         <run_address>0x7f06</run_address>
         <size>0x6</size>
      </object_component>
      <object_component id="oc-592">
         <name>__TI_cinit_table</name>
         <load_address>0x7f0c</load_address>
         <run_address>0x7f0c</run_address>
         <size>0x10</size>
      </object_component>
      <object_component id="oc-30d">
         <name>.const:tUsbRequestList</name>
         <load_address>0x7cb8</load_address>
         <run_address>0x7cb8</run_address>
         <size>0xfc</size>
         <input_file_ref idref="fl-13"/>
      </object_component>
      <object_component id="oc-503">
         <name>.const:.string:abromStringDescriptor</name>
         <load_address>0x7db4</load_address>
         <run_address>0x7db4</run_address>
         <size>0x84</size>
         <input_file_ref idref="fl-13"/>
      </object_component>
      <object_component id="oc-4f0">
         <name>.const:.string:bScsi_Standard_Inquiry_Data</name>
         <load_address>0x7e38</load_address>
         <run_address>0x7e38</run_address>
         <size>0x24</size>
         <input_file_ref idref="fl-10"/>
      </object_component>
      <object_component id="oc-31f">
         <name>.const:.string</name>
         <load_address>0x7e5c</load_address>
         <run_address>0x7e5c</run_address>
         <size>0x20</size>
         <input_file_ref idref="fl-b"/>
      </object_component>
      <object_component id="oc-500">
         <name>.const</name>
         <load_address>0x7e7c</load_address>
         <run_address>0x7e7c</run_address>
         <size>0x20</size>
         <input_file_ref idref="fl-13"/>
      </object_component>
      <object_component id="oc-4fd">
         <name>.const:.string:abromDeviceDescriptor</name>
         <load_address>0x7e9c</load_address>
         <run_address>0x7e9c</run_address>
         <size>0x12</size>
         <input_file_ref idref="fl-13"/>
      </object_component>
      <object_component id="oc-4dd">
         <name>.const</name>
         <load_address>0x7eae</load_address>
         <run_address>0x7eae</run_address>
         <size>0x10</size>
         <input_file_ref idref="fl-10"/>
      </object_component>
      <object_component id="oc-1c2">
         <name>.const:stUsbHandle</name>
         <load_address>0x7ebe</load_address>
         <run_address>0x7ebe</run_address>
         <size>0x10</size>
         <input_file_ref idref="fl-13"/>
      </object_component>
      <object_component id="oc-15d">
         <name>.const</name>
         <load_address>0x7ece</load_address>
         <run_address>0x7ece</run_address>
         <size>0x2</size>
         <input_file_ref idref="fl-16"/>
      </object_component>
      <object_component id="oc-7b">
         <name>.int51</name>
         <load_address>0xffe6</load_address>
         <run_address>0xffe6</run_address>
         <size>0x2</size>
         <input_file_ref idref="fl-14"/>
      </object_component>
      <object_component id="oc-81">
         <name>.int53</name>
         <load_address>0xffea</load_address>
         <run_address>0xffea</run_address>
         <size>0x2</size>
         <input_file_ref idref="fl-16"/>
      </object_component>
      <object_component id="oc-87">
         <name>.int61</name>
         <load_address>0xfffa</load_address>
         <run_address>0xfffa</run_address>
         <size>0x2</size>
         <input_file_ref idref="fl-16"/>
      </object_component>
      <object_component id="oc-6a">
         <name>.reset</name>
         <load_address>0xfffe</load_address>
         <run_address>0xfffe</run_address>
         <size>0x2</size>
         <input_file_ref idref="fl-31"/>
      </object_component>
      <object_component id="oc-c5">
         <name>.bss</name>
         <uninitialized>true</uninitialized>
         <run_address>0x27de</run_address>
         <size>0x44</size>
         <input_file_ref idref="fl-b"/>
      </object_component>
      <object_component id="oc-151">
         <name>.bss</name>
         <uninitialized>true</uninitialized>
         <run_address>0x2400</run_address>
         <size>0x210</size>
         <input_file_ref idref="fl-16"/>
      </object_component>
      <object_component id="oc-1c4">
         <name>.bss</name>
         <uninitialized>true</uninitialized>
         <run_address>0x2610</run_address>
         <size>0x1ce</size>
         <input_file_ref idref="fl-10"/>
      </object_component>
      <object_component id="oc-1dd">
         <name>.bss</name>
         <uninitialized>true</uninitialized>
         <run_address>0x2822</run_address>
         <size>0x8</size>
         <input_file_ref idref="fl-c"/>
      </object_component>
      <object_component id="oc-243">
         <name>.bss</name>
         <uninitialized>true</uninitialized>
         <run_address>0x282a</run_address>
         <size>0x1</size>
         <input_file_ref idref="fl-7"/>
      </object_component>
      <object_component id="oc-113">
         <name>.data</name>
         <load_address>0x282c</load_address>
         <run_address>0x282c</run_address>
         <size>0x20</size>
         <input_file_ref idref="fl-16"/>
      </object_component>
      <object_component id="oc-1af">
         <name>.data</name>
         <load_address>0x2864</load_address>
         <run_address>0x2864</run_address>
         <size>0x8</size>
         <input_file_ref idref="fl-b"/>
      </object_component>
      <object_component id="oc-1df">
         <name>.data:MscControl</name>
         <load_address>0x284c</load_address>
         <run_address>0x284c</run_address>
         <size>0x10</size>
         <input_file_ref idref="fl-10"/>
      </object_component>
      <object_component id="oc-24f">
         <name>.data</name>
         <load_address>0x2870</load_address>
         <run_address>0x2870</run_address>
         <size>0x2</size>
         <input_file_ref idref="fl-7"/>
      </object_component>
      <object_component id="oc-4ea">
         <name>.data:Scsi_Mode_Sense_10</name>
         <load_address>0x285c</load_address>
         <run_address>0x285c</run_address>
         <size>0x8</size>
         <input_file_ref idref="fl-10"/>
      </object_component>
      <object_component id="oc-4ed">
         <name>.data:Scsi_Mode_Sense_6</name>
         <load_address>0x286c</load_address>
         <run_address>0x286c</run_address>
         <size>0x4</size>
         <input_file_ref idref="fl-10"/>
      </object_component>
      <object_component id="oc-6b">
         <name>.debug_info</name>
         <load_address>0x0</load_address>
         <run_address>0x0</run_address>
         <size>0x13d</size>
         <input_file_ref idref="fl-31"/>
      </object_component>
      <object_component id="oc-6f">
         <name>.debug_info</name>
         <load_address>0x13d</load_address>
         <run_address>0x13d</run_address>
         <size>0x16d</size>
         <input_file_ref idref="fl-32"/>
      </object_component>
      <object_component id="oc-73">
         <name>.debug_info</name>
         <load_address>0x2aa</load_address>
         <run_address>0x2aa</run_address>
         <size>0x1c6</size>
         <input_file_ref idref="fl-34"/>
      </object_component>
      <object_component id="oc-77">
         <name>.debug_info</name>
         <load_address>0x470</load_address>
         <run_address>0x470</run_address>
         <size>0x17e</size>
         <input_file_ref idref="fl-33"/>
      </object_component>
      <object_component id="oc-7c">
         <name>.debug_info</name>
         <load_address>0x5ee</load_address>
         <run_address>0x5ee</run_address>
         <size>0x307</size>
         <input_file_ref idref="fl-14"/>
      </object_component>
      <object_component id="oc-82">
         <name>.debug_info</name>
         <load_address>0x8f5</load_address>
         <run_address>0x8f5</run_address>
         <size>0x106</size>
         <input_file_ref idref="fl-16"/>
      </object_component>
      <object_component id="oc-88">
         <name>.debug_info</name>
         <load_address>0x9fb</load_address>
         <run_address>0x9fb</run_address>
         <size>0x10e</size>
         <input_file_ref idref="fl-16"/>
      </object_component>
      <object_component id="oc-8d">
         <name>.debug_info</name>
         <load_address>0xb09</load_address>
         <run_address>0xb09</run_address>
         <size>0xbe</size>
         <input_file_ref idref="fl-31"/>
      </object_component>
      <object_component id="oc-8f">
         <name>.debug_info</name>
         <load_address>0xbc7</load_address>
         <run_address>0xbc7</run_address>
         <size>0x115</size>
         <input_file_ref idref="fl-40"/>
      </object_component>
      <object_component id="oc-93">
         <name>.debug_info</name>
         <load_address>0xcdc</load_address>
         <run_address>0xcdc</run_address>
         <size>0x20f</size>
         <input_file_ref idref="fl-43"/>
      </object_component>
      <object_component id="oc-97">
         <name>.debug_info</name>
         <load_address>0xeeb</load_address>
         <run_address>0xeeb</run_address>
         <size>0x574</size>
         <input_file_ref idref="fl-16"/>
      </object_component>
      <object_component id="oc-9c">
         <name>.debug_info</name>
         <load_address>0x145f</load_address>
         <run_address>0x145f</run_address>
         <size>0x14b</size>
         <input_file_ref idref="fl-37"/>
      </object_component>
      <object_component id="oc-a1">
         <name>.debug_info</name>
         <load_address>0x15aa</load_address>
         <run_address>0x15aa</run_address>
         <size>0x1a1</size>
         <input_file_ref idref="fl-3b"/>
      </object_component>
      <object_component id="oc-a5">
         <name>.debug_info</name>
         <load_address>0x174b</load_address>
         <run_address>0x174b</run_address>
         <size>0x46</size>
         <input_file_ref idref="fl-32"/>
      </object_component>
      <object_component id="oc-ab">
         <name>.debug_info</name>
         <load_address>0x1791</load_address>
         <run_address>0x1791</run_address>
         <size>0x46</size>
         <input_file_ref idref="fl-34"/>
      </object_component>
      <object_component id="oc-b1">
         <name>.debug_info</name>
         <load_address>0x17d7</load_address>
         <run_address>0x17d7</run_address>
         <size>0x36e</size>
         <input_file_ref idref="fl-33"/>
      </object_component>
      <object_component id="oc-b5">
         <name>.debug_info</name>
         <load_address>0x1b45</load_address>
         <run_address>0x1b45</run_address>
         <size>0x142</size>
         <input_file_ref idref="fl-33"/>
      </object_component>
      <object_component id="oc-b6">
         <name>.debug_info</name>
         <load_address>0x1c87</load_address>
         <run_address>0x1c87</run_address>
         <size>0x39</size>
         <input_file_ref idref="fl-33"/>
      </object_component>
      <object_component id="oc-bc">
         <name>.debug_info</name>
         <load_address>0x1cc0</load_address>
         <run_address>0x1cc0</run_address>
         <size>0x281</size>
         <input_file_ref idref="fl-14"/>
      </object_component>
      <object_component id="oc-c1">
         <name>.debug_info</name>
         <load_address>0x1f41</load_address>
         <run_address>0x1f41</run_address>
         <size>0x14a</size>
         <input_file_ref idref="fl-b"/>
      </object_component>
      <object_component id="oc-c6">
         <name>.debug_info</name>
         <load_address>0x208b</load_address>
         <run_address>0x208b</run_address>
         <size>0x332</size>
         <input_file_ref idref="fl-b"/>
      </object_component>
      <object_component id="oc-c8">
         <name>.debug_info</name>
         <load_address>0x23bd</load_address>
         <run_address>0x23bd</run_address>
         <size>0x13a</size>
         <input_file_ref idref="fl-15"/>
      </object_component>
      <object_component id="oc-cd">
         <name>.debug_info</name>
         <load_address>0x24f7</load_address>
         <run_address>0x24f7</run_address>
         <size>0x13b</size>
         <input_file_ref idref="fl-b"/>
      </object_component>
      <object_component id="oc-d2">
         <name>.debug_info</name>
         <load_address>0x2632</load_address>
         <run_address>0x2632</run_address>
         <size>0x13c</size>
         <input_file_ref idref="fl-15"/>
      </object_component>
      <object_component id="oc-d7">
         <name>.debug_info</name>
         <load_address>0x276e</load_address>
         <run_address>0x276e</run_address>
         <size>0x1f2</size>
         <input_file_ref idref="fl-b"/>
      </object_component>
      <object_component id="oc-dc">
         <name>.debug_info</name>
         <load_address>0x2960</load_address>
         <run_address>0x2960</run_address>
         <size>0x138</size>
         <input_file_ref idref="fl-15"/>
      </object_component>
      <object_component id="oc-e1">
         <name>.debug_info</name>
         <load_address>0x2a98</load_address>
         <run_address>0x2a98</run_address>
         <size>0x1a7</size>
         <input_file_ref idref="fl-14"/>
      </object_component>
      <object_component id="oc-e6">
         <name>.debug_info</name>
         <load_address>0x2c3f</load_address>
         <run_address>0x2c3f</run_address>
         <size>0x13c</size>
         <input_file_ref idref="fl-15"/>
      </object_component>
      <object_component id="oc-eb">
         <name>.debug_info</name>
         <load_address>0x2d7b</load_address>
         <run_address>0x2d7b</run_address>
         <size>0x1a6</size>
         <input_file_ref idref="fl-14"/>
      </object_component>
      <object_component id="oc-f0">
         <name>.debug_info</name>
         <load_address>0x2f21</load_address>
         <run_address>0x2f21</run_address>
         <size>0x16d</size>
         <input_file_ref idref="fl-15"/>
      </object_component>
      <object_component id="oc-f5">
         <name>.debug_info</name>
         <load_address>0x308e</load_address>
         <run_address>0x308e</run_address>
         <size>0x138</size>
         <input_file_ref idref="fl-15"/>
      </object_component>
      <object_component id="oc-fa">
         <name>.debug_info</name>
         <load_address>0x31c6</load_address>
         <run_address>0x31c6</run_address>
         <size>0x2ab</size>
         <input_file_ref idref="fl-10"/>
      </object_component>
      <object_component id="oc-ff">
         <name>.debug_info</name>
         <load_address>0x3471</load_address>
         <run_address>0x3471</run_address>
         <size>0x27b</size>
         <input_file_ref idref="fl-10"/>
      </object_component>
      <object_component id="oc-104">
         <name>.debug_info</name>
         <load_address>0x36ec</load_address>
         <run_address>0x36ec</run_address>
         <size>0x176</size>
         <input_file_ref idref="fl-14"/>
      </object_component>
      <object_component id="oc-109">
         <name>.debug_info</name>
         <load_address>0x3862</load_address>
         <run_address>0x3862</run_address>
         <size>0x15e</size>
         <input_file_ref idref="fl-14"/>
      </object_component>
      <object_component id="oc-10e">
         <name>.debug_info</name>
         <load_address>0x39c0</load_address>
         <run_address>0x39c0</run_address>
         <size>0x2dc</size>
         <input_file_ref idref="fl-a"/>
      </object_component>
      <object_component id="oc-114">
         <name>.debug_info</name>
         <load_address>0x3c9c</load_address>
         <run_address>0x3c9c</run_address>
         <size>0xff</size>
         <input_file_ref idref="fl-16"/>
      </object_component>
      <object_component id="oc-117">
         <name>.debug_info</name>
         <load_address>0x3d9b</load_address>
         <run_address>0x3d9b</run_address>
         <size>0x13b</size>
         <input_file_ref idref="fl-b"/>
      </object_component>
      <object_component id="oc-11e">
         <name>.debug_info</name>
         <load_address>0x3ed6</load_address>
         <run_address>0x3ed6</run_address>
         <size>0x89</size>
         <input_file_ref idref="fl-31"/>
      </object_component>
      <object_component id="oc-124">
         <name>.debug_info</name>
         <load_address>0x3f5f</load_address>
         <run_address>0x3f5f</run_address>
         <size>0x84</size>
         <input_file_ref idref="fl-33"/>
      </object_component>
      <object_component id="oc-12a">
         <name>.debug_info</name>
         <load_address>0x3fe3</load_address>
         <run_address>0x3fe3</run_address>
         <size>0xee</size>
         <input_file_ref idref="fl-44"/>
      </object_component>
      <object_component id="oc-12f">
         <name>.debug_info</name>
         <load_address>0x40d1</load_address>
         <run_address>0x40d1</run_address>
         <size>0xff</size>
         <input_file_ref idref="fl-16"/>
      </object_component>
      <object_component id="oc-134">
         <name>.debug_info</name>
         <load_address>0x41d0</load_address>
         <run_address>0x41d0</run_address>
         <size>0x25b</size>
         <input_file_ref idref="fl-4"/>
      </object_component>
      <object_component id="oc-139">
         <name>.debug_info</name>
         <load_address>0x442b</load_address>
         <run_address>0x442b</run_address>
         <size>0x125</size>
         <input_file_ref idref="fl-16"/>
      </object_component>
      <object_component id="oc-13e">
         <name>.debug_info</name>
         <load_address>0x4550</load_address>
         <run_address>0x4550</run_address>
         <size>0x3b0</size>
         <input_file_ref idref="fl-7"/>
      </object_component>
      <object_component id="oc-143">
         <name>.debug_info</name>
         <load_address>0x4900</load_address>
         <run_address>0x4900</run_address>
         <size>0x226</size>
         <input_file_ref idref="fl-b"/>
      </object_component>
      <object_component id="oc-148">
         <name>.debug_info</name>
         <load_address>0x4b26</load_address>
         <run_address>0x4b26</run_address>
         <size>0x177</size>
         <input_file_ref idref="fl-b"/>
      </object_component>
      <object_component id="oc-14d">
         <name>.debug_info</name>
         <load_address>0x4c9d</load_address>
         <run_address>0x4c9d</run_address>
         <size>0x169</size>
         <input_file_ref idref="fl-10"/>
      </object_component>
      <object_component id="oc-152">
         <name>.debug_info</name>
         <load_address>0x4e06</load_address>
         <run_address>0x4e06</run_address>
         <size>0x110</size>
         <input_file_ref idref="fl-16"/>
      </object_component>
      <object_component id="oc-154">
         <name>.debug_info</name>
         <load_address>0x4f16</load_address>
         <run_address>0x4f16</run_address>
         <size>0x176</size>
         <input_file_ref idref="fl-7"/>
      </object_component>
      <object_component id="oc-159">
         <name>.debug_info</name>
         <load_address>0x508c</load_address>
         <run_address>0x508c</run_address>
         <size>0x21b</size>
         <input_file_ref idref="fl-7"/>
      </object_component>
      <object_component id="oc-15e">
         <name>.debug_info</name>
         <load_address>0x52a7</load_address>
         <run_address>0x52a7</run_address>
         <size>0xdc</size>
         <input_file_ref idref="fl-16"/>
      </object_component>
      <object_component id="oc-160">
         <name>.debug_info</name>
         <load_address>0x5383</load_address>
         <run_address>0x5383</run_address>
         <size>0x2a0</size>
         <input_file_ref idref="fl-10"/>
      </object_component>
      <object_component id="oc-165">
         <name>.debug_info</name>
         <load_address>0x5623</load_address>
         <run_address>0x5623</run_address>
         <size>0x219</size>
         <input_file_ref idref="fl-10"/>
      </object_component>
      <object_component id="oc-16a">
         <name>.debug_info</name>
         <load_address>0x583c</load_address>
         <run_address>0x583c</run_address>
         <size>0x15e</size>
         <input_file_ref idref="fl-b"/>
      </object_component>
      <object_component id="oc-16f">
         <name>.debug_info</name>
         <load_address>0x599a</load_address>
         <run_address>0x599a</run_address>
         <size>0x25d</size>
         <input_file_ref idref="fl-b"/>
      </object_component>
      <object_component id="oc-174">
         <name>.debug_info</name>
         <load_address>0x5bf7</load_address>
         <run_address>0x5bf7</run_address>
         <size>0x13b</size>
         <input_file_ref idref="fl-b"/>
      </object_component>
      <object_component id="oc-179">
         <name>.debug_info</name>
         <load_address>0x5d32</load_address>
         <run_address>0x5d32</run_address>
         <size>0x2c0</size>
         <input_file_ref idref="fl-f"/>
      </object_component>
      <object_component id="oc-17e">
         <name>.debug_info</name>
         <load_address>0x5ff2</load_address>
         <run_address>0x5ff2</run_address>
         <size>0x2a2</size>
         <input_file_ref idref="fl-7"/>
      </object_component>
      <object_component id="oc-183">
         <name>.debug_info</name>
         <load_address>0x6294</load_address>
         <run_address>0x6294</run_address>
         <size>0x198</size>
         <input_file_ref idref="fl-16"/>
      </object_component>
      <object_component id="oc-188">
         <name>.debug_info</name>
         <load_address>0x642c</load_address>
         <run_address>0x642c</run_address>
         <size>0x456</size>
         <input_file_ref idref="fl-10"/>
      </object_component>
      <object_component id="oc-18d">
         <name>.debug_info</name>
         <load_address>0x6882</load_address>
         <run_address>0x6882</run_address>
         <size>0x2b9</size>
         <input_file_ref idref="fl-7"/>
      </object_component>
      <object_component id="oc-192">
         <name>.debug_info</name>
         <load_address>0x6b3b</load_address>
         <run_address>0x6b3b</run_address>
         <size>0x16f</size>
         <input_file_ref idref="fl-b"/>
      </object_component>
      <object_component id="oc-199">
         <name>.debug_info</name>
         <load_address>0x6caa</load_address>
         <run_address>0x6caa</run_address>
         <size>0x12b</size>
         <input_file_ref idref="fl-3b"/>
      </object_component>
      <object_component id="oc-19a">
         <name>.debug_info</name>
         <load_address>0x6dd5</load_address>
         <run_address>0x6dd5</run_address>
         <size>0x2c</size>
         <input_file_ref idref="fl-33"/>
      </object_component>
      <object_component id="oc-19f">
         <name>.debug_info</name>
         <load_address>0x6e01</load_address>
         <run_address>0x6e01</run_address>
         <size>0x46</size>
         <input_file_ref idref="fl-32"/>
      </object_component>
      <object_component id="oc-1a4">
         <name>.debug_info</name>
         <load_address>0x6e47</load_address>
         <run_address>0x6e47</run_address>
         <size>0x178</size>
         <input_file_ref idref="fl-32"/>
      </object_component>
      <object_component id="oc-1a5">
         <name>.debug_info</name>
         <load_address>0x6fbf</load_address>
         <run_address>0x6fbf</run_address>
         <size>0x133</size>
         <input_file_ref idref="fl-34"/>
      </object_component>
      <object_component id="oc-1aa">
         <name>.debug_info</name>
         <load_address>0x70f2</load_address>
         <run_address>0x70f2</run_address>
         <size>0x3ce</size>
         <input_file_ref idref="fl-b"/>
      </object_component>
      <object_component id="oc-1b0">
         <name>.debug_info</name>
         <load_address>0x74c0</load_address>
         <run_address>0x74c0</run_address>
         <size>0x193</size>
         <input_file_ref idref="fl-b"/>
      </object_component>
      <object_component id="oc-1b2">
         <name>.debug_info</name>
         <load_address>0x7653</load_address>
         <run_address>0x7653</run_address>
         <size>0x2dc</size>
         <input_file_ref idref="fl-b"/>
      </object_component>
      <object_component id="oc-1b9">
         <name>.debug_info</name>
         <load_address>0x792f</load_address>
         <run_address>0x792f</run_address>
         <size>0x91d</size>
         <input_file_ref idref="fl-b"/>
      </object_component>
      <object_component id="oc-1bb">
         <name>.debug_info</name>
         <load_address>0x824c</load_address>
         <run_address>0x824c</run_address>
         <size>0x2dc</size>
         <input_file_ref idref="fl-15"/>
      </object_component>
      <object_component id="oc-1c3">
         <name>.debug_info</name>
         <load_address>0x8528</load_address>
         <run_address>0x8528</run_address>
         <size>0xe6</size>
         <input_file_ref idref="fl-13"/>
      </object_component>
      <object_component id="oc-1c5">
         <name>.debug_info</name>
         <load_address>0x860e</load_address>
         <run_address>0x860e</run_address>
         <size>0x254</size>
         <input_file_ref idref="fl-10"/>
      </object_component>
      <object_component id="oc-1c7">
         <name>.debug_info</name>
         <load_address>0x8862</load_address>
         <run_address>0x8862</run_address>
         <size>0x1ba</size>
         <input_file_ref idref="fl-11"/>
      </object_component>
      <object_component id="oc-1cc">
         <name>.debug_info</name>
         <load_address>0x8a1c</load_address>
         <run_address>0x8a1c</run_address>
         <size>0x181</size>
         <input_file_ref idref="fl-10"/>
      </object_component>
      <object_component id="oc-1d1">
         <name>.debug_info</name>
         <load_address>0x8b9d</load_address>
         <run_address>0x8b9d</run_address>
         <size>0x90</size>
         <input_file_ref idref="fl-3"/>
      </object_component>
      <object_component id="oc-1d8">
         <name>.debug_info</name>
         <load_address>0x8c2d</load_address>
         <run_address>0x8c2d</run_address>
         <size>0x7b3</size>
         <input_file_ref idref="fl-14"/>
      </object_component>
      <object_component id="oc-1de">
         <name>.debug_info</name>
         <load_address>0x93e0</load_address>
         <run_address>0x93e0</run_address>
         <size>0x115</size>
         <input_file_ref idref="fl-c"/>
      </object_component>
      <object_component id="oc-1e0">
         <name>.debug_info</name>
         <load_address>0x94f5</load_address>
         <run_address>0x94f5</run_address>
         <size>0xec</size>
         <input_file_ref idref="fl-10"/>
      </object_component>
      <object_component id="oc-1e2">
         <name>.debug_info</name>
         <load_address>0x95e1</load_address>
         <run_address>0x95e1</run_address>
         <size>0x1b1</size>
         <input_file_ref idref="fl-10"/>
      </object_component>
      <object_component id="oc-1e7">
         <name>.debug_info</name>
         <load_address>0x9792</load_address>
         <run_address>0x9792</run_address>
         <size>0x143</size>
         <input_file_ref idref="fl-15"/>
      </object_component>
      <object_component id="oc-1ec">
         <name>.debug_info</name>
         <load_address>0x98d5</load_address>
         <run_address>0x98d5</run_address>
         <size>0x2dc</size>
         <input_file_ref idref="fl-f"/>
      </object_component>
      <object_component id="oc-1f1">
         <name>.debug_info</name>
         <load_address>0x9bb1</load_address>
         <run_address>0x9bb1</run_address>
         <size>0x6b7</size>
         <input_file_ref idref="fl-10"/>
      </object_component>
      <object_component id="oc-1f3">
         <name>.debug_info</name>
         <load_address>0xa268</load_address>
         <run_address>0xa268</run_address>
         <size>0x267</size>
         <input_file_ref idref="fl-10"/>
      </object_component>
      <object_component id="oc-1f9">
         <name>.debug_info</name>
         <load_address>0xa4cf</load_address>
         <run_address>0xa4cf</run_address>
         <size>0x245</size>
         <input_file_ref idref="fl-b"/>
      </object_component>
      <object_component id="oc-1ff">
         <name>.debug_info</name>
         <load_address>0xa714</load_address>
         <run_address>0xa714</run_address>
         <size>0x203</size>
         <input_file_ref idref="fl-b"/>
      </object_component>
      <object_component id="oc-204">
         <name>.debug_info</name>
         <load_address>0xa917</load_address>
         <run_address>0xa917</run_address>
         <size>0x181</size>
         <input_file_ref idref="fl-a"/>
      </object_component>
      <object_component id="oc-207">
         <name>.debug_info</name>
         <load_address>0xaa98</load_address>
         <run_address>0xaa98</run_address>
         <size>0x972</size>
         <input_file_ref idref="fl-16"/>
      </object_component>
      <object_component id="oc-20c">
         <name>.debug_info</name>
         <load_address>0xb40a</load_address>
         <run_address>0xb40a</run_address>
         <size>0x18b</size>
         <input_file_ref idref="fl-2"/>
      </object_component>
      <object_component id="oc-215">
         <name>.debug_info</name>
         <load_address>0xb595</load_address>
         <run_address>0xb595</run_address>
         <size>0x421</size>
         <input_file_ref idref="fl-4"/>
      </object_component>
      <object_component id="oc-21a">
         <name>.debug_info</name>
         <load_address>0xb9b6</load_address>
[...]
         <value>0x7aa6</value>
         <object_component_ref idref="oc-3fd"/>
      </symbol>
      <symbol id="sm-9cf">
         <name>sRwbuf</name>
         <value>0x2650</value>
         <object_component_ref idref="oc-1c4"/>
      </symbol>
      <symbol id="sm-9d0">
         <name>MSCToHostFromBuffer</name>
         <value>0x4d1a</value>
         <object_component_ref idref="oc-fe"/>
      </symbol>
      <symbol id="sm-9d1">
         <name>USBMSC_getState</name>
         <value>0x71ee</value>
         <object_component_ref idref="oc-29a"/>
      </symbol>
      <symbol id="sm-9d2">
         <name>Scsi_Report_Luns</name>
         <value>0x77e2</value>
         <object_component_ref idref="oc-3f8"/>
      </symbol>
      <symbol id="sm-9d3">
         <name>USBMSC_bufferProcessed</name>
         <value>0x4978</value>
         <object_component_ref idref="oc-187"/>
      </symbol>
      <symbol id="sm-9d4">
         <name>SET_RequestsenseNotReady</name>
         <value>0x77ba</value>
         <object_component_ref idref="oc-407"/>
      </symbol>
      <symbol id="sm-9d5">
         <name>Scsi_Mode_Sense_6</name>
         <value>0x286c</value>
         <object_component_ref idref="oc-4ed"/>
      </symbol>
      <symbol id="sm-9d6">
         <name>MscResetData</name>
         <value>0x780a</value>
         <object_component_ref idref="oc-1cb"/>
      </symbol>
      <symbol id="sm-9d7">
         <name>Scsi_Mode_Sense6</name>
         <value>0x6d92</value>
         <object_component_ref idref="oc-420"/>
      </symbol>
      <symbol id="sm-9d8">
         <name>MSCFromHostToBuffer</name>
         <value>0x4572</value>
         <object_component_ref idref="oc-f9"/>
      </symbol>
      <symbol id="sm-9d9">
         <name>Scsi_Verify_CBW</name>
         <value>0x6ef4</value>
         <object_component_ref idref="oc-2d9"/>
      </symbol>
      <symbol id="sm-9da">
         <name>McsCsw</name>
         <value>0x2694</value>
         <object_component_ref idref="oc-1c4"/>
      </symbol>
      <symbol id="sm-9db">
         <name>Msc_ResetStruct</name>
         <value>0x6e9e</value>
         <object_component_ref idref="oc-2b3"/>
      </symbol>
      <symbol id="sm-9dc">
         <name>Scsi_Request_Sense</name>
         <value>0x5c4c</value>
         <object_component_ref idref="oc-42a"/>
      </symbol>
      <symbol id="sm-9dd">
         <name>usbStallEndpoint</name>
         <value>0x79c6</value>
         <object_component_ref idref="oc-3e8"/>
      </symbol>
      <symbol id="sm-9de">
         <name>MscCopyUsbToBuff</name>
         <value>0x6ada</value>
         <object_component_ref idref="oc-1e1"/>
      </symbol>
      <symbol id="sm-9df">
         <name>Msc_ResetFlags</name>
         <value>0x7c4c</value>
         <object_component_ref idref="oc-2ae"/>
      </symbol>
      <symbol id="sm-9e0">
         <name>Scsi_Unknown_Request</name>
         <value>0x67fa</value>
         <object_component_ref idref="oc-416"/>
      </symbol>
      <symbol id="sm-9e1">
         <name>Scsi_Mode_Sense10</name>
         <value>0x6d38</value>
         <object_component_ref idref="oc-41b"/>
      </symbol>
      <symbol id="sm-9e2">
         <name>Scsi_Read10</name>
         <value>0x5d4a</value>
         <object_component_ref idref="oc-40c"/>
      </symbol>
      <symbol id="sm-9e3">
         <name>USBMSC_fetchInfoStruct</name>
         <value>0x7c5e</value>
         <object_component_ref idref="oc-14c"/>
      </symbol>
      <symbol id="sm-9e4">
         <name>bScsi_Standard_Inquiry_Data</name>
         <value>0x7e38</value>
         <object_component_ref idref="oc-4f0"/>
      </symbol>
      <symbol id="sm-9e5">
         <name>Reset_RequestSenseResponse</name>
         <value>0x6774</value>
         <object_component_ref idref="oc-2f0"/>
      </symbol>
      <symbol id="sm-9f3">
         <name>USBMSC_reset</name>
         <value>0x73de</value>
         <object_component_ref idref="oc-1c6"/>
      </symbol>
      <symbol id="sm-9f4">
         <name>Get_MaxLUN</name>
         <value>0x7a3e</value>
         <object_component_ref idref="oc-43c"/>
      </symbol>
      <symbol id="sm-a18">
         <name>abromConfigurationDescriptorGroup</name>
         <value>0x7e7c</value>
         <object_component_ref idref="oc-500"/>
      </symbol>
      <symbol id="sm-a19">
         <name>tUsbRequestList</name>
         <value>0x7cb8</value>
         <object_component_ref idref="oc-30d"/>
      </symbol>
      <symbol id="sm-a1a">
         <name>abromDeviceDescriptor</name>
         <value>0x7e9c</value>
         <object_component_ref idref="oc-4fd"/>
      </symbol>
      <symbol id="sm-a1b">
         <name>abromStringDescriptor</name>
         <value>0x7db4</value>
         <object_component_ref idref="oc-503"/>
      </symbol>
      <symbol id="sm-a1c">
         <name>stUsbHandle</name>
         <value>0x7ebe</value>
         <object_component_ref idref="oc-1c2"/>
      </symbol>
      <symbol id="sm-a81">
         <name>IEP0InterruptHandler</name>
         <value>0x7a22</value>
         <object_component_ref idref="oc-108"/>
      </symbol>
      <symbol id="sm-a82">
         <name>OEP0InterruptHandler</name>
         <value>0x7830</value>
         <object_component_ref idref="oc-103"/>
      </symbol>
      <symbol id="sm-a83">
         <name>PWRVBUSonHandler</name>
         <value>0x7484</value>
         <object_component_ref idref="oc-ea"/>
      </symbol>
      <symbol id="sm-a84">
         <name>SetupPacketInterruptHandler</name>
         <value>0x711c</value>
         <object_component_ref idref="oc-bb"/>
      </symbol>
      <symbol id="sm-a85">
         <name>PWRVBUSoffHandler</name>
         <value>0x70d4</value>
         <object_component_ref idref="oc-e0"/>
      </symbol>
      <symbol id="sm-a86">
         <name>iUsbInterruptHandler</name>
         <value>0x4400</value>
         <object_component_ref idref="oc-7a"/>
      </symbol>
      <symbol id="sm-ad0">
         <name>USB_handleSuspendEvent</name>
         <value>0x7ca8</value>
         <object_component_ref idref="oc-d1"/>
      </symbol>
      <symbol id="sm-ad1">
         <name>USB_handleVbusOnEvent</name>
         <value>0x7bb8</value>
         <object_component_ref idref="oc-ef"/>
      </symbol>
      <symbol id="sm-ad2">
         <name>USB_handleResetEvent</name>
         <value>0x7ca0</value>
         <object_component_ref idref="oc-db"/>
      </symbol>
      <symbol id="sm-ad3">
         <name>USB_handleEnumCompleteEvent</name>
         <value>0x7c9c</value>
         <object_component_ref idref="oc-314"/>
      </symbol>
      <symbol id="sm-ad4">
         <name>USB_handleVbusOffEvent</name>
         <value>0x7cac</value>
         <object_component_ref idref="oc-e5"/>
      </symbol>
      <symbol id="sm-ad5">
         <name>USB_handleResumeEvent</name>
         <value>0x7ca4</value>
         <object_component_ref idref="oc-c7"/>
      </symbol>
      <symbol id="sm-ad6">
         <name>USBMSC_handleBufferEvent</name>
         <value>0x7c94</value>
         <object_component_ref idref="oc-1e6"/>
      </symbol>
      <symbol id="sm-ad7">
         <name>USB_handleClockEvent</name>
         <value>0x7c98</value>
         <object_component_ref idref="oc-f4"/>
      </symbol>
      <symbol id="sm-b8c">
         <name>checkInsertionRemoval</name>
         <value>0x6dec</value>
         <object_component_ref idref="oc-182"/>
      </symbol>
      <symbol id="sm-b8d">
         <name>RWbuf</name>
         <value>0x2400</value>
         <object_component_ref idref="oc-151"/>
      </symbol>
      <symbol id="sm-b8e">
         <name>UNMI_ISR</name>
         <value>0x450e</value>
         <object_component_ref idref="oc-86"/>
      </symbol>
      <symbol id="sm-b8f">
         <name>BYTES_PER_BLOCK</name>
         <value>0x7ece</value>
         <object_component_ref idref="oc-15d"/>
      </symbol>
      <symbol id="sm-b90">
         <name>Init_Clock</name>
         <value>0x73a4</value>
         <object_component_ref idref="oc-138"/>
      </symbol>
      <symbol id="sm-b91">
         <name>Init_Ports</name>
         <value>0x71ac</value>
         <object_component_ref idref="oc-12e"/>
      </symbol>
      <symbol id="sm-b92">
         <name>main</name>
         <value>0x4fd2</value>
         <object_component_ref idref="oc-96"/>
      </symbol>
      <symbol id="sm-b93">
         <name>RWbuf_info</name>
         <value>0x2600</value>
         <object_component_ref idref="oc-151"/>
      </symbol>
      <symbol id="sm-b94">
         <name>USBMSC_config</name>
         <value>0x282c</value>
         <object_component_ref idref="oc-113"/>
      </symbol>
      <symbol id="sm-b95">
         <name>mediaInfo</name>
         <value>0x2604</value>
         <object_component_ref idref="oc-151"/>
      </symbol>
      <symbol id="sm-b96">
         <name>bDetectCard</name>
         <value>0x284b</value>
         <object_component_ref idref="oc-113"/>
      </symbol>
      <symbol id="sm-b97">
         <name>TIMER0_A0_ISR</name>
         <value>0x4566</value>
         <object_component_ref idref="oc-80"/>
      </symbol>
      <symbol id="sm-ba9">
         <name>_c_int00_noexit</name>
         <value>0x454c</value>
         <object_component_ref idref="oc-69"/>
      </symbol>
      <symbol id="sm-baa">
         <name>_c_int00</name>
         <value>0x454c</value>
         <object_component_ref idref="oc-69"/>
      </symbol>
      <symbol id="sm-bab">
         <name>_stack</name>
         <value>0x4360</value>
         <object_component_ref idref="oc-8c"/>
      </symbol>
      <symbol id="sm-bac">
         <name>_reset_vector</name>
         <value>0xfffe</value>
         <object_component_ref idref="oc-6a"/>
      </symbol>
      <symbol id="sm-bc0">
         <name>__TI_decompress_none</name>
         <value>0x7b1e</value>
         <object_component_ref idref="oc-6e"/>
      </symbol>
      <symbol id="sm-be8">
         <name>__TI_decompress_rle24</name>
         <value>0x7c6a</value>
         <object_component_ref idref="oc-76"/>
      </symbol>
      <symbol id="sm-bf9">
         <name>__TI_zero_init</name>
         <value>0x7854</value>
         <object_component_ref idref="oc-72"/>
      </symbol>
      <symbol id="sm-c02">
         <name>__mspabi_remu</name>
         <value>0x7b34</value>
         <object_component_ref idref="oc-2be"/>
      </symbol>
      <symbol id="sm-c03">
         <name>__mspabi_divu</name>
         <value>0x7b34</value>
         <object_component_ref idref="oc-2be"/>
      </symbol>
      <symbol id="sm-c0c">
         <name>C$$EXIT</name>
         <value>0x7cb4</value>
         <object_component_ref idref="oc-9b"/>
      </symbol>
      <symbol id="sm-c0d">
         <name>abort</name>
         <value>0x7cb4</value>
         <object_component_ref idref="oc-9b"/>
      </symbol>
      <symbol id="sm-c15">
         <name>__mspabi_slli</name>
         <value>0x7c30</value>
         <object_component_ref idref="oc-2d0"/>
      </symbol>
      <symbol id="sm-c23">
         <name>__mspabi_slll_9</name>
         <value>0x7304</value>
         <object_component_ref idref="oc-286"/>
      </symbol>
      <symbol id="sm-c24">
         <name>__mspabi_slll_8</name>
         <value>0x7308</value>
         <object_component_ref idref="oc-286"/>
      </symbol>
      <symbol id="sm-c25">
         <name>__mspabi_slll_7</name>
         <value>0x730c</value>
         <object_component_ref idref="oc-286"/>
      </symbol>
      <symbol id="sm-c26">
         <name>__mspabi_slll_6</name>
         <value>0x7310</value>
         <object_component_ref idref="oc-286"/>
      </symbol>
      <symbol id="sm-c27">
         <name>__mspabi_slll_5</name>
         <value>0x7314</value>
         <object_component_ref idref="oc-286"/>
      </symbol>
      <symbol id="sm-c28">
         <name>__mspabi_slll_4</name>
         <value>0x7318</value>
         <object_component_ref idref="oc-286"/>
      </symbol>
      <symbol id="sm-c29">
         <name>__mspabi_slll_3</name>
         <value>0x731c</value>
         <object_component_ref idref="oc-286"/>
      </symbol>
      <symbol id="sm-c2a">
         <name>__mspabi_slll_2</name>
         <value>0x7320</value>
         <object_component_ref idref="oc-286"/>
      </symbol>
      <symbol id="sm-c2b">
         <name>__mspabi_slll_1</name>
         <value>0x7324</value>
         <object_component_ref idref="oc-286"/>
      </symbol>
      <symbol id="sm-c2c">
         <name>__mspabi_slll</name>
         <value>0x7c04</value>
         <object_component_ref idref="oc-282"/>
      </symbol>
      <symbol id="sm-c2d">
         <name>__mspabi_slll_15</name>
         <value>0x72ec</value>
         <object_component_ref idref="oc-286"/>
      </symbol>
      <symbol id="sm-c2e">
         <name>__mspabi_slll_14</name>
         <value>0x72f0</value>
         <object_component_ref idref="oc-286"/>
      </symbol>
      <symbol id="sm-c2f">
         <name>__mspabi_slll_13</name>
         <value>0x72f4</value>
         <object_component_ref idref="oc-286"/>
      </symbol>
      <symbol id="sm-c30">
         <name>__mspabi_slll_12</name>
         <value>0x72f8</value>
         <object_component_ref idref="oc-286"/>
      </symbol>
      <symbol id="sm-c31">
         <name>__mspabi_slll_11</name>
         <value>0x72fc</value>
         <object_component_ref idref="oc-286"/>
      </symbol>
      <symbol id="sm-c32">
         <name>__mspabi_slll_10</name>
         <value>0x7300</value>
         <object_component_ref idref="oc-286"/>
      </symbol>
      <symbol id="sm-c39">
         <name>__mspabi_srll_8</name>
         <value>0x7346</value>
         <object_component_ref idref="oc-292"/>
      </symbol>
      <symbol id="sm-c3a">
         <name>__mspabi_srll_9</name>
         <value>0x7342</value>
         <object_component_ref idref="oc-292"/>
      </symbol>
      <symbol id="sm-c3b">
         <name>__mspabi_srll_6</name>
         <value>0x734e</value>
         <object_component_ref idref="oc-292"/>
      </symbol>
      <symbol id="sm-c3c">
         <name>__mspabi_srll_7</name>
         <value>0x734a</value>
         <object_component_ref idref="oc-292"/>
      </symbol>
      <symbol id="sm-c3d">
         <name>__mspabi_srll_4</name>
         <value>0x7356</value>
         <object_component_ref idref="oc-292"/>
      </symbol>
      <symbol id="sm-c3e">
         <name>__mspabi_srll_5</name>
         <value>0x7352</value>
         <object_component_ref idref="oc-292"/>
      </symbol>
      <symbol id="sm-c3f">
         <name>__mspabi_srll_2</name>
         <value>0x735e</value>
         <object_component_ref idref="oc-292"/>
      </symbol>
      <symbol id="sm-c40">
         <name>__mspabi_srll_3</name>
         <value>0x735a</value>
         <object_component_ref idref="oc-292"/>
      </symbol>
      <symbol id="sm-c41">
         <name>__mspabi_srll_1</name>
         <value>0x7362</value>
         <object_component_ref idref="oc-292"/>
      </symbol>
      <symbol id="sm-c42">
         <name>__mspabi_srll_15</name>
         <value>0x732a</value>
         <object_component_ref idref="oc-292"/>
      </symbol>
      <symbol id="sm-c43">
         <name>__mspabi_srll_14</name>
         <value>0x732e</value>
         <object_component_ref idref="oc-292"/>
      </symbol>
      <symbol id="sm-c44">
         <name>__mspabi_srll_13</name>
         <value>0x7332</value>
         <object_component_ref idref="oc-292"/>
      </symbol>
      <symbol id="sm-c45">
         <name>__mspabi_srll_12</name>
         <value>0x7336</value>
         <object_component_ref idref="oc-292"/>
      </symbol>
      <symbol id="sm-c46">
         <name>__mspabi_srll_11</name>
         <value>0x733a</value>
         <object_component_ref idref="oc-292"/>
      </symbol>
      <symbol id="sm-c47">
         <name>__mspabi_srll_10</name>
         <value>0x733e</value>
         <object_component_ref idref="oc-292"/>
      </symbol>
      <symbol id="sm-c59">
         <name>memcpy</name>
         <value>0x7768</value>
         <object_component_ref idref="oc-a0"/>
      </symbol>
      <symbol id="sm-c66">
         <name>memset</name>
         <value>0x7966</value>
         <object_component_ref idref="oc-344"/>
      </symbol>
      <symbol id="sm-c6d">
         <name>__mspabi_mpyul_f5hw</name>
         <value>0x7a72</value>
         <object_component_ref idref="oc-4e1"/>
      </symbol>
      <symbol id="sm-c74">
         <name>__mspabi_mpyi_f5hw</name>
         <value>0x7b4a</value>
         <object_component_ref idref="oc-2ec"/>
      </symbol>
      <symbol id="sm-c7b">
         <name>__mspabi_mpyl_f5hw</name>
         <value>0x78e2</value>
         <object_component_ref idref="oc-296"/>
      </symbol>
      <symbol id="sm-c82">
         <name>_system_pre_init</name>
         <value>0x7cb0</value>
         <object_component_ref idref="oc-8e"/>
      </symbol>
      <symbol id="sm-c90">
         <name>_auto_init</name>
         <value>0x68fe</value>
         <object_component_ref idref="oc-92"/>
      </symbol>
      <symbol id="sm-c97">
         <name>__mspabi_sral_15</name>
         <value>0x72ae</value>
         <object_component_ref idref="oc-129"/>
      </symbol>
      <symbol id="sm-c98">
         <name>__mspabi_sral_14</name>
         <value>0x72b2</value>
         <object_component_ref idref="oc-129"/>
      </symbol>
      <symbol id="sm-c99">
         <name>__mspabi_sral_13</name>
         <value>0x72b6</value>
         <object_component_ref idref="oc-129"/>
      </symbol>
      <symbol id="sm-c9a">
         <name>__mspabi_sral_12</name>
         <value>0x72ba</value>
         <object_component_ref idref="oc-129"/>
      </symbol>
      <symbol id="sm-c9b">
         <name>__mspabi_sral_11</name>
         <value>0x72be</value>
         <object_component_ref idref="oc-129"/>
      </symbol>
      <symbol id="sm-c9c">
         <name>__mspabi_sral_10</name>
         <value>0x72c2</value>
         <object_component_ref idref="oc-129"/>
      </symbol>
      <symbol id="sm-c9d">
         <name>__mspabi_sral_8</name>
         <value>0x72ca</value>
         <object_component_ref idref="oc-129"/>
      </symbol>
      <symbol id="sm-c9e">
         <name>__mspabi_sral_9</name>
         <value>0x72c6</value>
         <object_component_ref idref="oc-129"/>
      </symbol>
      <symbol id="sm-c9f">
         <name>__mspabi_sral_6</name>
         <value>0x72d2</value>
         <object_component_ref idref="oc-129"/>
      </symbol>
      <symbol id="sm-ca0">
         <name>__mspabi_sral_7</name>
         <value>0x72ce</value>
         <object_component_ref idref="oc-129"/>
      </symbol>
      <symbol id="sm-ca1">
         <name>__mspabi_sral_4</name>
         <value>0x72da</value>
         <object_component_ref idref="oc-129"/>
      </symbol>
      <symbol id="sm-ca2">
         <name>__mspabi_sral_5</name>
         <value>0x72d6</value>
         <object_component_ref idref="oc-129"/>
      </symbol>
      <symbol id="sm-ca3">
         <name>__mspabi_sral_2</name>
         <value>0x72e2</value>
         <object_component_ref idref="oc-129"/>
      </symbol>
      <symbol id="sm-ca4">
         <name>__mspabi_sral_3</name>
         <value>0x72de</value>
         <object_component_ref idref="oc-129"/>
      </symbol>
      <symbol id="sm-ca5">
         <name>__mspabi_sral_1</name>
         <value>0x72e6</value>
         <object_component_ref idref="oc-129"/>
      </symbol>
      <symbol id="sm-ca6">
         <name>__TI_exit</name>
         <value>0x1</value>
      </symbol>
      <symbol id="sm-ca7">
         <name>__TI_args_main</name>
         <value>0x1</value>
      </symbol>
      <symbol id="sm-ca8">
         <name>__TI_INITARRAY_Base</name>
         <value>0x0</value>
      </symbol>
      <symbol id="sm-ca9">
         <name>__TI_INITARRAY_Limit</name>
         <value>0x0</value>
      </symbol>
   </symbol_table>
</link_info>
