<?xml version="1.0"?>
<link_info>
   <banner>MSP430 Linker PC v4.1.5</banner>
   <copyright>Copyright (c) 2003-2013 Texas Instruments Incorporated</copyright>
   <link_time>0x538f18cc</link_time>
   <output_file>Pro01a WAV_Play.out</output_file>
   <entry_point>
      <name>_c_int00</name>
      <address>0x4400</address>
   </entry_point>
   <input_file_list>
      <input_file id="fl-2">
         <path>.\dr_sdcard\</path>
         <kind>object</kind>
         <file>mmc.obj</file>
         <name>mmc.obj</name>
      </input_file>
      <input_file id="fl-3">
         <path>.\dr_sdcard\</path>
         <kind>object</kind>
         <file>ff.obj</file>
         <name>ff.obj</name>
      </input_file>
      <input_file id="fl-4">
         <path>.\dr_sdcard\</path>
         <kind>object</kind>
         <file>HAL_SDCard.obj</file>
         <name>HAL_SDCard.obj</name>
      </input_file>
      <input_file id="fl-5">
         <path>.\</path>
         <kind>object</kind>
         <file>ucs.obj</file>
         <name>ucs.obj</name>
      </input_file>
      <input_file id="fl-6">
         <path>.\</path>
         <kind>object</kind>
         <file>main.obj</file>
         <name>main.obj</name>
      </input_file>
      <input_file id="fl-7">
         <path>.\</path>
         <kind>object</kind>
         <file>SGP18T_ILI9163B_figure.obj</file>
         <name>SGP18T_ILI9163B_figure.obj</name>
      </input_file>
      <input_file id="fl-8">
         <path>.\</path>
         <kind>object</kind>
         <file>SGP18T_ILI9163B_base.obj</file>
         <name>SGP18T_ILI9163B_base.obj</name>
      </input_file>
      <input_file id="fl-9">
         <path>.\</path>
         <kind>object</kind>
         <file>SGP18T_ILI9163B_ascii.obj</file>
         <name>SGP18T_ILI9163B_ascii.obj</name>
      </input_file>
      <input_file id="fl-24">
         <path>C:\ti\ccsv5\tools\compiler\msp430_4.1.5\lib\</path>
         <kind>archive</kind>
         <file>rts430x_lc_ld_eabi.lib</file>
         <name>asr16.obj</name>
      </input_file>
      <input_file id="fl-25">
         <path>C:\ti\ccsv5\tools\compiler\msp430_4.1.5\lib\</path>
         <kind>archive</kind>
         <file>rts430x_lc_ld_eabi.lib</file>
         <name>boot.obj</name>
      </input_file>
      <input_file id="fl-26">
         <path>C:\ti\ccsv5\tools\compiler\msp430_4.1.5\lib\</path>
         <kind>archive</kind>
         <file>rts430x_lc_ld_eabi.lib</file>
         <name>copy_decompress_none.obj</name>
      </input_file>
      <input_file id="fl-27">
         <path>C:\ti\ccsv5\tools\compiler\msp430_4.1.5\lib\</path>
         <kind>archive</kind>
         <file>rts430x_lc_ld_eabi.lib</file>
         <name>copy_decompress_rle.obj</name>
      </input_file>
      <input_file id="fl-28">
         <path>C:\ti\ccsv5\tools\compiler\msp430_4.1.5\lib\</path>
         <kind>archive</kind>
         <file>rts430x_lc_ld_eabi.lib</file>
         <name>copy_zero_init.obj</name>
      </input_file>
      <input_file id="fl-29">
         <path>C:\ti\ccsv5\tools\compiler\msp430_4.1.5\lib\</path>
         <kind>archive</kind>
         <file>rts430x_lc_ld_eabi.lib</file>
         <name>div16s.obj</name>
      </input_file>
      <input_file id="fl-2a">
         <path>C:\ti\ccsv5\tools\compiler\msp430_4.1.5\lib\</path>
         <kind>archive</kind>
         <file>rts430x_lc_ld_eabi.lib</file>
         <name>div16u.obj</name>
      </input_file>
      <input_file id="fl-2b">
         <path>C:\ti\ccsv5\tools\compiler\msp430_4.1.5\lib\</path>
         <kind>archive</kind>
         <file>rts430x_lc_ld_eabi.lib</file>
         <name>div32s.obj</name>
      </input_file>
      <input_file id="fl-2c">
         <path>C:\ti\ccsv5\tools\compiler\msp430_4.1.5\lib\</path>
         <kind>archive</kind>
         <file>rts430x_lc_ld_eabi.lib</file>
         <name>div32u.obj</name>
      </input_file>
      <input_file id="fl-2d">
         <path>C:\ti\ccsv5\tools\compiler\msp430_4.1.5\lib\</path>
         <kind>archive</kind>
         <file>rts430x_lc_ld_eabi.lib</file>
         <name>exit.obj</name>
      </input_file>
      <input_file id="fl-2e">
         <path>C:\ti\ccsv5\tools\compiler\msp430_4.1.5\lib\</path>
         <kind>archive</kind>
         <file>rts430x_lc_ld_eabi.lib</file>
         <name>lsl16.obj</name>
      </input_file>
      <input_file id="fl-2f">
         <path>C:\ti\ccsv5\tools\compiler\msp430_4.1.5\lib\</path>
         <kind>archive</kind>
         <file>rts430x_lc_ld_eabi.lib</file>
         <name>lsl32.obj</name>
      </input_file>
      <input_file id="fl-30">
         <path>C:\ti\ccsv5\tools\compiler\msp430_4.1.5\lib\</path>
         <kind>archive</kind>
         <file>rts430x_lc_ld_eabi.lib</file>
         <name>lsr32.obj</name>
      </input_file>
      <input_file id="fl-31">
         <path>C:\ti\ccsv5\tools\compiler\msp430_4.1.5\lib\</path>
         <kind>archive</kind>
         <file>rts430x_lc_ld_eabi.lib</file>
         <name>memcpy.obj</name>
      </input_file>
      <input_file id="fl-32">
         <path>C:\ti\ccsv5\tools\compiler\msp430_4.1.5\lib\</path>
         <kind>archive</kind>
         <file>rts430x_lc_ld_eabi.lib</file>
         <name>memset.obj</name>
      </input_file>
      <input_file id="fl-33">
         <path>C:\ti\ccsv5\tools\compiler\msp430_4.1.5\lib\</path>
         <kind>archive</kind>
         <file>rts430x_lc_ld_eabi.lib</file>
         <name>mult16_f5hw.obj</name>
      </input_file>
      <input_file id="fl-34">
         <path>C:\ti\ccsv5\tools\compiler\msp430_4.1.5\lib\</path>
         <kind>archive</kind>
         <file>rts430x_lc_ld_eabi.lib</file>
         <name>mult32_f5hw.obj</name>
      </input_file>
      <input_file id="fl-35">
         <path>C:\ti\ccsv5\tools\compiler\msp430_4.1.5\lib\</path>
         <kind>archive</kind>
         <file>rts430x_lc_ld_eabi.lib</file>
         <name>pre_init.obj</name>
      </input_file>
      <input_file id="fl-36">
         <path>C:\ti\ccsv5\tools\compiler\msp430_4.1.5\lib\</path>
         <kind>archive</kind>
         <file>rts430x_lc_ld_eabi.lib</file>
         <name>strstr.obj</name>
      </input_file>
      <input_file id="fl-37">
         <path>C:\ti\ccsv5\tools\compiler\msp430_4.1.5\lib\</path>
         <kind>archive</kind>
         <file>rts430x_lc_ld_eabi.lib</file>
         <name>_lock.obj</name>
      </input_file>
      <input_file id="fl-38">
         <path>C:\ti\ccsv5\tools\compiler\msp430_4.1.5\lib\</path>
         <kind>archive</kind>
         <file>rts430x_lc_ld_eabi.lib</file>
         <name>args_main.obj</name>
      </input_file>
      <input_file id="fl-39">
         <path>C:\ti\ccsv5\tools\compiler\msp430_4.1.5\lib\</path>
         <kind>archive</kind>
         <file>rts430x_lc_ld_eabi.lib</file>
         <name>autoinit.obj</name>
      </input_file>
      <input_file id="fl-3a">
         <path>C:\ti\ccsv5\tools\compiler\msp430_4.1.5\lib\</path>
         <kind>archive</kind>
         <file>rts430x_lc_ld_eabi.lib</file>
         <name>asr32.obj</name>
      </input_file>
   </input_file_list>
   <object_component_list>
      <object_component id="oc-80">
         <name>.stack</name>
         <uninitialized>true</uninitialized>
         <run_address>0x4360</run_address>
         <size>0x4</size>
         <input_file_ref idref="fl-25"/>
      </object_component>
      <object_component id="oc-386">
         <name>.stack</name>
         <uninitialized>true</uninitialized>
         <run_address>0x4360</run_address>
         <size>0x0</size>
      </object_component>
      <object_component id="oc-18d">
         <name>.text:chk_mounted</name>
         <load_address>0x4428</load_address>
         <run_address>0x4428</run_address>
         <size>0x4b2</size>
         <input_file_ref idref="fl-3"/>
      </object_component>
      <object_component id="oc-da">
         <name>.text:ILI9163B_init</name>
         <load_address>0x48da</load_address>
         <run_address>0x48da</run_address>
         <size>0x30c</size>
         <input_file_ref idref="fl-8"/>
      </object_component>
      <object_component id="oc-8a">
         <name>.text:main</name>
         <load_address>0x4be6</load_address>
         <run_address>0x4be6</run_address>
         <size>0x2ba</size>
         <input_file_ref idref="fl-6"/>
      </object_component>
      <object_component id="oc-112">
         <name>.text:f_open</name>
         <load_address>0x4ea0</load_address>
         <run_address>0x4ea0</run_address>
         <size>0x22a</size>
         <input_file_ref idref="fl-3"/>
      </object_component>
      <object_component id="oc-117">
         <name>.text:f_read</name>
         <load_address>0x50ca</load_address>
         <run_address>0x50ca</run_address>
         <size>0x1f8</size>
         <input_file_ref idref="fl-3"/>
      </object_component>
      <object_component id="oc-276">
         <name>.text:put_fat</name>
         <load_address>0x52c2</load_address>
         <run_address>0x52c2</run_address>
         <size>0x180</size>
         <input_file_ref idref="fl-3"/>
      </object_component>
      <object_component id="oc-1af">
         <name>.text:dir_next</name>
         <load_address>0x5442</load_address>
         <run_address>0x5442</run_address>
         <size>0x17c</size>
         <input_file_ref idref="fl-3"/>
      </object_component>
      <object_component id="oc-245">
         <name>.text:create_name</name>
         <load_address>0x55be</load_address>
         <run_address>0x55be</run_address>
         <size>0x17a</size>
         <input_file_ref idref="fl-3"/>
      </object_component>
      <object_component id="oc-236">
         <name>.text:disk_initialize</name>
         <load_address>0x5738</load_address>
         <run_address>0x5738</run_address>
         <size>0x14a</size>
         <input_file_ref idref="fl-2"/>
      </object_component>
      <object_component id="oc-1d9">
         <name>.text:get_fat</name>
         <load_address>0x5882</load_address>
         <run_address>0x5882</run_address>
         <size>0x13a</size>
         <input_file_ref idref="fl-3"/>
      </object_component>
      <object_component id="oc-25b">
         <name>.text:create_chain</name>
         <load_address>0x59bc</load_address>
         <run_address>0x59bc</run_address>
         <size>0x120</size>
         <input_file_ref idref="fl-3"/>
      </object_component>
      <object_component id="oc-197">
         <name>.text:dir_sdi</name>
         <load_address>0x5adc</load_address>
         <run_address>0x5adc</run_address>
         <size>0xfe</size>
         <input_file_ref idref="fl-3"/>
      </object_component>
      <object_component id="oc-2eb">
         <name>.text:disk_ioctl</name>
         <load_address>0x5bda</load_address>
         <run_address>0x5bda</run_address>
         <size>0xf4</size>
         <input_file_ref idref="fl-2"/>
      </object_component>
      <object_component id="oc-29d">
         <name>.text:sync</name>
         <load_address>0x5cce</load_address>
         <run_address>0x5cce</run_address>
         <size>0xf0</size>
         <input_file_ref idref="fl-3"/>
      </object_component>
      <object_component id="oc-1aa">
         <name>.text:get_fileinfo</name>
         <load_address>0x5dbe</load_address>
         <run_address>0x5dbe</run_address>
         <size>0xd8</size>
         <input_file_ref idref="fl-3"/>
      </object_component>
      <object_component id="oc-1cb">
         <name>.text:move_window</name>
         <load_address>0x5e96</load_address>
         <run_address>0x5e96</run_address>
         <size>0xbe</size>
         <input_file_ref idref="fl-3"/>
      </object_component>
      <object_component id="oc-27c">
         <name>.text:disk_write</name>
         <load_address>0x5f54</load_address>
         <run_address>0x5f54</run_address>
         <size>0xbc</size>
         <input_file_ref idref="fl-2"/>
      </object_component>
      <object_component id="oc-192">
         <name>.text:follow_path</name>
         <load_address>0x6010</load_address>
         <run_address>0x6010</run_address>
         <size>0xbc</size>
         <input_file_ref idref="fl-3"/>
      </object_component>
      <object_component id="oc-288">
         <name>.text:send_cmd</name>
         <load_address>0x60cc</load_address>
         <run_address>0x60cc</run_address>
         <size>0xb2</size>
         <input_file_ref idref="fl-2"/>
      </object_component>
      <object_component id="oc-fa">
         <name>.text:f_opendir</name>
         <load_address>0x617e</load_address>
         <run_address>0x617e</run_address>
         <size>0xa8</size>
         <input_file_ref idref="fl-3"/>
      </object_component>
      <object_component id="oc-1ff">
         <name>.text:f_sync</name>
         <load_address>0x6226</load_address>
         <run_address>0x6226</run_address>
         <size>0xa8</size>
         <input_file_ref idref="fl-3"/>
      </object_component>
      <object_component id="oc-1c6">
         <name>.text:remove_chain</name>
         <load_address>0x62ce</load_address>
         <run_address>0x62ce</run_address>
         <size>0x9c</size>
         <input_file_ref idref="fl-3"/>
      </object_component>
      <object_component id="oc-23b">
         <name>.text:check_fs</name>
         <load_address>0x636a</load_address>
         <run_address>0x636a</run_address>
         <size>0x94</size>
         <input_file_ref idref="fl-3"/>
      </object_component>
      <object_component id="oc-1e3">
         <name>.text:disk_read</name>
         <load_address>0x63fe</load_address>
         <run_address>0x63fe</run_address>
         <size>0x94</size>
         <input_file_ref idref="fl-2"/>
      </object_component>
      <object_component id="oc-1bc">
         <name>.text:dir_register</name>
         <load_address>0x6492</load_address>
         <run_address>0x6492</run_address>
         <size>0x84</size>
         <input_file_ref idref="fl-3"/>
      </object_component>
      <object_component id="oc-16a">
         <name>.text:ILI9163B_write_para16</name>
         <load_address>0x6516</load_address>
         <run_address>0x6516</run_address>
         <size>0x82</size>
         <input_file_ref idref="fl-8"/>
      </object_component>
      <object_component id="oc-1b5">
         <name>.text:LCD_printc16</name>
         <load_address>0x6598</load_address>
         <run_address>0x6598</run_address>
         <size>0x7e</size>
         <input_file_ref idref="fl-9"/>
      </object_component>
      <object_component id="oc-86">
         <name>.text:_auto_init</name>
         <load_address>0x6616</load_address>
         <run_address>0x6616</run_address>
         <size>0x7e</size>
         <input_file_ref idref="fl-39"/>
      </object_component>
      <object_component id="oc-d0">
         <name>.text:IOInit</name>
         <load_address>0x6694</load_address>
         <run_address>0x6694</run_address>
         <size>0x78</size>
         <input_file_ref idref="fl-6"/>
      </object_component>
      <object_component id="oc-171">
         <name>.text:sd_reset</name>
         <load_address>0x670c</load_address>
         <run_address>0x670c</run_address>
         <size>0x76</size>
         <input_file_ref idref="fl-4"/>
      </object_component>
      <object_component id="oc-af">
         <name>.text:ScanKey</name>
         <load_address>0x6782</load_address>
         <run_address>0x6782</run_address>
         <size>0x66</size>
         <input_file_ref idref="fl-6"/>
      </object_component>
      <object_component id="oc-108">
         <name>.text:f_readdir</name>
         <load_address>0x67e8</load_address>
         <run_address>0x67e8</run_address>
         <size>0x64</size>
         <input_file_ref idref="fl-3"/>
      </object_component>
      <object_component id="oc-cb">
         <name>.text:initClock</name>
         <load_address>0x684c</load_address>
         <run_address>0x684c</run_address>
         <size>0x64</size>
         <input_file_ref idref="fl-6"/>
      </object_component>
      <object_component id="oc-a4">
         <name>.text:__TI_decompress_rle_core</name>
         <load_address>0x68b0</load_address>
         <run_address>0x68b0</run_address>
         <size>0x62</size>
         <input_file_ref idref="fl-27"/>
      </object_component>
      <object_component id="oc-1a5">
         <name>.text:dir_read</name>
         <load_address>0x6912</load_address>
         <run_address>0x6912</run_address>
         <size>0x5e</size>
         <input_file_ref idref="fl-3"/>
      </object_component>
      <object_component id="oc-21d">
         <name>.text:SD_SendCommand</name>
         <load_address>0x6970</load_address>
         <run_address>0x6970</run_address>
         <size>0x5c</size>
         <input_file_ref idref="fl-4"/>
      </object_component>
      <object_component id="oc-222">
         <name>.text:SD_SendCommand1</name>
         <load_address>0x69cc</load_address>
         <run_address>0x69cc</run_address>
         <size>0x5a</size>
         <input_file_ref idref="fl-4"/>
      </object_component>
      <object_component id="oc-24a">
         <name>.text:dir_find</name>
         <load_address>0x6a26</load_address>
         <run_address>0x6a26</run_address>
         <size>0x5a</size>
         <input_file_ref idref="fl-3"/>
      </object_component>
      <object_component id="oc-240">
         <name>.text</name>
         <load_address>0x6a80</load_address>
         <run_address>0x6a80</run_address>
         <size>0x58</size>
         <input_file_ref idref="fl-2c"/>
      </object_component>
      <object_component id="oc-2cf">
         <name>.text:xmit_datablock</name>
         <load_address>0x6ad8</load_address>
         <run_address>0x6ad8</run_address>
         <size>0x58</size>
         <input_file_ref idref="fl-2"/>
      </object_component>
      <object_component id="oc-266">
         <name>.text:ILI9163B_SetPos</name>
         <load_address>0x6b30</load_address>
         <run_address>0x6b30</run_address>
         <size>0x54</size>
         <input_file_ref idref="fl-8"/>
      </object_component>
      <object_component id="oc-28d">
         <name>.text:rcvr_datablock</name>
         <load_address>0x6b84</load_address>
         <run_address>0x6b84</run_address>
         <size>0x54</size>
         <input_file_ref idref="fl-2"/>
      </object_component>
      <object_component id="oc-165">
         <name>.text:ILI9163B_address_rst</name>
         <load_address>0x6bd8</load_address>
         <run_address>0x6bd8</run_address>
         <size>0x4e</size>
         <input_file_ref idref="fl-8"/>
      </object_component>
      <object_component id="oc-e9">
         <name>.text:SDCard_init</name>
         <load_address>0x6c26</load_address>
         <run_address>0x6c26</run_address>
         <size>0x4c</size>
         <input_file_ref idref="fl-4"/>
      </object_component>
      <object_component id="oc-15a">
         <name>.text:ILI9163B_write_command</name>
         <load_address>0x6c72</load_address>
         <run_address>0x6c72</run_address>
         <size>0x40</size>
         <input_file_ref idref="fl-8"/>
      </object_component>
      <object_component id="oc-15f">
         <name>.text:ILI9163B_write_para8</name>
         <load_address>0x6cb2</load_address>
         <run_address>0x6cb2</run_address>
         <size>0x40</size>
         <input_file_ref idref="fl-8"/>
      </object_component>
      <object_component id="oc-1de">
         <name>.text:clust2sect</name>
         <load_address>0x6cf2</load_address>
         <run_address>0x6cf2</run_address>
         <size>0x3e</size>
         <input_file_ref idref="fl-3"/>
      </object_component>
      <object_component id="oc-c2">
         <name>.text:l_asr_const</name>
         <load_address>0x6d30</load_address>
         <run_address>0x6d30</run_address>
         <size>0x3e</size>
         <input_file_ref idref="fl-3a"/>
      </object_component>
      <object_component id="oc-1d0">
         <name>.text:l_lsl_const</name>
         <load_address>0x6d6e</load_address>
         <run_address>0x6d6e</run_address>
         <size>0x3e</size>
         <input_file_ref idref="fl-2f"/>
      </object_component>
      <object_component id="oc-1d5">
         <name>.text:l_lsr_const</name>
         <load_address>0x6dac</load_address>
         <run_address>0x6dac</run_address>
         <size>0x3e</size>
         <input_file_ref idref="fl-30"/>
      </object_component>
      <object_component id="oc-100">
         <name>.text:strstr</name>
         <load_address>0x6dea</load_address>
         <run_address>0x6dea</run_address>
         <size>0x3c</size>
         <input_file_ref idref="fl-36"/>
      </object_component>
      <object_component id="oc-10d">
         <name>.text:LCD_prints16</name>
         <load_address>0x6e26</load_address>
         <run_address>0x6e26</run_address>
         <size>0x3a</size>
         <input_file_ref idref="fl-9"/>
      </object_component>
      <object_component id="oc-2fd">
         <name>.text:wait_ready</name>
         <load_address>0x6e60</load_address>
         <run_address>0x6e60</run_address>
         <size>0x38</size>
         <input_file_ref idref="fl-2"/>
      </object_component>
      <object_component id="oc-2f4">
         <name>.text:SDCard_readFrame</name>
         <load_address>0x6e98</load_address>
         <run_address>0x6e98</run_address>
         <size>0x36</size>
         <input_file_ref idref="fl-4"/>
      </object_component>
      <object_component id="oc-f5">
         <name>.text:f_mount</name>
         <load_address>0x6ece</load_address>
         <run_address>0x6ece</run_address>
         <size>0x34</size>
         <input_file_ref idref="fl-3"/>
      </object_component>
      <object_component id="oc-121">
         <name>.text:DACValue</name>
         <load_address>0x6f02</load_address>
         <run_address>0x6f02</run_address>
         <size>0x32</size>
         <input_file_ref idref="fl-6"/>
      </object_component>
      <object_component id="oc-1f4">
         <name>.text:senddata</name>
         <load_address>0x6f34</load_address>
         <run_address>0x6f34</run_address>
         <size>0x32</size>
         <input_file_ref idref="fl-6"/>
      </object_component>
      <object_component id="oc-309">
         <name>.text:SDCard_sendFrame</name>
         <load_address>0x6f66</load_address>
         <run_address>0x6f66</run_address>
         <size>0x2c</size>
         <input_file_ref idref="fl-4"/>
      </object_component>
      <object_component id="oc-1a0">
         <name>.text:validate</name>
         <load_address>0x6f92</load_address>
         <run_address>0x6f92</run_address>
         <size>0x2c</size>
         <input_file_ref idref="fl-3"/>
      </object_component>
      <object_component id="oc-df">
         <name>.text:ILI9163B_display_full</name>
         <load_address>0x6fbe</load_address>
         <run_address>0x6fbe</run_address>
         <size>0x2a</size>
         <input_file_ref idref="fl-7"/>
      </object_component>
      <object_component id="oc-218">
         <name>.text:SPI_WriteByte</name>
         <load_address>0x6fe8</load_address>
         <run_address>0x6fe8</run_address>
         <size>0x2a</size>
         <input_file_ref idref="fl-4"/>
      </object_component>
      <object_component id="oc-94">
         <name>.text:memcpy</name>
         <load_address>0x7012</load_address>
         <run_address>0x7012</run_address>
         <size>0x2a</size>
         <input_file_ref idref="fl-31"/>
      </object_component>
      <object_component id="oc-e4">
         <name>.text:ADInit</name>
         <load_address>0x703c</load_address>
         <run_address>0x703c</run_address>
         <size>0x26</size>
         <input_file_ref idref="fl-6"/>
      </object_component>
      <object_component id="oc-72">
         <name>.text:decompress:ZI:__TI_zero_init</name>
         <load_address>0x7062</load_address>
         <run_address>0x7062</run_address>
         <size>0x24</size>
         <input_file_ref idref="fl-28"/>
      </object_component>
      <object_component id="oc-104">
         <name>.text</name>
         <load_address>0x7086</load_address>
         <run_address>0x7086</run_address>
         <size>0x22</size>
         <input_file_ref idref="fl-34"/>
      </object_component>
      <object_component id="oc-231">
         <name>.text:disk_status</name>
         <load_address>0x70a8</load_address>
         <run_address>0x70a8</run_address>
         <size>0x20</size>
         <input_file_ref idref="fl-2"/>
      </object_component>
      <object_component id="oc-c7">
         <name>.text:memset</name>
         <load_address>0x70c8</load_address>
         <run_address>0x70c8</run_address>
         <size>0x20</size>
         <input_file_ref idref="fl-32"/>
      </object_component>
      <object_component id="oc-2d7">
         <name>.text:select</name>
         <load_address>0x70e8</load_address>
         <run_address>0x70e8</run_address>
         <size>0x18</size>
         <input_file_ref idref="fl-2"/>
      </object_component>
      <object_component id="oc-2bc">
         <name>.text:chk_chr</name>
         <load_address>0x7100</load_address>
         <run_address>0x7100</run_address>
         <size>0x16</size>
         <input_file_ref idref="fl-3"/>
      </object_component>
      <object_component id="oc-6e">
         <name>.text:decompress:none:__TI_decompress_none</name>
         <load_address>0x7116</load_address>
         <run_address>0x7116</run_address>
         <size>0x16</size>
         <input_file_ref idref="fl-26"/>
      </object_component>
      <object_component id="oc-11c">
         <name>.text:delay1</name>
         <load_address>0x712c</load_address>
         <run_address>0x712c</run_address>
         <size>0x16</size>
         <input_file_ref idref="fl-6"/>
      </object_component>
      <object_component id="oc-126">
         <name>.text:f_close</name>
         <load_address>0x7142</load_address>
         <run_address>0x7142</run_address>
         <size>0x16</size>
         <input_file_ref idref="fl-3"/>
      </object_component>
      <object_component id="oc-ee">
         <name>.text:TimeInit</name>
         <load_address>0x7158</load_address>
         <run_address>0x7158</run_address>
         <size>0x14</size>
         <input_file_ref idref="fl-6"/>
      </object_component>
      <object_component id="oc-2c2">
         <name>.text:mem_cmp</name>
         <load_address>0x716c</load_address>
         <run_address>0x716c</run_address>
         <size>0x14</size>
         <input_file_ref idref="fl-3"/>
      </object_component>
      <object_component id="oc-2b3">
         <name>.text:SDCard_fastMode</name>
         <load_address>0x7180</load_address>
         <run_address>0x7180</run_address>
         <size>0x12</size>
         <input_file_ref idref="fl-4"/>
      </object_component>
      <object_component id="oc-292">
         <name>.text:deselect</name>
         <load_address>0x7192</load_address>
         <run_address>0x7192</run_address>
         <size>0x12</size>
         <input_file_ref idref="fl-2"/>
      </object_component>
      <object_component id="oc-1e8">
         <name>.text:mem_cpy</name>
         <load_address>0x71a4</load_address>
         <run_address>0x71a4</run_address>
         <size>0x12</size>
         <input_file_ref idref="fl-3"/>
      </object_component>
      <object_component id="oc-260">
         <name>.text:mem_set</name>
         <load_address>0x71b6</load_address>
         <run_address>0x71b6</run_address>
         <size>0x12</size>
         <input_file_ref idref="fl-3"/>
      </object_component>
      <object_component id="oc-d5">
         <name>.text:delay</name>
         <load_address>0x71c8</load_address>
         <run_address>0x71c8</run_address>
         <size>0x10</size>
         <input_file_ref idref="fl-8"/>
      </object_component>
      <object_component id="oc-30f">
         <name>.text:l_lsl</name>
         <load_address>0x71d8</load_address>
         <run_address>0x71d8</run_address>
         <size>0x10</size>
         <input_file_ref idref="fl-2f"/>
      </object_component>
      <object_component id="oc-1ef">
         <name>.text:start</name>
         <load_address>0x71e8</load_address>
         <run_address>0x71e8</run_address>
         <size>0xe</size>
         <input_file_ref idref="fl-6"/>
      </object_component>
      <object_component id="oc-1c1">
         <name>.text:get_fattime</name>
         <load_address>0x71f6</load_address>
         <run_address>0x71f6</run_address>
         <size>0xa</size>
         <input_file_ref idref="fl-2"/>
      </object_component>
      <object_component id="oc-26b">
         <name>.text</name>
         <load_address>0x7200</load_address>
         <run_address>0x7200</run_address>
         <size>0xa</size>
         <input_file_ref idref="fl-2e"/>
      </object_component>
      <object_component id="oc-1f9">
         <name>.text:waitack</name>
         <load_address>0x720a</load_address>
         <run_address>0x720a</run_address>
         <size>0xa</size>
         <input_file_ref idref="fl-6"/>
      </object_component>
      <object_component id="oc-2a9">
         <name>.text:SDCard_setCSHigh</name>
         <load_address>0x7214</load_address>
         <run_address>0x7214</run_address>
         <size>0x6</size>
         <input_file_ref idref="fl-4"/>
      </object_component>
      <object_component id="oc-303">
         <name>.text:SDCard_setCSLow</name>
         <load_address>0x721a</load_address>
         <run_address>0x721a</run_address>
         <size>0x6</size>
         <input_file_ref idref="fl-4"/>
      </object_component>
      <object_component id="oc-76">
         <name>.text:decompress:rle24:__TI_decompress_rle24</name>
         <load_address>0x7220</load_address>
         <run_address>0x7220</run_address>
         <size>0x6</size>
         <input_file_ref idref="fl-27"/>
      </object_component>
      <object_component id="oc-2ae">
         <name>.text:rcvr_mmc</name>
         <load_address>0x7226</load_address>
         <run_address>0x7226</run_address>
         <size>0x6</size>
         <input_file_ref idref="fl-2"/>
      </object_component>
      <object_component id="oc-2dc">
         <name>.text:xmit_mmc</name>
         <load_address>0x722c</load_address>
         <run_address>0x722c</run_address>
         <size>0x6</size>
         <input_file_ref idref="fl-2"/>
      </object_component>
      <object_component id="oc-82">
         <name>.text:_system_pre_init</name>
         <load_address>0x7232</load_address>
         <run_address>0x7232</run_address>
         <size>0x4</size>
         <input_file_ref idref="fl-35"/>
      </object_component>
      <object_component id="oc-8f">
         <name>.text:abort</name>
         <load_address>0x7236</load_address>
         <run_address>0x7236</run_address>
         <size>0x4</size>
         <input_file_ref idref="fl-2d"/>
      </object_component>
      <object_component id="oc-69">
         <name>.text:_isr:_c_int00_noexit</name>
         <load_address>0x4400</load_address>
         <run_address>0x4400</run_address>
         <size>0x1a</size>
         <input_file_ref idref="fl-25"/>
      </object_component>
      <object_component id="oc-7a">
         <name>.text:_isr:Timer_A</name>
         <load_address>0x441a</load_address>
         <run_address>0x441a</run_address>
         <size>0xe</size>
         <input_file_ref idref="fl-6"/>
      </object_component>
      <object_component id="oc-382">
         <name>__TI_handler_table</name>
         <load_address>0x785e</load_address>
         <run_address>0x785e</run_address>
         <size>0xc</size>
      </object_component>
      <object_component id="oc-385">
         <name>.cinit..data.load</name>
         <load_address>0x786a</load_address>
         <run_address>0x786a</run_address>
         <size>0x8</size>
      </object_component>
      <object_component id="oc-384">
         <name>.cinit..bss.load</name>
         <load_address>0x7872</load_address>
         <run_address>0x7872</run_address>
         <size>0x6</size>
      </object_component>
      <object_component id="oc-383">
         <name>__TI_cinit_table</name>
         <load_address>0x7878</load_address>
         <run_address>0x7878</run_address>
         <size>0x10</size>
      </object_component>
      <object_component id="oc-26f">
         <name>.const:Font_code16</name>
         <load_address>0x723a</load_address>
         <run_address>0x723a</run_address>
         <size>0x5f0</size>
         <input_file_ref idref="fl-9"/>
      </object_component>
      <object_component id="oc-ff">
         <name>.const:.string</name>
         <load_address>0x782a</load_address>
         <run_address>0x782a</run_address>
         <size>0x24</size>
         <input_file_ref idref="fl-6"/>
      </object_component>
      <object_component id="oc-2bb">
         <name>.const:.string</name>
         <load_address>0x784e</load_address>
         <run_address>0x784e</run_address>
         <size>0x10</size>
         <input_file_ref idref="fl-3"/>
      </object_component>
      <object_component id="oc-7b">
         <name>.int53</name>
         <load_address>0xffea</load_address>
         <run_address>0xffea</run_address>
         <size>0x2</size>
         <input_file_ref idref="fl-6"/>
      </object_component>
      <object_component id="oc-6a">
         <name>.reset</name>
         <load_address>0xfffe</load_address>
         <run_address>0xfffe</run_address>
         <size>0x2</size>
         <input_file_ref idref="fl-25"/>
      </object_component>
      <object_component id="oc-f3">
         <name>.bss</name>
         <uninitialized>true</uninitialized>
         <run_address>0x2400</run_address>
         <size>0x58c</size>
         <input_file_ref idref="fl-6"/>
      </object_component>
      <object_component id="oc-184">
         <name>.bss</name>
         <uninitialized>true</uninitialized>
         <run_address>0x298c</run_address>
         <size>0x6</size>
         <input_file_ref idref="fl-3"/>
      </object_component>
      <object_component id="oc-286">
         <name>.bss</name>
         <uninitialized>true</uninitialized>
         <run_address>0x2992</run_address>
         <size>0x1</size>
         <input_file_ref idref="fl-2"/>
      </object_component>
      <object_component id="oc-2a6">
         <name>.data</name>
         <load_address>0x2994</load_address>
         <run_address>0x2994</run_address>
         <size>0x2</size>
         <input_file_ref idref="fl-2"/>
      </object_component>
      <object_component id="oc-6b">
         <name>.debug_info</name>
         <load_address>0x0</load_address>
         <run_address>0x0</run_address>
         <size>0x13d</size>
         <input_file_ref idref="fl-25"/>
      </object_component>
      <object_component id="oc-6f">
         <name>.debug_info</name>
         <load_address>0x13d</load_address>
         <run_address>0x13d</run_address>
         <size>0x16d</size>
         <input_file_ref idref="fl-26"/>
      </object_component>
      <object_component id="oc-73">
         <name>.debug_info</name>
         <load_address>0x2aa</load_address>
         <run_address>0x2aa</run_address>
         <size>0x1c6</size>
         <input_file_ref idref="fl-28"/>
      </object_component>
      <object_component id="oc-77">
         <name>.debug_info</name>
         <load_address>0x470</load_address>
         <run_address>0x470</run_address>
         <size>0x17e</size>
         <input_file_ref idref="fl-27"/>
      </object_component>
      <object_component id="oc-7c">
         <name>.debug_info</name>
         <load_address>0x5ee</load_address>
         <run_address>0x5ee</run_address>
         <size>0x109</size>
         <input_file_ref idref="fl-6"/>
      </object_component>
      <object_component id="oc-81">
         <name>.debug_info</name>
         <load_address>0x6f7</load_address>
         <run_address>0x6f7</run_address>
         <size>0xbe</size>
         <input_file_ref idref="fl-25"/>
      </object_component>
      <object_component id="oc-83">
         <name>.debug_info</name>
         <load_address>0x7b5</load_address>
         <run_address>0x7b5</run_address>
         <size>0x115</size>
         <input_file_ref idref="fl-35"/>
      </object_component>
      <object_component id="oc-87">
         <name>.debug_info</name>
         <load_address>0x8ca</load_address>
         <run_address>0x8ca</run_address>
         <size>0x20f</size>
         <input_file_ref idref="fl-39"/>
      </object_component>
      <object_component id="oc-8b">
         <name>.debug_info</name>
         <load_address>0xad9</load_address>
         <run_address>0xad9</run_address>
         <size>0x6ae</size>
         <input_file_ref idref="fl-6"/>
      </object_component>
      <object_component id="oc-90">
         <name>.debug_info</name>
         <load_address>0x1187</load_address>
         <run_address>0x1187</run_address>
         <size>0x14b</size>
         <input_file_ref idref="fl-2d"/>
      </object_component>
      <object_component id="oc-95">
         <name>.debug_info</name>
         <load_address>0x12d2</load_address>
         <run_address>0x12d2</run_address>
         <size>0x1a1</size>
         <input_file_ref idref="fl-31"/>
      </object_component>
      <object_component id="oc-99">
         <name>.debug_info</name>
         <load_address>0x1473</load_address>
         <run_address>0x1473</run_address>
         <size>0x46</size>
         <input_file_ref idref="fl-26"/>
      </object_component>
      <object_component id="oc-9f">
         <name>.debug_info</name>
         <load_address>0x14b9</load_address>
         <run_address>0x14b9</run_address>
         <size>0x46</size>
         <input_file_ref idref="fl-28"/>
      </object_component>
      <object_component id="oc-a5">
         <name>.debug_info</name>
         <load_address>0x14ff</load_address>
         <run_address>0x14ff</run_address>
         <size>0x36e</size>
         <input_file_ref idref="fl-27"/>
      </object_component>
      <object_component id="oc-a9">
         <name>.debug_info</name>
         <load_address>0x186d</load_address>
         <run_address>0x186d</run_address>
         <size>0x142</size>
         <input_file_ref idref="fl-27"/>
      </object_component>
      <object_component id="oc-aa">
         <name>.debug_info</name>
         <load_address>0x19af</load_address>
         <run_address>0x19af</run_address>
         <size>0x39</size>
         <input_file_ref idref="fl-27"/>
      </object_component>
      <object_component id="oc-b0">
         <name>.debug_info</name>
         <load_address>0x19e8</load_address>
         <run_address>0x19e8</run_address>
         <size>0x12b</size>
         <input_file_ref idref="fl-6"/>
      </object_component>
      <object_component id="oc-b7">
         <name>.debug_info</name>
         <load_address>0x1b13</load_address>
         <run_address>0x1b13</run_address>
         <size>0x89</size>
         <input_file_ref idref="fl-25"/>
      </object_component>
      <object_component id="oc-bd">
         <name>.debug_info</name>
         <load_address>0x1b9c</load_address>
         <run_address>0x1b9c</run_address>
         <size>0x84</size>
         <input_file_ref idref="fl-27"/>
      </object_component>
      <object_component id="oc-c3">
         <name>.debug_info</name>
         <load_address>0x1c20</load_address>
         <run_address>0x1c20</run_address>
         <size>0xee</size>
         <input_file_ref idref="fl-3a"/>
      </object_component>
      <object_component id="oc-c8">
         <name>.debug_info</name>
         <load_address>0x1d0e</load_address>
         <run_address>0x1d0e</run_address>
         <size>0x22f</size>
         <input_file_ref idref="fl-32"/>
      </object_component>
      <object_component id="oc-cc">
         <name>.debug_info</name>
         <load_address>0x1f3d</load_address>
         <run_address>0x1f3d</run_address>
         <size>0x1c7</size>
         <input_file_ref idref="fl-6"/>
      </object_component>
      <object_component id="oc-d1">
         <name>.debug_info</name>
         <load_address>0x2104</load_address>
         <run_address>0x2104</run_address>
         <size>0xf6</size>
         <input_file_ref idref="fl-6"/>
      </object_component>
      <object_component id="oc-d6">
         <name>.debug_info</name>
         <load_address>0x21fa</load_address>
         <run_address>0x21fa</run_address>
         <size>0x131</size>
         <input_file_ref idref="fl-8"/>
      </object_component>
      <object_component id="oc-db">
         <name>.debug_info</name>
         <load_address>0x232b</load_address>
         <run_address>0x232b</run_address>
         <size>0xa39</size>
         <input_file_ref idref="fl-8"/>
      </object_component>
      <object_component id="oc-e0">
         <name>.debug_info</name>
         <load_address>0x2d64</load_address>
         <run_address>0x2d64</run_address>
         <size>0x2a5</size>
         <input_file_ref idref="fl-7"/>
      </object_component>
      <object_component id="oc-e5">
         <name>.debug_info</name>
         <load_address>0x3009</load_address>
         <run_address>0x3009</run_address>
         <size>0xf5</size>
         <input_file_ref idref="fl-6"/>
      </object_component>
      <object_component id="oc-ea">
         <name>.debug_info</name>
         <load_address>0x30fe</load_address>
         <run_address>0x30fe</run_address>
         <size>0x13e</size>
         <input_file_ref idref="fl-4"/>
      </object_component>
      <object_component id="oc-ef">
         <name>.debug_info</name>
         <load_address>0x323c</load_address>
         <run_address>0x323c</run_address>
         <size>0xfc</size>
         <input_file_ref idref="fl-6"/>
      </object_component>
      <object_component id="oc-f4">
         <name>.debug_info</name>
         <load_address>0x3338</load_address>
         <run_address>0x3338</run_address>
         <size>0x18d</size>
         <input_file_ref idref="fl-6"/>
      </object_component>
      <object_component id="oc-f6">
         <name>.debug_info</name>
         <load_address>0x34c5</load_address>
         <run_address>0x34c5</run_address>
         <size>0x163</size>
         <input_file_ref idref="fl-3"/>
      </object_component>
      <object_component id="oc-fb">
         <name>.debug_info</name>
         <load_address>0x3628</load_address>
         <run_address>0x3628</run_address>
         <size>0x1a8</size>
         <input_file_ref idref="fl-3"/>
      </object_component>
      <object_component id="oc-101">
         <name>.debug_info</name>
         <load_address>0x37d0</load_address>
         <run_address>0x37d0</run_address>
         <size>0x219</size>
         <input_file_ref idref="fl-36"/>
      </object_component>
      <object_component id="oc-105">
         <name>.debug_info</name>
         <load_address>0x39e9</load_address>
         <run_address>0x39e9</run_address>
         <size>0xf8</size>
         <input_file_ref idref="fl-34"/>
      </object_component>
      <object_component id="oc-109">
         <name>.debug_info</name>
         <load_address>0x3ae1</load_address>
         <run_address>0x3ae1</run_address>
         <size>0x1bf</size>
         <input_file_ref idref="fl-3"/>
      </object_component>
      <object_component id="oc-10e">
         <name>.debug_info</name>
         <load_address>0x3ca0</load_address>
         <run_address>0x3ca0</run_address>
         <size>0x289</size>
         <input_file_ref idref="fl-9"/>
      </object_component>
      <object_component id="oc-113">
         <name>.debug_info</name>
         <load_address>0x3f29</load_address>
         <run_address>0x3f29</run_address>
         <size>0x253</size>
         <input_file_ref idref="fl-3"/>
      </object_component>
      <object_component id="oc-118">
         <name>.debug_info</name>
         <load_address>0x417c</load_address>
         <run_address>0x417c</run_address>
         <size>0x3ff</size>
         <input_file_ref idref="fl-3"/>
      </object_component>
      <object_component id="oc-11d">
         <name>.debug_info</name>
         <load_address>0x457b</load_address>
         <run_address>0x457b</run_address>
         <size>0x1d7</size>
         <input_file_ref idref="fl-6"/>
      </object_component>
      <object_component id="oc-122">
         <name>.debug_info</name>
         <load_address>0x4752</load_address>
         <run_address>0x4752</run_address>
         <size>0x198</size>
         <input_file_ref idref="fl-6"/>
      </object_component>
      <object_component id="oc-127">
         <name>.debug_info</name>
         <load_address>0x48ea</load_address>
         <run_address>0x48ea</run_address>
         <size>0x14c</size>
         <input_file_ref idref="fl-3"/>
      </object_component>
      <object_component id="oc-12c">
         <name>.debug_info</name>
         <load_address>0x4a36</load_address>
         <run_address>0x4a36</run_address>
         <size>0x90</size>
         <input_file_ref idref="fl-2"/>
      </object_component>
      <object_component id="oc-131">
         <name>.debug_info</name>
         <load_address>0x4ac6</load_address>
         <run_address>0x4ac6</run_address>
         <size>0x84f</size>
         <input_file_ref idref="fl-6"/>
      </object_component>
      <object_component id="oc-132">
         <name>.debug_info</name>
         <load_address>0x5315</load_address>
         <run_address>0x5315</run_address>
         <size>0x493</size>
         <input_file_ref idref="fl-6"/>
      </object_component>
      <object_component id="oc-139">
         <name>.debug_info</name>
         <load_address>0x57a8</load_address>
         <run_address>0x57a8</run_address>
         <size>0x12b</size>
         <input_file_ref idref="fl-31"/>
      </object_component>
      <object_component id="oc-13a">
         <name>.debug_info</name>
         <load_address>0x58d3</load_address>
         <run_address>0x58d3</run_address>
         <size>0x2c</size>
         <input_file_ref idref="fl-27"/>
      </object_component>
      <object_component id="oc-13f">
         <name>.debug_info</name>
         <load_address>0x58ff</load_address>
         <run_address>0x58ff</run_address>
         <size>0x46</size>
         <input_file_ref idref="fl-26"/>
      </object_component>
      <object_component id="oc-144">
         <name>.debug_info</name>
         <load_address>0x5945</load_address>
         <run_address>0x5945</run_address>
         <size>0x178</size>
         <input_file_ref idref="fl-26"/>
      </object_component>
      <object_component id="oc-145">
         <name>.debug_info</name>
         <load_address>0x5abd</load_address>
         <run_address>0x5abd</run_address>
         <size>0x133</size>
         <input_file_ref idref="fl-28"/>
      </object_component>
      <object_component id="oc-14c">
         <name>.debug_info</name>
         <load_address>0x5bf0</load_address>
         <run_address>0x5bf0</run_address>
         <size>0x11b</size>
         <input_file_ref idref="fl-32"/>
      </object_component>
      <object_component id="oc-14d">
         <name>.debug_info</name>
         <load_address>0x5d0b</load_address>
         <run_address>0x5d0b</run_address>
         <size>0x90</size>
         <input_file_ref idref="fl-31"/>
      </object_component>
      <object_component id="oc-155">
         <name>.debug_info</name>
         <load_address>0x5d9b</load_address>
         <run_address>0x5d9b</run_address>
         <size>0x89</size>
         <input_file_ref idref="fl-4"/>
      </object_component>
      <object_component id="oc-15b">
         <name>.debug_info</name>
         <load_address>0x5e24</load_address>
         <run_address>0x5e24</run_address>
         <size>0x1f5</size>
         <input_file_ref idref="fl-8"/>
      </object_component>
      <object_component id="oc-160">
         <name>.debug_info</name>
         <load_address>0x6019</load_address>
         <run_address>0x6019</run_address>
         <size>0x1f1</size>
         <input_file_ref idref="fl-8"/>
      </object_component>
      <object_component id="oc-166">
         <name>.debug_info</name>
         <load_address>0x620a</load_address>
         <run_address>0x620a</run_address>
         <size>0x273</size>
         <input_file_ref idref="fl-8"/>
      </object_component>
      <object_component id="oc-16b">
         <name>.debug_info</name>
         <load_address>0x647d</load_address>
         <run_address>0x647d</run_address>
         <size>0x28a</size>
         <input_file_ref idref="fl-8"/>
      </object_component>
      <object_component id="oc-172">
         <name>.debug_info</name>
         <load_address>0x6707</load_address>
         <run_address>0x6707</run_address>
         <size>0x31f</size>
         <input_file_ref idref="fl-4"/>
      </object_component>
      <object_component id="oc-17a">
         <name>.debug_info</name>
         <load_address>0x6a26</load_address>
         <run_address>0x6a26</run_address>
         <size>0xbb</size>
         <input_file_ref idref="fl-2"/>
      </object_component>
      <object_component id="oc-17f">
         <name>.debug_info</name>
         <load_address>0x6ae1</load_address>
         <run_address>0x6ae1</run_address>
         <size>0x93</size>
         <input_file_ref idref="fl-6"/>
      </object_component>
      <object_component id="oc-185">
         <name>.debug_info</name>
         <load_address>0x6b74</load_address>
         <run_address>0x6b74</run_address>
         <size>0xea</size>
         <input_file_ref idref="fl-3"/>
      </object_component>
      <object_component id="oc-187">
         <name>.debug_info</name>
         <load_address>0x6c5e</load_address>
         <run_address>0x6c5e</run_address>
         <size>0x493</size>
         <input_file_ref idref="fl-3"/>
      </object_component>
      <object_component id="oc-18c">
         <name>.debug_info</name>
         <load_address>0x70f1</load_address>
         <run_address>0x70f1</run_address>
         <size>0x328</size>
         <input_file_ref idref="fl-3"/>
      </object_component>
      <object_component id="oc-18e">
         <name>.debug_info</name>
         <load_address>0x7419</load_address>
         <run_address>0x7419</run_address>
         <size>0x3ca</size>
         <input_file_ref idref="fl-3"/>
      </object_component>
      <object_component id="oc-193">
         <name>.debug_info</name>
         <load_address>0x77e3</load_address>
         <run_address>0x77e3</run_address>
         <size>0x240</size>
         <input_file_ref idref="fl-3"/>
      </object_component>
      <object_component id="oc-198">
         <name>.debug_info</name>
         <load_address>0x7a23</load_address>
         <run_address>0x7a23</run_address>
         <size>0x235</size>
         <input_file_ref idref="fl-3"/>
      </object_component>
      <object_component id="oc-19e">
         <name>.debug_info</name>
         <load_address>0x7c58</load_address>
         <run_address>0x7c58</run_address>
         <size>0x12b</size>
         <input_file_ref idref="fl-36"/>
      </object_component>
      <object_component id="oc-1a1">
         <name>.debug_info</name>
         <load_address>0x7d83</load_address>
         <run_address>0x7d83</run_address>
         <size>0x169</size>
         <input_file_ref idref="fl-3"/>
      </object_component>
      <object_component id="oc-1a6">
         <name>.debug_info</name>
         <load_address>0x7eec</load_address>
         <run_address>0x7eec</run_address>
         <size>0x222</size>
         <input_file_ref idref="fl-3"/>
      </object_component>
      <object_component id="oc-1ab">
         <name>.debug_info</name>
         <load_address>0x810e</load_address>
         <run_address>0x810e</run_address>
         <size>0x28d</size>
         <input_file_ref idref="fl-3"/>
      </object_component>
      <object_component id="oc-1b0">
         <name>.debug_info</name>
         <load_address>0x839b</load_address>
         <run_address>0x839b</run_address>
         <size>0x27a</size>
         <input_file_ref idref="fl-3"/>
      </object_component>
      <object_component id="oc-1b6">
         <name>.debug_info</name>
         <load_address>0x8615</load_address>
         <run_address>0x8615</run_address>
         <size>0x378</size>
         <input_file_ref idref="fl-9"/>
      </object_component>
      <object_component id="oc-1bb">
         <name>.debug_info</name>
         <load_address>0x898d</load_address>
         <run_address>0x898d</run_address>
         <size>0x210</size>
         <input_file_ref idref="fl-9"/>
      </object_component>
      <object_component id="oc-1bd">
         <name>.debug_info</name>
         <load_address>0x8b9d</load_address>
         <run_address>0x8b9d</run_address>
         <size>0x242</size>
         <input_file_ref idref="fl-3"/>
      </object_component>
      <object_component id="oc-1c2">
         <name>.debug_info</name>
         <load_address>0x8ddf</load_address>
         <run_address>0x8ddf</run_address>
         <size>0x132</size>
         <input_file_ref idref="fl-2"/>
      </object_component>
      <object_component id="oc-1c7">
         <name>.debug_info</name>
         <load_address>0x8f11</load_address>
         <run_address>0x8f11</run_address>
         <size>0x280</size>
         <input_file_ref idref="fl-3"/>
      </object_component>
      <object_component id="oc-1cc">
         <name>.debug_info</name>
         <load_address>0x9191</load_address>
         <run_address>0x9191</run_address>
         <size>0x229</size>
         <input_file_ref idref="fl-3"/>
      </object_component>
      <object_component id="oc-1d1">
         <name>.debug_info</name>
         <load_address>0x93ba</load_address>
         <run_address>0x93ba</run_address>
         <size>0xee</size>
         <input_file_ref idref="fl-2f"/>
      </object_component>
      <object_component id="oc-1d6">
         <name>.debug_info</name>
         <load_address>0x94a8</load_address>
         <run_address>0x94a8</run_address>
         <size>0xee</size>
         <input_file_ref idref="fl-30"/>
      </object_component>
      <object_component id="oc-1da">
         <name>.debug_info</name>
         <load_address>0x9596</load_address>
         <run_address>0x9596</run_address>
         <size>0x1f5</size>
         <input_file_ref idref="fl-3"/>
      </object_component>
      <object_component id="oc-1df">
         <name>.debug_info</name>
         <load_address>0x978b</load_address>
         <run_address>0x978b</run_address>
         <size>0x176</size>
         <input_file_ref idref="fl-3"/>
      </object_component>
      <object_component id="oc-1e4">
         <name>.debug_info</name>
         <load_address>0x9901</load_address>
         <run_address>0x9901</run_address>
         <size>0x2b3</size>
         <input_file_ref idref="fl-2"/>
      </object_component>
      <object_component id="oc-1e9">
         <name>.debug_info</name>
         <load_address>0x9bb4</load_address>
         <run_address>0x9bb4</run_address>
         <size>0x1c9</size>
         <input_file_ref idref="fl-3"/>
      </object_component>
      <object_component id="oc-1f0">
         <name>.debug_info</name>
         <load_address>0x9d7d</load_address>
         <run_address>0x9d7d</run_address>
         <size>0xf3</size>
         <input_file_ref idref="fl-6"/>
      </object_component>
      <object_component id="oc-1f5">
         <name>.debug_info</name>
         <load_address>0x9e70</load_address>
         <run_address>0x9e70</run_address>
         <size>0x19e</size>
         <input_file_ref idref="fl-6"/>
      </object_component>
      <object_component id="oc-1fa">
         <name>.debug_info</name>
         <load_address>0xa00e</load_address>
         <run_address>0xa00e</run_address>
         <size>0xf7</size>
         <input_file_ref idref="fl-6"/>
      </object_component>
      <object_component id="oc-200">
         <name>.debug_info</name>
         <load_address>0xa105</load_address>
         <run_address>0xa105</run_address>
         <size>0x19e</size>
         <input_file_ref idref="fl-3"/>
      </object_component>
      <object_component id="oc-207">
         <name>.debug_info</name>
         <load_address>0xa2a3</load_address>
         <run_address>0xa2a3</run_address>
         <size>0x2c</size>
         <input_file_ref idref="fl-6"/>
      </object_component>
      <object_component id="oc-219">
         <name>.debug_info</name>
         <load_address>0xa2cf</load_address>
         <run_address>0xa2cf</run_address>
         <size>0x22d</size>
         <input_file_ref idref="fl-4"/>
      </object_component>
      <object_component id="oc-21e">
         <name>.debug_info</name>
         <load_address>0xa4fc</load_address>
         <run_address>0xa4fc</run_address>
         <size>0x2a9</size>
         <input_file_ref idref="fl-4"/>
      </object_component>
      <object_component id="oc-223">
         <name>.debug_info</name>
         <load_address>0xa7a5</load_address>
         <run_address>0xa7a5</run_address>
         <size>0x2ab</size>
         <input_file_ref idref="fl-4"/>
      </object_component>
      <object_component id="oc-22c">
         <name>.debug_info</name>
         <load_address>0xaa50</load_address>
         <run_address>0xaa50</run_address>
         <size>0x70</size>
         <input_file_ref idref="fl-2"/>
      </object_component>
      <object_component id="oc-232">
         <name>.debug_info</name>
         <load_address>0xaac0</load_address>
         <run_address>0xaac0</run_address>
         <size>0x14a</size>
         <input_file_ref idref="fl-2"/>
      </object_component>
      <object_component id="oc-237">
         <name>.debug_info</name>
         <load_address>0xac0a</load_address>
         <run_address>0xac0a</run_address>
         <size>0x3c9</size>
         <input_file_ref idref="fl-2"/>
      </object_component>
      <object_component id="oc-23c">
         <name>.debug_info</name>
         <load_address>0xafd3</load_address>
         <run_address>0xafd3</run_address>
         <size>0x16d</size>
         <input_file_ref idref="fl-3"/>
      </object_component>
      <object_component id="oc-241">
         <name>.debug_info</name>
         <load_address>0xb140</load_address>
         <run_address>0xb140</run_address>
         <size>0xeb</size>
         <input_file_ref idref="fl-2c"/>
      </object_component>
      <object_component id="oc-246">
         <name>.debug_info</name>
         <load_address>0xb22b</load_address>
         <run_address>0xb22b</run_address>
         <size>0x398</size>
         <input_file_ref idref="fl-3"/>
      </object_component>
      <object_component id="oc-24b">
         <name>.debug_info</name>
         <load_address>0xb5c3</load_address>
         <run_address>0xb5c3</run_address>
         <size>0x218</size>
         <input_file_ref idref="fl-3"/>
      </object_component>
      <object_component id="oc-253">
         <name>.debug_info</name>
         <load_address>0xb7db</load_address>
         <run_address>0xb7db</run_address>
         <size>0x8b</size>
         <input_file_ref idref="fl-36"/>
      </object_component>
      <object_component id="oc-25c">
         <name>.debug_info</name>
         <load_address>0xb866</load_address>
         <run_address>0xb866</run_address>
         <size>0x2cb</size>
         <input_file_ref idref="fl-3"/>
      </object_component>
      <object_component id="oc-261">
         <name>.debug_info</name>
         <load_address>0xbb31</load_address>
         <run_address>0xbb31</run_address>
         <size>0x1cd</size>
         <input_file_ref idref="fl-3"/>
      </object_component>
      <object_component id="oc-267">
         <name>.debug_info</name>
         <load_address>0xbcfe</load_address>
         <run_address>0xbcfe</run_address>
         <size>0x2ce</size>
         <input_file_ref idref="fl-8"/>
      </object_component>
      <object_component id="oc-26c">
         <name>.debug_info</name>
         <load_address>0xbfcc</load_address>
         <run_address>0xbfcc</run_address>
         <size>0xe8</size>
         <input_file_ref idref="fl-2e"/>
      </object_component>
      <object_component id="oc-270">
         <name>.debug_info</name>
         <load_address>0xc0b4</load_address>
         <run_address>0xc0b4</run_address>
         <size>0xe6</size>
         <input_file_ref idref="fl-9"/>
      </object_component>
      <object_component id="oc-277">
         <name>.debug_info</name>
         <load_address>0xc19a</load_address>
         <run_address>0xc19a</run_address>
         <size>0x24b</size>
         <input_file_ref idref="fl-3"/>
      </object_component>
      <object_component id="oc-27d">
         <name>.debug_info</name>
         <load_address>0xc3e5</load_address>
         <run_address>0xc3e5</run_address>
         <size>0x2ca</size>
         <input_file_ref idref="fl-2"/>
      </object_component>
      <object_component id="oc-287">
         <name>.debug_info</name>
         <load_address>0xc6af</load_address>
         <run_address>0xc6af</run_address>
         <size>0xd7</size>
         <input_file_ref idref="fl-2"/>
      </object_component>
      <object_component id="oc-289">
         <name>.debug_info</name>
         <load_address>0xc786</load_address>
         <run_address>0xc786</run_address>
         <size>0x264</size>
         <input_file_ref idref="fl-2"/>
      </object_component>
      <object_component id="oc-28e">
         <name>.debug_info</name>
         <load_address>0xc9ea</load_address>
         <run_address>0xc9ea</run_address>
         <size>0x219</size>
         <input_file_ref idref="fl-2"/>
      </object_component>
      <object_component id="oc-293">
         <name>.debug_info</name>
         <load_address>0xcc03</load_address>
         <run_address>0xcc03</run_address>
         <size>0x145</size>
         <input_file_ref idref="fl-2"/>
      </object_component>
      <object_component id="oc-298">
         <name>.debug_info</name>
         <load_address>0xcd48</load_address>
         <run_address>0xcd48</run_address>
         <size>0x2ae</size>
         <input_file_ref idref="fl-2"/>
      </object_component>
      <object_component id="oc-29e">
         <name>.debug_info</name>
         <load_address>0xcff6</load_address>
         <run_address>0xcff6</run_address>
         <size>0x17a</size>
         <input_file_ref idref="fl-3"/>
      </object_component>
      <object_component id="oc-2a7">
         <name>.debug_info</name>
         <load_address>0xd170</load_address>
         <run_address>0xd170</run_address>
         <size>0xe6</size>
         <input_file_ref idref="fl-2"/>
      </object_component>
      <object_component id="oc-2aa">
         <name>.debug_info</name>
         <load_address>0xd256</load_address>
         <run_address>0xd256</run_address>
         <size>0x139</size>
         <input_file_ref idref="fl-4"/>
      </object_component>
      <object_component id="oc-2af">
         <name>.debug_info</name>
         <load_address>0xd38f</load_address>
         <run_address>0xd38f</run_address>
         <size>0x148</size>
         <input_file_ref idref="fl-2"/>
      </object_component>
      <object_component id="oc-2b4">
         <name>.debug_info</name>
         <load_address>0xd4d7</load_address>
         <run_address>0xd4d7</run_address>
         <size>0x137</size>
         <input_file_ref idref="fl-4"/>
      </object_component>
      <object_component id="oc-2bd">
         <name>.debug_info</name>
         <load_address>0xd60e</load_address>
         <run_address>0xd60e</run_address>
         <size>0x1c9</size>
         <input_file_ref idref="fl-3"/>
      </object_component>
      <object_component id="oc-2c3">
         <name>.debug_info</name>
         <load_address>0xd7d7</load_address>
         <run_address>0xd7d7</run_address>
         <size>0x1f0</size>
         <input_file_ref idref="fl-3"/>
      </object_component>
      <object_component id="oc-2d0">
         <name>.debug_info</name>
         <load_address>0xd9c7</load_address>
         <run_address>0xd9c7</run_address>
         <size>0x1c4</size>
         <input_file_ref idref="fl-2"/>
      </object_component>
      <object_component id="oc-2d8">
         <name>.debug_info</name>
         <load_address>0xdb8b</load_address>
         <run_address>0xdb8b</run_address>
         <size>0x14f</size>
         <input_file_ref idref="fl-2"/>
      </object_component>
      <object_component id="oc-2dd">
         <name>.debug_info</name>
         <load_address>0xdcda</load_address>
         <run_address>0xdcda</run_address>
         <size>0x148</size>
         <input_file_ref idref="fl-2"/>
      </object_component>
      <object_component id="oc-2e6">
         <name>.debug_info</name>
         <load_address>0xde22</load_address>
         <run_address>0xde22</run_address>
         <size>0x18b</size>
         <input_file_ref idref="fl-2"/>
      </object_component>
      <object_component id="oc-2ec">
         <name>.debug_info</name>
         <load_address>0xdfad</load_address>
         <run_address>0xdfad</run_address>
         <size>0x228</size>
         <input_file_ref idref="fl-2"/>
      </object_component>
      <object_component id="oc-2f5">
         <name>.debug_info</name>
         <load_address>0xe1d5</load_address>
         <run_address>0xe1d5</run_address>
         <size>0x2f1</size>
         <input_file_ref idref="fl-4"/>
      </object_component>
      <object_component id="oc-2fe">
         <name>.debug_info</name>
         <load_address>0xe4c6</load_address>
         <run_address>0xe4c6</run_address>
         <size>0x1b3</size>
         <input_file_ref idref="fl-2"/>
      </object_component>
      <object_component id="oc-304">
         <name>.debug_info</name>
         <load_address>0xe679</load_address>
         <run_address>0xe679</run_address>
         <size>0x137</size>
         <input_file_ref idref="fl-4"/>
      </object_component>
      <object_component id="oc-30a">
         <name>.debug_info</name>
         <load_address>0xe7b0</load_address>
         <run_address>0xe7b0</run_address>
         <size>0x2e8</size>
         <input_file_ref idref="fl-4"/>
      </object_component>
      <object_component id="oc-310">
         <name>.debug_info</name>
         <load_address>0xea98</load_address>
         <run_address>0xea98</run_address>
         <size>0xe8</size>
         <input_file_ref idref="fl-2f"/>
      </object_component>
      <object_component id="oc-315">
         <name>.debug_info</name>
         <load_address>0xeb80</load_address>
         <run_address>0xeb80</run_address>
         <size>0x36f</size>
         <input_file_ref idref="fl-4"/>
      </object_component>
      <object_component id="oc-388">
         <name>.debug_info</name>
         <load_address>0xeeef</load_address>
         <run_address>0xeeef</run_address>
         <size>0xa5</size>
      </object_component>
      <object_component id="oc-6c">
         <name>.debug_line</name>
         <load_address>0x0</load_address>
         <run_address>0x0</run_address>
         <size>0x3b</size>
         <input_file_ref idref="fl-25"/>
      </object_component>
      <object_component id="oc-70">
         <name>.debug_line</name>
         <load_address>0x3b</load_address>
         <run_address>0x3b</run_address>
         <size>0x4b</size>
         <input_file_ref idref="fl-26"/>
      </object_component>
      <object_component id="oc-74">
         <name>.debug_line</name>
         <load_address>0x86</load_address>
         <run_address>0x86</run_address>
         <size>0x4a</size>
         <input_file_ref idref="fl-28"/>
      </object_component>
      <object_component id="oc-78">
         <name>.debug_line</name>
         <load_address>0xd0</load_address>
         <run_address>0xd0</run_address>
         <size>0x4a</size>
         <input_file_ref idref="fl-27"/>
      </object_component>
      <object_component id="oc-7d">
         <name>.debug_line</name>
         <load_address>0x11a</load_address>
         <run_address>0x11a</run_address>
         <size>0x44</size>
         <input_file_ref idref="fl-6"/>
      </object_component>
      <object_component id="oc-84">
         <name>.debug_line</name>
         <load_address>0x15e</load_address>
         <run_address>0x15e</run_address>
         <size>0x3c</size>
         <input_file_ref idref="fl-35"/>
      </object_component>
      <object_component id="oc-88">
         <name>.debug_line</name>
         <load_address>0x19a</load_address>
         <run_address>0x19a</run_address>
         <size>0x4e</size>
         <input_file_ref idref="fl-39"/>
      </object_component>
      <object_component id="oc-8c">
         <name>.debug_line</name>
         <load_address>0x1e8</load_address>
         <run_address>0x1e8</run_address>
         <size>0x153</size>
         <input_file_ref idref="fl-6"/>
      </object_component>
      <object_component id="oc-91">
         <name>.debug_line</name>
         <load_address>0x33b</load_address>
         <run_address>0x33b</run_address>
         <size>0x38</size>
         <input_file_ref idref="fl-2d"/>
      </object_component>
      <object_component id="oc-96">
         <name>.debug_line</name>
         <load_address>0x373</load_address>
         <run_address>0x373</run_address>
         <size>0x41</size>
         <input_file_ref idref="fl-31"/>
      </object_component>
      <object_component id="oc-9b">
         <name>.debug_line</name>
         <load_address>0x3b4</load_address>
         <run_address>0x3b4</run_address>
         <size>0x3a</size>
         <input_file_ref idref="fl-26"/>
      </object_component>
      <object_component id="oc-a1">
         <name>.debug_line</name>
         <load_address>0x3ee</load_address>
         <run_address>0x3ee</run_address>
         <size>0x34</size>
         <input_file_ref idref="fl-28"/>
      </object_component>
      <object_component id="oc-a6">
         <name>.debug_line</name>
         <load_address>0x422</load_address>
         <run_address>0x422</run_address>
         <size>0x56</size>
         <input_file_ref idref="fl-27"/>
      </object_component>
      <object_component id="oc-ac">
         <name>.debug_line</name>
         <load_address>0x478</load_address>
         <run_address>0x478</run_address>
         <size>0x39</size>
         <input_file_ref idref="fl-27"/>
      </object_component>
      <object_component id="oc-b1">
         <name>.debug_line</name>
         <load_address>0x4b1</load_address>
         <run_address>0x4b1</run_address>
         <size>0x65</size>
         <input_file_ref idref="fl-6"/>
      </object_component>
      <object_component id="oc-b6">
         <name>.debug_line</name>
         <load_address>0x516</load_address>
         <run_address>0x516</run_address>
         <size>0x2a</size>
         <input_file_ref idref="fl-25"/>
      </object_component>
      <object_component id="oc-b9">
         <name>.debug_line</name>
         <load_address>0x540</load_address>
         <run_address>0x540</run_address>
         <size>0x20</size>
         <input_file_ref idref="fl-25"/>
      </object_component>
      <object_component id="oc-bf">
         <name>.debug_line</name>
         <load_address>0x560</load_address>
         <run_address>0x560</run_address>
         <size>0x20</size>
         <input_file_ref idref="fl-27"/>
      </object_component>
      <object_component id="oc-c4">
         <name>.debug_line</name>
         <load_address>0x580</load_address>
         <run_address>0x580</run_address>
         <size>0x56</size>
         <input_file_ref idref="fl-3a"/>
      </object_component>
      <object_component id="oc-c9">
         <name>.debug_line</name>
         <load_address>0x5d6</load_address>
         <run_address>0x5d6</run_address>
         <size>0x70</size>
         <input_file_ref idref="fl-32"/>
      </object_component>
      <object_component id="oc-cd">
         <name>.debug_line</name>
         <load_address>0x646</load_address>
         <run_address>0x646</run_address>
         <size>0x5a</size>
         <input_file_ref idref="fl-6"/>
      </object_component>
      <object_component id="oc-d2">
         <name>.debug_line</name>
         <load_address>0x6a0</load_address>
         <run_address>0x6a0</run_address>
         <size>0x57</size>
         <input_file_ref idref="fl-6"/>
      </object_component>
      <object_component id="oc-d7">
         <name>.debug_line</name>
         <load_address>0x6f7</load_address>
         <run_address>0x6f7</run_address>
         <size>0x53</size>
         <input_file_ref idref="fl-8"/>
      </object_component>
      <object_component id="oc-dc">
         <name>.debug_line</name>
         <load_address>0x74a</load_address>
         <run_address>0x74a</run_address>
         <size>0xb7</size>
         <input_file_ref idref="fl-8"/>
      </object_component>
      <object_component id="oc-e1">
         <name>.debug_line</name>
         <load_address>0x801</load_address>
         <run_address>0x801</run_address>
         <size>0x61</size>
         <input_file_ref idref="fl-7"/>
      </object_component>
      <object_component id="oc-e6">
         <name>.debug_line</name>
         <load_address>0x862</load_address>
         <run_address>0x862</run_address>
         <size>0x49</size>
         <input_file_ref idref="fl-6"/>
      </object_component>
      <object_component id="oc-eb">
         <name>.debug_line</name>
         <load_address>0x8ab</load_address>
         <run_address>0x8ab</run_address>
         <size>0x62</size>
         <input_file_ref idref="fl-4"/>
      </object_component>
      <object_component id="oc-f0">
         <name>.debug_line</name>
         <load_address>0x90d</load_address>
         <run_address>0x90d</run_address>
         <size>0x45</size>
         <input_file_ref idref="fl-6"/>
      </object_component>
      <object_component id="oc-f7">
         <name>.debug_line</name>
         <load_address>0x952</load_address>
         <run_address>0x952</run_address>
         <size>0x5f</size>
         <input_file_ref idref="fl-3"/>
      </object_component>
      <object_component id="oc-fc">
         <name>.debug_line</name>
         <load_address>0x9b1</load_address>
         <run_address>0x9b1</run_address>
         <size>0x6b</size>
         <input_file_ref idref="fl-3"/>
      </object_component>
      <object_component id="oc-102">
         <name>.debug_line</name>
         <load_address>0xa1c</load_address>
         <run_address>0xa1c</run_address>
         <size>0x41</size>
         <input_file_ref idref="fl-36"/>
      </object_component>
      <object_component id="oc-106">
         <name>.debug_line</name>
         <load_address>0xa5d</load_address>
         <run_address>0xa5d</run_address>
         <size>0x48</size>
         <input_file_ref idref="fl-34"/>
      </object_component>
      <object_component id="oc-10a">
         <name>.debug_line</name>
         <load_address>0xaa5</load_address>
         <run_address>0xaa5</run_address>
         <size>0x69</size>
         <input_file_ref idref="fl-3"/>
      </object_component>
      <object_component id="oc-10f">
         <name>.debug_line</name>
         <load_address>0xb0e</load_address>
         <run_address>0xb0e</run_address>
         <size>0x58</size>
         <input_file_ref idref="fl-9"/>
      </object_component>
      <object_component id="oc-114">
         <name>.debug_line</name>
         <load_address>0xb66</load_address>
         <run_address>0xb66</run_address>
         <size>0xe2</size>
         <input_file_ref idref="fl-3"/>
      </object_component>
      <object_component id="oc-119">
         <name>.debug_line</name>
         <load_address>0xc48</load_address>
         <run_address>0xc48</run_address>
         <size>0xf3</size>
         <input_file_ref idref="fl-3"/>
      </object_component>
      <object_component id="oc-11e">
         <name>.debug_line</name>
         <load_address>0xd3b</load_address>
         <run_address>0xd3b</run_address>
         <size>0x4f</size>
         <input_file_ref idref="fl-6"/>
      </object_component>
      <object_component id="oc-123">
         <name>.debug_line</name>
         <load_address>0xd8a</load_address>
         <run_address>0xd8a</run_address>
         <size>0x4b</size>
         <input_file_ref idref="fl-6"/>
      </object_component>
      <object_component id="oc-128">
         <name>.debug_line</name>
         <load_address>0xdd5</load_address>
         <run_address>0xdd5</run_address>
         <size>0x51</size>
         <input_file_ref idref="fl-3"/>
      </object_component>
      <object_component id="oc-12e">
         <name>.debug_line</name>
         <load_address>0xe26</load_address>
         <run_address>0xe26</run_address>
         <size>0x20</size>
         <input_file_ref idref="fl-2"/>
      </object_component>
      <object_component id="oc-134">
         <name>.debug_line</name>
         <load_address>0xe46</load_address>
         <run_address>0xe46</run_address>
         <size>0x35</size>
         <input_file_ref idref="fl-6"/>
      </object_component>
      <object_component id="oc-13c">
         <name>.debug_line</name>
         <load_address>0xe7b</load_address>
         <run_address>0xe7b</run_address>
         <size>0x5a</size>
         <input_file_ref idref="fl-27"/>
      </object_component>
      <object_component id="oc-141">
         <name>.debug_line</name>
         <load_address>0xed5</load_address>
         <run_address>0xed5</run_address>
         <size>0x5a</size>
         <input_file_ref idref="fl-26"/>
      </object_component>
      <object_component id="oc-148">
         <name>.debug_line</name>
         <load_address>0xf2f</load_address>
         <run_address>0xf2f</run_address>
         <size>0x20</size>
         <input_file_ref idref="fl-27"/>
      </object_component>
      <object_component id="oc-14f">
         <name>.debug_line</name>
         <load_address>0xf4f</load_address>
         <run_address>0xf4f</run_address>
         <size>0x20</size>
         <input_file_ref idref="fl-31"/>
      </object_component>
      <object_component id="oc-157">
         <name>.debug_line</name>
         <load_address>0xf6f</load_address>
         <run_address>0xf6f</run_address>
         <size>0x20</size>
         <input_file_ref idref="fl-4"/>
      </object_component>
      <object_component id="oc-15c">
         <name>.debug_line</name>
         <load_address>0xf8f</load_address>
         <run_address>0xf8f</run_address>
         <size>0x69</size>
         <input_file_ref idref="fl-8"/>
      </object_component>
      <object_component id="oc-161">
         <name>.debug_line</name>
         <load_address>0xff8</load_address>
         <run_address>0xff8</run_address>
         <size>0x69</size>
         <input_file_ref idref="fl-8"/>
      </object_component>
      <object_component id="oc-167">
         <name>.debug_line</name>
         <load_address>0x1061</load_address>
         <run_address>0x1061</run_address>
         <size>0x5f</size>
         <input_file_ref idref="fl-8"/>
      </object_component>
      <object_component id="oc-16c">
         <name>.debug_line</name>
         <load_address>0x10c0</load_address>
         <run_address>0x10c0</run_address>
         <size>0x81</size>
         <input_file_ref idref="fl-8"/>
      </object_component>
      <object_component id="oc-173">
         <name>.debug_line</name>
         <load_address>0x1141</load_address>
         <run_address>0x1141</run_address>
         <size>0x7f</size>
         <input_file_ref idref="fl-4"/>
      </object_component>
      <object_component id="oc-179">
         <name>.debug_line</name>
[...]
      </symbol>
      <symbol id="sm-310">
         <name>__STACK_END</name>
         <value>0x4400</value>
      </symbol>
      <symbol id="sm-311">
         <name>__c_args__</name>
         <value>0xffffffff</value>
      </symbol>
      <symbol id="sm-44d">
         <name>get_fattime</name>
         <value>0x71f6</value>
         <object_component_ref idref="oc-1c1"/>
      </symbol>
      <symbol id="sm-44e">
         <name>disk_status</name>
         <value>0x70a8</value>
         <object_component_ref idref="oc-231"/>
      </symbol>
      <symbol id="sm-44f">
         <name>INS</name>
         <value>0x2994</value>
         <object_component_ref idref="oc-2a6"/>
      </symbol>
      <symbol id="sm-450">
         <name>disk_read</name>
         <value>0x63fe</value>
         <object_component_ref idref="oc-1e3"/>
      </symbol>
      <symbol id="sm-451">
         <name>disk_initialize</name>
         <value>0x5738</value>
         <object_component_ref idref="oc-236"/>
      </symbol>
      <symbol id="sm-452">
         <name>disk_ioctl</name>
         <value>0x5bda</value>
         <object_component_ref idref="oc-2eb"/>
      </symbol>
      <symbol id="sm-453">
         <name>disk_write</name>
         <value>0x5f54</value>
         <object_component_ref idref="oc-27c"/>
      </symbol>
      <symbol id="sm-729">
         <name>f_read</name>
         <value>0x50ca</value>
         <object_component_ref idref="oc-117"/>
      </symbol>
      <symbol id="sm-72a">
         <name>f_sync</name>
         <value>0x6226</value>
         <object_component_ref idref="oc-1ff"/>
      </symbol>
      <symbol id="sm-72b">
         <name>clust2sect</name>
         <value>0x6cf2</value>
         <object_component_ref idref="oc-1de"/>
      </symbol>
      <symbol id="sm-72c">
         <name>put_fat</name>
         <value>0x52c2</value>
         <object_component_ref idref="oc-276"/>
      </symbol>
      <symbol id="sm-72d">
         <name>f_opendir</name>
         <value>0x617e</value>
         <object_component_ref idref="oc-fa"/>
      </symbol>
      <symbol id="sm-72e">
         <name>f_close</name>
         <value>0x7142</value>
         <object_component_ref idref="oc-126"/>
      </symbol>
      <symbol id="sm-72f">
         <name>f_open</name>
         <value>0x4ea0</value>
         <object_component_ref idref="oc-112"/>
      </symbol>
      <symbol id="sm-730">
         <name>f_mount</name>
         <value>0x6ece</value>
         <object_component_ref idref="oc-f5"/>
      </symbol>
      <symbol id="sm-731">
         <name>f_readdir</name>
         <value>0x67e8</value>
         <object_component_ref idref="oc-108"/>
      </symbol>
      <symbol id="sm-732">
         <name>get_fat</name>
         <value>0x5882</value>
         <object_component_ref idref="oc-1d9"/>
      </symbol>
      <symbol id="sm-7b7">
         <name>SDCard_sendFrame</name>
         <value>0x6f66</value>
         <object_component_ref idref="oc-309"/>
      </symbol>
      <symbol id="sm-7b8">
         <name>SDCard_init</name>
         <value>0x6c26</value>
         <object_component_ref idref="oc-e9"/>
      </symbol>
      <symbol id="sm-7b9">
         <name>SPI_WriteByte</name>
         <value>0x6fe8</value>
         <object_component_ref idref="oc-218"/>
      </symbol>
      <symbol id="sm-7ba">
         <name>sd_reset</name>
         <value>0x670c</value>
         <object_component_ref idref="oc-171"/>
      </symbol>
      <symbol id="sm-7bb">
         <name>SDCard_readFrame</name>
         <value>0x6e98</value>
         <object_component_ref idref="oc-2f4"/>
      </symbol>
      <symbol id="sm-7bc">
         <name>SDCard_setCSHigh</name>
         <value>0x7214</value>
         <object_component_ref idref="oc-2a9"/>
      </symbol>
      <symbol id="sm-7bd">
         <name>SDCard_setCSLow</name>
         <value>0x721a</value>
         <object_component_ref idref="oc-303"/>
      </symbol>
      <symbol id="sm-7be">
         <name>SD_SendCommand1</name>
         <value>0x69cc</value>
         <object_component_ref idref="oc-222"/>
      </symbol>
      <symbol id="sm-7bf">
         <name>SDCard_fastMode</name>
         <value>0x7180</value>
         <object_component_ref idref="oc-2b3"/>
      </symbol>
      <symbol id="sm-7c0">
         <name>SD_SendCommand</name>
         <value>0x6970</value>
         <object_component_ref idref="oc-21d"/>
      </symbol>
      <symbol id="sm-8a9">
         <name>DACValue</name>
         <value>0x6f02</value>
         <object_component_ref idref="oc-121"/>
      </symbol>
      <symbol id="sm-8aa">
         <name>buffer</name>
         <value>0x2406</value>
         <object_component_ref idref="oc-f3"/>
      </symbol>
      <symbol id="sm-8ab">
         <name>waitack</name>
         <value>0x720a</value>
         <object_component_ref idref="oc-1f9"/>
      </symbol>
      <symbol id="sm-8ac">
         <name>fatfs</name>
         <value>0x2608</value>
         <object_component_ref idref="oc-f3"/>
      </symbol>
      <symbol id="sm-8ad">
         <name>fbuf</name>
         <value>0x288c</value>
         <object_component_ref idref="oc-f3"/>
      </symbol>
      <symbol id="sm-8ae">
         <name>dir</name>
         <value>0x2836</value>
         <object_component_ref idref="oc-f3"/>
      </symbol>
      <symbol id="sm-8af">
         <name>ScanKey</name>
         <value>0x6782</value>
         <object_component_ref idref="oc-af"/>
      </symbol>
      <symbol id="sm-8b0">
         <name>start</name>
         <value>0x71e8</value>
         <object_component_ref idref="oc-1ef"/>
      </symbol>
      <symbol id="sm-8b1">
         <name>rc</name>
         <value>0x2606</value>
         <object_component_ref idref="oc-f3"/>
      </symbol>
      <symbol id="sm-8b2">
         <name>TimeInit</name>
         <value>0x7158</value>
         <object_component_ref idref="oc-ee"/>
      </symbol>
      <symbol id="sm-8b3">
         <name>fno</name>
         <value>0x2852</value>
         <object_component_ref idref="oc-f3"/>
      </symbol>
      <symbol id="sm-8b4">
         <name>main</name>
         <value>0x4be6</value>
         <object_component_ref idref="oc-8a"/>
      </symbol>
      <symbol id="sm-8b5">
         <name>KeyFlag</name>
         <value>0x2402</value>
         <object_component_ref idref="oc-f3"/>
      </symbol>
      <symbol id="sm-8b6">
         <name>fil</name>
         <value>0x2868</value>
         <object_component_ref idref="oc-f3"/>
      </symbol>
      <symbol id="sm-8b7">
         <name>delay1</name>
         <value>0x712c</value>
         <object_component_ref idref="oc-11c"/>
      </symbol>
      <symbol id="sm-8b8">
         <name>ADInit</name>
         <value>0x703c</value>
         <object_component_ref idref="oc-e4"/>
      </symbol>
      <symbol id="sm-8b9">
         <name>initClock</name>
         <value>0x684c</value>
         <object_component_ref idref="oc-cb"/>
      </symbol>
      <symbol id="sm-8ba">
         <name>IOInit</name>
         <value>0x6694</value>
         <object_component_ref idref="oc-d0"/>
      </symbol>
      <symbol id="sm-8bb">
         <name>Timer_A</name>
         <value>0x441a</value>
         <object_component_ref idref="oc-7a"/>
      </symbol>
      <symbol id="sm-8bc">
         <name>br</name>
         <value>0x2400</value>
         <object_component_ref idref="oc-f3"/>
      </symbol>
      <symbol id="sm-8bd">
         <name>senddata</name>
         <value>0x6f34</value>
         <object_component_ref idref="oc-1f4"/>
      </symbol>
      <symbol id="sm-8cf">
         <name>ILI9163B_display_full</name>
         <value>0x6fbe</value>
         <object_component_ref idref="oc-df"/>
      </symbol>
      <symbol id="sm-92c">
         <name>ILI9163B_write_para8</name>
         <value>0x6cb2</value>
         <object_component_ref idref="oc-15f"/>
      </symbol>
      <symbol id="sm-92d">
         <name>ILI9163B_SetPos</name>
         <value>0x6b30</value>
         <object_component_ref idref="oc-266"/>
      </symbol>
      <symbol id="sm-92e">
         <name>ILI9163B_write_command</name>
         <value>0x6c72</value>
         <object_component_ref idref="oc-15a"/>
      </symbol>
      <symbol id="sm-92f">
         <name>ILI9163B_write_para16</name>
         <value>0x6516</value>
         <object_component_ref idref="oc-16a"/>
      </symbol>
      <symbol id="sm-930">
         <name>ILI9163B_address_rst</name>
         <value>0x6bd8</value>
         <object_component_ref idref="oc-165"/>
      </symbol>
      <symbol id="sm-931">
         <name>delay</name>
         <value>0x71c8</value>
         <object_component_ref idref="oc-d5"/>
      </symbol>
      <symbol id="sm-932">
         <name>ILI9163B_init</name>
         <value>0x48da</value>
         <object_component_ref idref="oc-da"/>
      </symbol>
      <symbol id="sm-95f">
         <name>LCD_printc16</name>
         <value>0x6598</value>
         <object_component_ref idref="oc-1b5"/>
      </symbol>
      <symbol id="sm-960">
         <name>Font_code16</name>
         <value>0x723a</value>
         <object_component_ref idref="oc-26f"/>
      </symbol>
      <symbol id="sm-961">
         <name>LCD_prints16</name>
         <value>0x6e26</value>
         <object_component_ref idref="oc-10d"/>
      </symbol>
      <symbol id="sm-974">
         <name>_c_int00_noexit</name>
         <value>0x4400</value>
         <object_component_ref idref="oc-69"/>
      </symbol>
      <symbol id="sm-975">
         <name>_c_int00</name>
         <value>0x4400</value>
         <object_component_ref idref="oc-69"/>
      </symbol>
      <symbol id="sm-976">
         <name>_stack</name>
         <value>0x4360</value>
         <object_component_ref idref="oc-80"/>
      </symbol>
      <symbol id="sm-977">
         <name>_reset_vector</name>
         <value>0xfffe</value>
         <object_component_ref idref="oc-6a"/>
      </symbol>
      <symbol id="sm-98b">
         <name>__TI_decompress_none</name>
         <value>0x7116</value>
         <object_component_ref idref="oc-6e"/>
      </symbol>
      <symbol id="sm-9b3">
         <name>__TI_decompress_rle24</name>
         <value>0x7220</value>
         <object_component_ref idref="oc-76"/>
      </symbol>
      <symbol id="sm-9c4">
         <name>__TI_zero_init</name>
         <value>0x7062</value>
         <object_component_ref idref="oc-72"/>
      </symbol>
      <symbol id="sm-9d4">
         <name>__mspabi_remul</name>
         <value>0x6a80</value>
         <object_component_ref idref="oc-240"/>
      </symbol>
      <symbol id="sm-9d5">
         <name>__mspabi_divul</name>
         <value>0x6a80</value>
         <object_component_ref idref="oc-240"/>
      </symbol>
      <symbol id="sm-9dd">
         <name>C$$EXIT</name>
         <value>0x7236</value>
         <object_component_ref idref="oc-8f"/>
      </symbol>
      <symbol id="sm-9de">
         <name>abort</name>
         <value>0x7236</value>
         <object_component_ref idref="oc-8f"/>
      </symbol>
      <symbol id="sm-9e6">
         <name>__mspabi_slli</name>
         <value>0x7200</value>
         <object_component_ref idref="oc-26b"/>
      </symbol>
      <symbol id="sm-9f4">
         <name>__mspabi_slll_9</name>
         <value>0x6d86</value>
         <object_component_ref idref="oc-1d0"/>
      </symbol>
      <symbol id="sm-9f5">
         <name>__mspabi_slll_8</name>
         <value>0x6d8a</value>
         <object_component_ref idref="oc-1d0"/>
      </symbol>
      <symbol id="sm-9f6">
         <name>__mspabi_slll_7</name>
         <value>0x6d8e</value>
         <object_component_ref idref="oc-1d0"/>
      </symbol>
      <symbol id="sm-9f7">
         <name>__mspabi_slll_6</name>
         <value>0x6d92</value>
         <object_component_ref idref="oc-1d0"/>
      </symbol>
      <symbol id="sm-9f8">
         <name>__mspabi_slll_5</name>
         <value>0x6d96</value>
         <object_component_ref idref="oc-1d0"/>
      </symbol>
      <symbol id="sm-9f9">
         <name>__mspabi_slll_4</name>
         <value>0x6d9a</value>
         <object_component_ref idref="oc-1d0"/>
      </symbol>
      <symbol id="sm-9fa">
         <name>__mspabi_slll_3</name>
         <value>0x6d9e</value>
         <object_component_ref idref="oc-1d0"/>
      </symbol>
      <symbol id="sm-9fb">
         <name>__mspabi_slll_2</name>
         <value>0x6da2</value>
         <object_component_ref idref="oc-1d0"/>
      </symbol>
      <symbol id="sm-9fc">
         <name>__mspabi_slll_1</name>
         <value>0x6da6</value>
         <object_component_ref idref="oc-1d0"/>
      </symbol>
      <symbol id="sm-9fd">
         <name>__mspabi_slll</name>
         <value>0x71d8</value>
         <object_component_ref idref="oc-30f"/>
      </symbol>
      <symbol id="sm-9fe">
         <name>__mspabi_slll_15</name>
         <value>0x6d6e</value>
         <object_component_ref idref="oc-1d0"/>
      </symbol>
      <symbol id="sm-9ff">
         <name>__mspabi_slll_14</name>
         <value>0x6d72</value>
         <object_component_ref idref="oc-1d0"/>
      </symbol>
      <symbol id="sm-a00">
         <name>__mspabi_slll_13</name>
         <value>0x6d76</value>
         <object_component_ref idref="oc-1d0"/>
      </symbol>
      <symbol id="sm-a01">
         <name>__mspabi_slll_12</name>
         <value>0x6d7a</value>
         <object_component_ref idref="oc-1d0"/>
      </symbol>
      <symbol id="sm-a02">
         <name>__mspabi_slll_11</name>
         <value>0x6d7e</value>
         <object_component_ref idref="oc-1d0"/>
      </symbol>
      <symbol id="sm-a03">
         <name>__mspabi_slll_10</name>
         <value>0x6d82</value>
         <object_component_ref idref="oc-1d0"/>
      </symbol>
      <symbol id="sm-a0a">
         <name>__mspabi_srll_8</name>
         <value>0x6dc8</value>
         <object_component_ref idref="oc-1d5"/>
      </symbol>
      <symbol id="sm-a0b">
         <name>__mspabi_srll_9</name>
         <value>0x6dc4</value>
         <object_component_ref idref="oc-1d5"/>
      </symbol>
      <symbol id="sm-a0c">
         <name>__mspabi_srll_6</name>
         <value>0x6dd0</value>
         <object_component_ref idref="oc-1d5"/>
      </symbol>
      <symbol id="sm-a0d">
         <name>__mspabi_srll_7</name>
         <value>0x6dcc</value>
         <object_component_ref idref="oc-1d5"/>
      </symbol>
      <symbol id="sm-a0e">
         <name>__mspabi_srll_4</name>
         <value>0x6dd8</value>
         <object_component_ref idref="oc-1d5"/>
      </symbol>
      <symbol id="sm-a0f">
         <name>__mspabi_srll_5</name>
         <value>0x6dd4</value>
         <object_component_ref idref="oc-1d5"/>
      </symbol>
      <symbol id="sm-a10">
         <name>__mspabi_srll_2</name>
         <value>0x6de0</value>
         <object_component_ref idref="oc-1d5"/>
      </symbol>
      <symbol id="sm-a11">
         <name>__mspabi_srll_3</name>
         <value>0x6ddc</value>
         <object_component_ref idref="oc-1d5"/>
      </symbol>
      <symbol id="sm-a12">
         <name>__mspabi_srll_1</name>
         <value>0x6de4</value>
         <object_component_ref idref="oc-1d5"/>
      </symbol>
      <symbol id="sm-a13">
         <name>__mspabi_srll_15</name>
         <value>0x6dac</value>
         <object_component_ref idref="oc-1d5"/>
      </symbol>
      <symbol id="sm-a14">
         <name>__mspabi_srll_14</name>
         <value>0x6db0</value>
         <object_component_ref idref="oc-1d5"/>
      </symbol>
      <symbol id="sm-a15">
         <name>__mspabi_srll_13</name>
         <value>0x6db4</value>
         <object_component_ref idref="oc-1d5"/>
      </symbol>
      <symbol id="sm-a16">
         <name>__mspabi_srll_12</name>
         <value>0x6db8</value>
         <object_component_ref idref="oc-1d5"/>
      </symbol>
      <symbol id="sm-a17">
         <name>__mspabi_srll_11</name>
         <value>0x6dbc</value>
         <object_component_ref idref="oc-1d5"/>
      </symbol>
      <symbol id="sm-a18">
         <name>__mspabi_srll_10</name>
         <value>0x6dc0</value>
         <object_component_ref idref="oc-1d5"/>
      </symbol>
      <symbol id="sm-a2a">
         <name>memcpy</name>
         <value>0x7012</value>
         <object_component_ref idref="oc-94"/>
      </symbol>
      <symbol id="sm-a37">
         <name>memset</name>
         <value>0x70c8</value>
         <object_component_ref idref="oc-c7"/>
      </symbol>
      <symbol id="sm-a3f">
         <name>__mspabi_mpyl_f5hw</name>
         <value>0x7086</value>
         <object_component_ref idref="oc-104"/>
      </symbol>
      <symbol id="sm-a46">
         <name>_system_pre_init</name>
         <value>0x7232</value>
         <object_component_ref idref="oc-82"/>
      </symbol>
      <symbol id="sm-a5c">
         <name>strstr</name>
         <value>0x6dea</value>
         <object_component_ref idref="oc-100"/>
      </symbol>
      <symbol id="sm-a6a">
         <name>_auto_init</name>
         <value>0x6616</value>
         <object_component_ref idref="oc-86"/>
      </symbol>
      <symbol id="sm-a71">
         <name>__mspabi_sral_15</name>
         <value>0x6d30</value>
         <object_component_ref idref="oc-c2"/>
      </symbol>
      <symbol id="sm-a72">
         <name>__mspabi_sral_14</name>
         <value>0x6d34</value>
         <object_component_ref idref="oc-c2"/>
      </symbol>
      <symbol id="sm-a73">
         <name>__mspabi_sral_13</name>
         <value>0x6d38</value>
         <object_component_ref idref="oc-c2"/>
      </symbol>
      <symbol id="sm-a74">
         <name>__mspabi_sral_12</name>
         <value>0x6d3c</value>
         <object_component_ref idref="oc-c2"/>
      </symbol>
      <symbol id="sm-a75">
         <name>__mspabi_sral_11</name>
         <value>0x6d40</value>
         <object_component_ref idref="oc-c2"/>
      </symbol>
      <symbol id="sm-a76">
         <name>__mspabi_sral_10</name>
         <value>0x6d44</value>
         <object_component_ref idref="oc-c2"/>
      </symbol>
      <symbol id="sm-a77">
         <name>__mspabi_sral_8</name>
         <value>0x6d4c</value>
         <object_component_ref idref="oc-c2"/>
      </symbol>
      <symbol id="sm-a78">
         <name>__mspabi_sral_9</name>
         <value>0x6d48</value>
         <object_component_ref idref="oc-c2"/>
      </symbol>
      <symbol id="sm-a79">
         <name>__mspabi_sral_6</name>
         <value>0x6d54</value>
         <object_component_ref idref="oc-c2"/>
      </symbol>
      <symbol id="sm-a7a">
         <name>__mspabi_sral_7</name>
         <value>0x6d50</value>
         <object_component_ref idref="oc-c2"/>
      </symbol>
      <symbol id="sm-a7b">
         <name>__mspabi_sral_4</name>
         <value>0x6d5c</value>
         <object_component_ref idref="oc-c2"/>
      </symbol>
      <symbol id="sm-a7c">
         <name>__mspabi_sral_5</name>
         <value>0x6d58</value>
         <object_component_ref idref="oc-c2"/>
      </symbol>
      <symbol id="sm-a7d">
         <name>__mspabi_sral_2</name>
         <value>0x6d64</value>
         <object_component_ref idref="oc-c2"/>
      </symbol>
      <symbol id="sm-a7e">
         <name>__mspabi_sral_3</name>
         <value>0x6d60</value>
         <object_component_ref idref="oc-c2"/>
      </symbol>
      <symbol id="sm-a7f">
         <name>__mspabi_sral_1</name>
         <value>0x6d68</value>
         <object_component_ref idref="oc-c2"/>
      </symbol>
      <symbol id="sm-a80">
         <name>__TI_exit</name>
         <value>0x1</value>
      </symbol>
      <symbol id="sm-a81">
         <name>__TI_args_main</name>
         <value>0x1</value>
      </symbol>
      <symbol id="sm-a82">
         <name>__TI_INITARRAY_Base</name>
         <value>0x0</value>
      </symbol>
      <symbol id="sm-a83">
         <name>__TI_INITARRAY_Limit</name>
         <value>0x0</value>
      </symbol>
   </symbol_table>
</link_info>
